
*** Running vivado
    with args -log test.vds -m64 -product Vivado -mode batch -messageDb vivado.pb -notrace -source test.tcl


****** Vivado v2019.2 (64-bit)
  **** SW Build 2708876 on Wed Nov  6 21:40:23 MST 2019
  **** IP Build 2700528 on Thu Nov  7 00:09:20 MST 2019
    ** Copyright 1986-2019 Xilinx, Inc. All Rights Reserved.

source test.tcl -notrace
Command: synth_design -top test -part xc7k160tfbg676-2
Starting synth_design
Attempting to get a license for feature 'Synthesis' and/or device 'xc7k160t'
INFO: [Common 17-349] Got license for feature 'Synthesis' and/or device 'xc7k160t'
INFO: [Device 21-403] Loading part xc7k160tfbg676-2
INFO: Launching helper process for spawning children vivado processes
INFO: Helper process launched with PID 25308 
---------------------------------------------------------------------------------
Starting RTL Elaboration : Time (s): cpu = 00:00:01 ; elapsed = 00:00:04 . Memory (MB): peak = 863.305 ; gain = 234.645
---------------------------------------------------------------------------------
INFO: [Synth 8-638] synthesizing module 'test' [C:/Users/akyna/Codes/vivado/uctl/uctl/uctl.srcs/sources_1/new/test.vhd:42]
INFO: [Synth 8-3491] module 'state' declared at 'C:/Users/akyna/Codes/vivado/uctl/uctl/uctl.srcs/sources_1/imports/project/rn/rn.srcs/sources_1/imports/new/state.vhd:35' bound to instance 'u1' of component 'state' [C:/Users/akyna/Codes/vivado/uctl/uctl/uctl.srcs/sources_1/new/test.vhd:59]
INFO: [Synth 8-638] synthesizing module 'state' [C:/Users/akyna/Codes/vivado/uctl/uctl/uctl.srcs/sources_1/imports/project/rn/rn.srcs/sources_1/imports/new/state.vhd:43]
INFO: [Synth 8-3491] module 'data2seg' declared at 'C:/Users/akyna/Codes/vivado/uctl/uctl/uctl.srcs/sources_1/imports/project/rn/rn.srcs/sources_1/imports/project/ir/ir.srcs/sources_1/imports/new/data2seg.vhd:34' bound to instance 'u' of component 'data2seg' [C:/Users/akyna/Codes/vivado/uctl/uctl/uctl.srcs/sources_1/imports/project/rn/rn.srcs/sources_1/imports/new/state.vhd:57]
INFO: [Synth 8-638] synthesizing module 'data2seg' [C:/Users/akyna/Codes/vivado/uctl/uctl/uctl.srcs/sources_1/imports/project/rn/rn.srcs/sources_1/imports/project/ir/ir.srcs/sources_1/imports/new/data2seg.vhd:39]
INFO: [Synth 8-256] done synthesizing module 'data2seg' (1#1) [C:/Users/akyna/Codes/vivado/uctl/uctl/uctl.srcs/sources_1/imports/project/rn/rn.srcs/sources_1/imports/project/ir/ir.srcs/sources_1/imports/new/data2seg.vhd:39]
WARNING: [Synth 8-614] signal 'key_in' is read in the process but is not in the sensitivity list [C:/Users/akyna/Codes/vivado/uctl/uctl/uctl.srcs/sources_1/imports/project/rn/rn.srcs/sources_1/imports/new/state.vhd:81]
WARNING: [Synth 8-614] signal 'showw' is read in the process but is not in the sensitivity list [C:/Users/akyna/Codes/vivado/uctl/uctl/uctl.srcs/sources_1/imports/project/rn/rn.srcs/sources_1/imports/new/state.vhd:81]
INFO: [Synth 8-256] done synthesizing module 'state' (2#1) [C:/Users/akyna/Codes/vivado/uctl/uctl/uctl.srcs/sources_1/imports/project/rn/rn.srcs/sources_1/imports/new/state.vhd:43]
INFO: [Synth 8-3491] module 'micro_controller' declared at 'C:/Users/akyna/Codes/vivado/uctl/uctl/uctl.srcs/sources_1/imports/project/CPU/CPU.srcs/sources_1/new/micro_controller.vhd:34' bound to instance 'u2' of component 'micro_controller' [C:/Users/akyna/Codes/vivado/uctl/uctl/uctl.srcs/sources_1/new/test.vhd:60]
INFO: [Synth 8-638] synthesizing module 'micro_controller' [C:/Users/akyna/Codes/vivado/uctl/uctl/uctl.srcs/sources_1/imports/project/CPU/CPU.srcs/sources_1/new/micro_controller.vhd:42]
INFO: [Synth 8-3491] module 'cmrom' declared at 'C:/Users/akyna/Codes/vivado/uctl/uctl/uctl.srcs/sources_1/imports/project/CPU/CPU.srcs/sources_1/new/cmrom.vhd:36' bound to instance 'cm1' of component 'cmrom' [C:/Users/akyna/Codes/vivado/uctl/uctl/uctl.srcs/sources_1/imports/project/CPU/CPU.srcs/sources_1/new/micro_controller.vhd:55]
INFO: [Synth 8-638] synthesizing module 'cmrom' [C:/Users/akyna/Codes/vivado/uctl/uctl/uctl.srcs/sources_1/imports/project/CPU/CPU.srcs/sources_1/new/cmrom.vhd:42]
WARNING: [Synth 8-3848] Net rom[4] in module/entity cmrom does not have driver. [C:/Users/akyna/Codes/vivado/uctl/uctl/uctl.srcs/sources_1/imports/project/CPU/CPU.srcs/sources_1/new/cmrom.vhd:44]
WARNING: [Synth 8-3848] Net rom[5] in module/entity cmrom does not have driver. [C:/Users/akyna/Codes/vivado/uctl/uctl/uctl.srcs/sources_1/imports/project/CPU/CPU.srcs/sources_1/new/cmrom.vhd:44]
WARNING: [Synth 8-3848] Net rom[6] in module/entity cmrom does not have driver. [C:/Users/akyna/Codes/vivado/uctl/uctl/uctl.srcs/sources_1/imports/project/CPU/CPU.srcs/sources_1/new/cmrom.vhd:44]
WARNING: [Synth 8-3848] Net rom[7] in module/entity cmrom does not have driver. [C:/Users/akyna/Codes/vivado/uctl/uctl/uctl.srcs/sources_1/imports/project/CPU/CPU.srcs/sources_1/new/cmrom.vhd:44]
WARNING: [Synth 8-3848] Net rom[8] in module/entity cmrom does not have driver. [C:/Users/akyna/Codes/vivado/uctl/uctl/uctl.srcs/sources_1/imports/project/CPU/CPU.srcs/sources_1/new/cmrom.vhd:44]
WARNING: [Synth 8-3848] Net rom[9] in module/entity cmrom does not have driver. [C:/Users/akyna/Codes/vivado/uctl/uctl/uctl.srcs/sources_1/imports/project/CPU/CPU.srcs/sources_1/new/cmrom.vhd:44]
WARNING: [Synth 8-3848] Net rom[10] in module/entity cmrom does not have driver. [C:/Users/akyna/Codes/vivado/uctl/uctl/uctl.srcs/sources_1/imports/project/CPU/CPU.srcs/sources_1/new/cmrom.vhd:44]
WARNING: [Synth 8-3848] Net rom[11] in module/entity cmrom does not have driver. [C:/Users/akyna/Codes/vivado/uctl/uctl/uctl.srcs/sources_1/imports/project/CPU/CPU.srcs/sources_1/new/cmrom.vhd:44]
WARNING: [Synth 8-3848] Net rom[12] in module/entity cmrom does not have driver. [C:/Users/akyna/Codes/vivado/uctl/uctl/uctl.srcs/sources_1/imports/project/CPU/CPU.srcs/sources_1/new/cmrom.vhd:44]
WARNING: [Synth 8-3848] Net rom[13] in module/entity cmrom does not have driver. [C:/Users/akyna/Codes/vivado/uctl/uctl/uctl.srcs/sources_1/imports/project/CPU/CPU.srcs/sources_1/new/cmrom.vhd:44]
WARNING: [Synth 8-3848] Net rom[14] in module/entity cmrom does not have driver. [C:/Users/akyna/Codes/vivado/uctl/uctl/uctl.srcs/sources_1/imports/project/CPU/CPU.srcs/sources_1/new/cmrom.vhd:44]
WARNING: [Synth 8-3848] Net rom[15] in module/entity cmrom does not have driver. [C:/Users/akyna/Codes/vivado/uctl/uctl/uctl.srcs/sources_1/imports/project/CPU/CPU.srcs/sources_1/new/cmrom.vhd:44]
WARNING: [Synth 8-3848] Net rom[16] in module/entity cmrom does not have driver. [C:/Users/akyna/Codes/vivado/uctl/uctl/uctl.srcs/sources_1/imports/project/CPU/CPU.srcs/sources_1/new/cmrom.vhd:44]
WARNING: [Synth 8-3848] Net rom[17] in module/entity cmrom does not have driver. [C:/Users/akyna/Codes/vivado/uctl/uctl/uctl.srcs/sources_1/imports/project/CPU/CPU.srcs/sources_1/new/cmrom.vhd:44]
WARNING: [Synth 8-3848] Net rom[18] in module/entity cmrom does not have driver. [C:/Users/akyna/Codes/vivado/uctl/uctl/uctl.srcs/sources_1/imports/project/CPU/CPU.srcs/sources_1/new/cmrom.vhd:44]
WARNING: [Synth 8-3848] Net rom[19] in module/entity cmrom does not have driver. [C:/Users/akyna/Codes/vivado/uctl/uctl/uctl.srcs/sources_1/imports/project/CPU/CPU.srcs/sources_1/new/cmrom.vhd:44]
WARNING: [Synth 8-3848] Net rom[20] in module/entity cmrom does not have driver. [C:/Users/akyna/Codes/vivado/uctl/uctl/uctl.srcs/sources_1/imports/project/CPU/CPU.srcs/sources_1/new/cmrom.vhd:44]
WARNING: [Synth 8-3848] Net rom[21] in module/entity cmrom does not have driver. [C:/Users/akyna/Codes/vivado/uctl/uctl/uctl.srcs/sources_1/imports/project/CPU/CPU.srcs/sources_1/new/cmrom.vhd:44]
WARNING: [Synth 8-3848] Net rom[22] in module/entity cmrom does not have driver. [C:/Users/akyna/Codes/vivado/uctl/uctl/uctl.srcs/sources_1/imports/project/CPU/CPU.srcs/sources_1/new/cmrom.vhd:44]
WARNING: [Synth 8-3848] Net rom[23] in module/entity cmrom does not have driver. [C:/Users/akyna/Codes/vivado/uctl/uctl/uctl.srcs/sources_1/imports/project/CPU/CPU.srcs/sources_1/new/cmrom.vhd:44]
WARNING: [Synth 8-3848] Net rom[24] in module/entity cmrom does not have driver. [C:/Users/akyna/Codes/vivado/uctl/uctl/uctl.srcs/sources_1/imports/project/CPU/CPU.srcs/sources_1/new/cmrom.vhd:44]
WARNING: [Synth 8-3848] Net rom[25] in module/entity cmrom does not have driver. [C:/Users/akyna/Codes/vivado/uctl/uctl/uctl.srcs/sources_1/imports/project/CPU/CPU.srcs/sources_1/new/cmrom.vhd:44]
WARNING: [Synth 8-3848] Net rom[26] in module/entity cmrom does not have driver. [C:/Users/akyna/Codes/vivado/uctl/uctl/uctl.srcs/sources_1/imports/project/CPU/CPU.srcs/sources_1/new/cmrom.vhd:44]
WARNING: [Synth 8-3848] Net rom[27] in module/entity cmrom does not have driver. [C:/Users/akyna/Codes/vivado/uctl/uctl/uctl.srcs/sources_1/imports/project/CPU/CPU.srcs/sources_1/new/cmrom.vhd:44]
WARNING: [Synth 8-3848] Net rom[28] in module/entity cmrom does not have driver. [C:/Users/akyna/Codes/vivado/uctl/uctl/uctl.srcs/sources_1/imports/project/CPU/CPU.srcs/sources_1/new/cmrom.vhd:44]
WARNING: [Synth 8-3848] Net rom[29] in module/entity cmrom does not have driver. [C:/Users/akyna/Codes/vivado/uctl/uctl/uctl.srcs/sources_1/imports/project/CPU/CPU.srcs/sources_1/new/cmrom.vhd:44]
WARNING: [Synth 8-3848] Net rom[30] in module/entity cmrom does not have driver. [C:/Users/akyna/Codes/vivado/uctl/uctl/uctl.srcs/sources_1/imports/project/CPU/CPU.srcs/sources_1/new/cmrom.vhd:44]
WARNING: [Synth 8-3848] Net rom[31] in module/entity cmrom does not have driver. [C:/Users/akyna/Codes/vivado/uctl/uctl/uctl.srcs/sources_1/imports/project/CPU/CPU.srcs/sources_1/new/cmrom.vhd:44]
WARNING: [Synth 8-3848] Net rom[32] in module/entity cmrom does not have driver. [C:/Users/akyna/Codes/vivado/uctl/uctl/uctl.srcs/sources_1/imports/project/CPU/CPU.srcs/sources_1/new/cmrom.vhd:44]
WARNING: [Synth 8-3848] Net rom[33] in module/entity cmrom does not have driver. [C:/Users/akyna/Codes/vivado/uctl/uctl/uctl.srcs/sources_1/imports/project/CPU/CPU.srcs/sources_1/new/cmrom.vhd:44]
WARNING: [Synth 8-3848] Net rom[34] in module/entity cmrom does not have driver. [C:/Users/akyna/Codes/vivado/uctl/uctl/uctl.srcs/sources_1/imports/project/CPU/CPU.srcs/sources_1/new/cmrom.vhd:44]
WARNING: [Synth 8-3848] Net rom[35] in module/entity cmrom does not have driver. [C:/Users/akyna/Codes/vivado/uctl/uctl/uctl.srcs/sources_1/imports/project/CPU/CPU.srcs/sources_1/new/cmrom.vhd:44]
WARNING: [Synth 8-3848] Net rom[36] in module/entity cmrom does not have driver. [C:/Users/akyna/Codes/vivado/uctl/uctl/uctl.srcs/sources_1/imports/project/CPU/CPU.srcs/sources_1/new/cmrom.vhd:44]
WARNING: [Synth 8-3848] Net rom[37] in module/entity cmrom does not have driver. [C:/Users/akyna/Codes/vivado/uctl/uctl/uctl.srcs/sources_1/imports/project/CPU/CPU.srcs/sources_1/new/cmrom.vhd:44]
WARNING: [Synth 8-3848] Net rom[38] in module/entity cmrom does not have driver. [C:/Users/akyna/Codes/vivado/uctl/uctl/uctl.srcs/sources_1/imports/project/CPU/CPU.srcs/sources_1/new/cmrom.vhd:44]
WARNING: [Synth 8-3848] Net rom[39] in module/entity cmrom does not have driver. [C:/Users/akyna/Codes/vivado/uctl/uctl/uctl.srcs/sources_1/imports/project/CPU/CPU.srcs/sources_1/new/cmrom.vhd:44]
WARNING: [Synth 8-3848] Net rom[40] in module/entity cmrom does not have driver. [C:/Users/akyna/Codes/vivado/uctl/uctl/uctl.srcs/sources_1/imports/project/CPU/CPU.srcs/sources_1/new/cmrom.vhd:44]
WARNING: [Synth 8-3848] Net rom[41] in module/entity cmrom does not have driver. [C:/Users/akyna/Codes/vivado/uctl/uctl/uctl.srcs/sources_1/imports/project/CPU/CPU.srcs/sources_1/new/cmrom.vhd:44]
WARNING: [Synth 8-3848] Net rom[42] in module/entity cmrom does not have driver. [C:/Users/akyna/Codes/vivado/uctl/uctl/uctl.srcs/sources_1/imports/project/CPU/CPU.srcs/sources_1/new/cmrom.vhd:44]
WARNING: [Synth 8-3848] Net rom[43] in module/entity cmrom does not have driver. [C:/Users/akyna/Codes/vivado/uctl/uctl/uctl.srcs/sources_1/imports/project/CPU/CPU.srcs/sources_1/new/cmrom.vhd:44]
WARNING: [Synth 8-3848] Net rom[44] in module/entity cmrom does not have driver. [C:/Users/akyna/Codes/vivado/uctl/uctl/uctl.srcs/sources_1/imports/project/CPU/CPU.srcs/sources_1/new/cmrom.vhd:44]
WARNING: [Synth 8-3848] Net rom[45] in module/entity cmrom does not have driver. [C:/Users/akyna/Codes/vivado/uctl/uctl/uctl.srcs/sources_1/imports/project/CPU/CPU.srcs/sources_1/new/cmrom.vhd:44]
WARNING: [Synth 8-3848] Net rom[46] in module/entity cmrom does not have driver. [C:/Users/akyna/Codes/vivado/uctl/uctl/uctl.srcs/sources_1/imports/project/CPU/CPU.srcs/sources_1/new/cmrom.vhd:44]
WARNING: [Synth 8-3848] Net rom[47] in module/entity cmrom does not have driver. [C:/Users/akyna/Codes/vivado/uctl/uctl/uctl.srcs/sources_1/imports/project/CPU/CPU.srcs/sources_1/new/cmrom.vhd:44]
WARNING: [Synth 8-3848] Net rom[48] in module/entity cmrom does not have driver. [C:/Users/akyna/Codes/vivado/uctl/uctl/uctl.srcs/sources_1/imports/project/CPU/CPU.srcs/sources_1/new/cmrom.vhd:44]
WARNING: [Synth 8-3848] Net rom[49] in module/entity cmrom does not have driver. [C:/Users/akyna/Codes/vivado/uctl/uctl/uctl.srcs/sources_1/imports/project/CPU/CPU.srcs/sources_1/new/cmrom.vhd:44]
WARNING: [Synth 8-3848] Net rom[50] in module/entity cmrom does not have driver. [C:/Users/akyna/Codes/vivado/uctl/uctl/uctl.srcs/sources_1/imports/project/CPU/CPU.srcs/sources_1/new/cmrom.vhd:44]
WARNING: [Synth 8-3848] Net rom[51] in module/entity cmrom does not have driver. [C:/Users/akyna/Codes/vivado/uctl/uctl/uctl.srcs/sources_1/imports/project/CPU/CPU.srcs/sources_1/new/cmrom.vhd:44]
WARNING: [Synth 8-3848] Net rom[52] in module/entity cmrom does not have driver. [C:/Users/akyna/Codes/vivado/uctl/uctl/uctl.srcs/sources_1/imports/project/CPU/CPU.srcs/sources_1/new/cmrom.vhd:44]
WARNING: [Synth 8-3848] Net rom[53] in module/entity cmrom does not have driver. [C:/Users/akyna/Codes/vivado/uctl/uctl/uctl.srcs/sources_1/imports/project/CPU/CPU.srcs/sources_1/new/cmrom.vhd:44]
WARNING: [Synth 8-3848] Net rom[54] in module/entity cmrom does not have driver. [C:/Users/akyna/Codes/vivado/uctl/uctl/uctl.srcs/sources_1/imports/project/CPU/CPU.srcs/sources_1/new/cmrom.vhd:44]
WARNING: [Synth 8-3848] Net rom[55] in module/entity cmrom does not have driver. [C:/Users/akyna/Codes/vivado/uctl/uctl/uctl.srcs/sources_1/imports/project/CPU/CPU.srcs/sources_1/new/cmrom.vhd:44]
WARNING: [Synth 8-3848] Net rom[56] in module/entity cmrom does not have driver. [C:/Users/akyna/Codes/vivado/uctl/uctl/uctl.srcs/sources_1/imports/project/CPU/CPU.srcs/sources_1/new/cmrom.vhd:44]
WARNING: [Synth 8-3848] Net rom[57] in module/entity cmrom does not have driver. [C:/Users/akyna/Codes/vivado/uctl/uctl/uctl.srcs/sources_1/imports/project/CPU/CPU.srcs/sources_1/new/cmrom.vhd:44]
WARNING: [Synth 8-3848] Net rom[58] in module/entity cmrom does not have driver. [C:/Users/akyna/Codes/vivado/uctl/uctl/uctl.srcs/sources_1/imports/project/CPU/CPU.srcs/sources_1/new/cmrom.vhd:44]
WARNING: [Synth 8-3848] Net rom[59] in module/entity cmrom does not have driver. [C:/Users/akyna/Codes/vivado/uctl/uctl/uctl.srcs/sources_1/imports/project/CPU/CPU.srcs/sources_1/new/cmrom.vhd:44]
WARNING: [Synth 8-3848] Net rom[60] in module/entity cmrom does not have driver. [C:/Users/akyna/Codes/vivado/uctl/uctl/uctl.srcs/sources_1/imports/project/CPU/CPU.srcs/sources_1/new/cmrom.vhd:44]
WARNING: [Synth 8-3848] Net rom[61] in module/entity cmrom does not have driver. [C:/Users/akyna/Codes/vivado/uctl/uctl/uctl.srcs/sources_1/imports/project/CPU/CPU.srcs/sources_1/new/cmrom.vhd:44]
WARNING: [Synth 8-3848] Net rom[62] in module/entity cmrom does not have driver. [C:/Users/akyna/Codes/vivado/uctl/uctl/uctl.srcs/sources_1/imports/project/CPU/CPU.srcs/sources_1/new/cmrom.vhd:44]
WARNING: [Synth 8-3848] Net rom[63] in module/entity cmrom does not have driver. [C:/Users/akyna/Codes/vivado/uctl/uctl/uctl.srcs/sources_1/imports/project/CPU/CPU.srcs/sources_1/new/cmrom.vhd:44]
WARNING: [Synth 8-3848] Net rom[64] in module/entity cmrom does not have driver. [C:/Users/akyna/Codes/vivado/uctl/uctl/uctl.srcs/sources_1/imports/project/CPU/CPU.srcs/sources_1/new/cmrom.vhd:44]
WARNING: [Synth 8-3848] Net rom[65] in module/entity cmrom does not have driver. [C:/Users/akyna/Codes/vivado/uctl/uctl/uctl.srcs/sources_1/imports/project/CPU/CPU.srcs/sources_1/new/cmrom.vhd:44]
WARNING: [Synth 8-3848] Net rom[66] in module/entity cmrom does not have driver. [C:/Users/akyna/Codes/vivado/uctl/uctl/uctl.srcs/sources_1/imports/project/CPU/CPU.srcs/sources_1/new/cmrom.vhd:44]
WARNING: [Synth 8-3848] Net rom[67] in module/entity cmrom does not have driver. [C:/Users/akyna/Codes/vivado/uctl/uctl/uctl.srcs/sources_1/imports/project/CPU/CPU.srcs/sources_1/new/cmrom.vhd:44]
WARNING: [Synth 8-3848] Net rom[68] in module/entity cmrom does not have driver. [C:/Users/akyna/Codes/vivado/uctl/uctl/uctl.srcs/sources_1/imports/project/CPU/CPU.srcs/sources_1/new/cmrom.vhd:44]
WARNING: [Synth 8-3848] Net rom[69] in module/entity cmrom does not have driver. [C:/Users/akyna/Codes/vivado/uctl/uctl/uctl.srcs/sources_1/imports/project/CPU/CPU.srcs/sources_1/new/cmrom.vhd:44]
WARNING: [Synth 8-3848] Net rom[70] in module/entity cmrom does not have driver. [C:/Users/akyna/Codes/vivado/uctl/uctl/uctl.srcs/sources_1/imports/project/CPU/CPU.srcs/sources_1/new/cmrom.vhd:44]
WARNING: [Synth 8-3848] Net rom[71] in module/entity cmrom does not have driver. [C:/Users/akyna/Codes/vivado/uctl/uctl/uctl.srcs/sources_1/imports/project/CPU/CPU.srcs/sources_1/new/cmrom.vhd:44]
WARNING: [Synth 8-3848] Net rom[72] in module/entity cmrom does not have driver. [C:/Users/akyna/Codes/vivado/uctl/uctl/uctl.srcs/sources_1/imports/project/CPU/CPU.srcs/sources_1/new/cmrom.vhd:44]
WARNING: [Synth 8-3848] Net rom[73] in module/entity cmrom does not have driver. [C:/Users/akyna/Codes/vivado/uctl/uctl/uctl.srcs/sources_1/imports/project/CPU/CPU.srcs/sources_1/new/cmrom.vhd:44]
WARNING: [Synth 8-3848] Net rom[74] in module/entity cmrom does not have driver. [C:/Users/akyna/Codes/vivado/uctl/uctl/uctl.srcs/sources_1/imports/project/CPU/CPU.srcs/sources_1/new/cmrom.vhd:44]
WARNING: [Synth 8-3848] Net rom[75] in module/entity cmrom does not have driver. [C:/Users/akyna/Codes/vivado/uctl/uctl/uctl.srcs/sources_1/imports/project/CPU/CPU.srcs/sources_1/new/cmrom.vhd:44]
WARNING: [Synth 8-3848] Net rom[76] in module/entity cmrom does not have driver. [C:/Users/akyna/Codes/vivado/uctl/uctl/uctl.srcs/sources_1/imports/project/CPU/CPU.srcs/sources_1/new/cmrom.vhd:44]
WARNING: [Synth 8-3848] Net rom[77] in module/entity cmrom does not have driver. [C:/Users/akyna/Codes/vivado/uctl/uctl/uctl.srcs/sources_1/imports/project/CPU/CPU.srcs/sources_1/new/cmrom.vhd:44]
WARNING: [Synth 8-3848] Net rom[78] in module/entity cmrom does not have driver. [C:/Users/akyna/Codes/vivado/uctl/uctl/uctl.srcs/sources_1/imports/project/CPU/CPU.srcs/sources_1/new/cmrom.vhd:44]
WARNING: [Synth 8-3848] Net rom[79] in module/entity cmrom does not have driver. [C:/Users/akyna/Codes/vivado/uctl/uctl/uctl.srcs/sources_1/imports/project/CPU/CPU.srcs/sources_1/new/cmrom.vhd:44]
WARNING: [Synth 8-3848] Net rom[80] in module/entity cmrom does not have driver. [C:/Users/akyna/Codes/vivado/uctl/uctl/uctl.srcs/sources_1/imports/project/CPU/CPU.srcs/sources_1/new/cmrom.vhd:44]
WARNING: [Synth 8-3848] Net rom[81] in module/entity cmrom does not have driver. [C:/Users/akyna/Codes/vivado/uctl/uctl/uctl.srcs/sources_1/imports/project/CPU/CPU.srcs/sources_1/new/cmrom.vhd:44]
WARNING: [Synth 8-3848] Net rom[82] in module/entity cmrom does not have driver. [C:/Users/akyna/Codes/vivado/uctl/uctl/uctl.srcs/sources_1/imports/project/CPU/CPU.srcs/sources_1/new/cmrom.vhd:44]
WARNING: [Synth 8-3848] Net rom[83] in module/entity cmrom does not have driver. [C:/Users/akyna/Codes/vivado/uctl/uctl/uctl.srcs/sources_1/imports/project/CPU/CPU.srcs/sources_1/new/cmrom.vhd:44]
WARNING: [Synth 8-3848] Net rom[84] in module/entity cmrom does not have driver. [C:/Users/akyna/Codes/vivado/uctl/uctl/uctl.srcs/sources_1/imports/project/CPU/CPU.srcs/sources_1/new/cmrom.vhd:44]
WARNING: [Synth 8-3848] Net rom[85] in module/entity cmrom does not have driver. [C:/Users/akyna/Codes/vivado/uctl/uctl/uctl.srcs/sources_1/imports/project/CPU/CPU.srcs/sources_1/new/cmrom.vhd:44]
WARNING: [Synth 8-3848] Net rom[86] in module/entity cmrom does not have driver. [C:/Users/akyna/Codes/vivado/uctl/uctl/uctl.srcs/sources_1/imports/project/CPU/CPU.srcs/sources_1/new/cmrom.vhd:44]
WARNING: [Synth 8-3848] Net rom[87] in module/entity cmrom does not have driver. [C:/Users/akyna/Codes/vivado/uctl/uctl/uctl.srcs/sources_1/imports/project/CPU/CPU.srcs/sources_1/new/cmrom.vhd:44]
WARNING: [Synth 8-3848] Net rom[88] in module/entity cmrom does not have driver. [C:/Users/akyna/Codes/vivado/uctl/uctl/uctl.srcs/sources_1/imports/project/CPU/CPU.srcs/sources_1/new/cmrom.vhd:44]
WARNING: [Synth 8-3848] Net rom[89] in module/entity cmrom does not have driver. [C:/Users/akyna/Codes/vivado/uctl/uctl/uctl.srcs/sources_1/imports/project/CPU/CPU.srcs/sources_1/new/cmrom.vhd:44]
WARNING: [Synth 8-3848] Net rom[90] in module/entity cmrom does not have driver. [C:/Users/akyna/Codes/vivado/uctl/uctl/uctl.srcs/sources_1/imports/project/CPU/CPU.srcs/sources_1/new/cmrom.vhd:44]
WARNING: [Synth 8-3848] Net rom[91] in module/entity cmrom does not have driver. [C:/Users/akyna/Codes/vivado/uctl/uctl/uctl.srcs/sources_1/imports/project/CPU/CPU.srcs/sources_1/new/cmrom.vhd:44]
WARNING: [Synth 8-3848] Net rom[92] in module/entity cmrom does not have driver. [C:/Users/akyna/Codes/vivado/uctl/uctl/uctl.srcs/sources_1/imports/project/CPU/CPU.srcs/sources_1/new/cmrom.vhd:44]
WARNING: [Synth 8-3848] Net rom[93] in module/entity cmrom does not have driver. [C:/Users/akyna/Codes/vivado/uctl/uctl/uctl.srcs/sources_1/imports/project/CPU/CPU.srcs/sources_1/new/cmrom.vhd:44]
WARNING: [Synth 8-3848] Net rom[94] in module/entity cmrom does not have driver. [C:/Users/akyna/Codes/vivado/uctl/uctl/uctl.srcs/sources_1/imports/project/CPU/CPU.srcs/sources_1/new/cmrom.vhd:44]
WARNING: [Synth 8-3848] Net rom[95] in module/entity cmrom does not have driver. [C:/Users/akyna/Codes/vivado/uctl/uctl/uctl.srcs/sources_1/imports/project/CPU/CPU.srcs/sources_1/new/cmrom.vhd:44]
WARNING: [Synth 8-3848] Net rom[96] in module/entity cmrom does not have driver. [C:/Users/akyna/Codes/vivado/uctl/uctl/uctl.srcs/sources_1/imports/project/CPU/CPU.srcs/sources_1/new/cmrom.vhd:44]
WARNING: [Synth 8-3848] Net rom[97] in module/entity cmrom does not have driver. [C:/Users/akyna/Codes/vivado/uctl/uctl/uctl.srcs/sources_1/imports/project/CPU/CPU.srcs/sources_1/new/cmrom.vhd:44]
WARNING: [Synth 8-3848] Net rom[98] in module/entity cmrom does not have driver. [C:/Users/akyna/Codes/vivado/uctl/uctl/uctl.srcs/sources_1/imports/project/CPU/CPU.srcs/sources_1/new/cmrom.vhd:44]
WARNING: [Synth 8-3848] Net rom[99] in module/entity cmrom does not have driver. [C:/Users/akyna/Codes/vivado/uctl/uctl/uctl.srcs/sources_1/imports/project/CPU/CPU.srcs/sources_1/new/cmrom.vhd:44]
WARNING: [Synth 8-3848] Net rom[100] in module/entity cmrom does not have driver. [C:/Users/akyna/Codes/vivado/uctl/uctl/uctl.srcs/sources_1/imports/project/CPU/CPU.srcs/sources_1/new/cmrom.vhd:44]
WARNING: [Synth 8-3848] Net rom[101] in module/entity cmrom does not have driver. [C:/Users/akyna/Codes/vivado/uctl/uctl/uctl.srcs/sources_1/imports/project/CPU/CPU.srcs/sources_1/new/cmrom.vhd:44]
WARNING: [Synth 8-3848] Net rom[102] in module/entity cmrom does not have driver. [C:/Users/akyna/Codes/vivado/uctl/uctl/uctl.srcs/sources_1/imports/project/CPU/CPU.srcs/sources_1/new/cmrom.vhd:44]
WARNING: [Synth 8-3848] Net rom[103] in module/entity cmrom does not have driver. [C:/Users/akyna/Codes/vivado/uctl/uctl/uctl.srcs/sources_1/imports/project/CPU/CPU.srcs/sources_1/new/cmrom.vhd:44]
INFO: [Common 17-14] Message 'Synth 8-3848' appears 100 times and further instances of the messages will be disabled. Use the Tcl command set_msg_config to change the current settings.
INFO: [Synth 8-256] done synthesizing module 'cmrom' (3#1) [C:/Users/akyna/Codes/vivado/uctl/uctl/uctl.srcs/sources_1/imports/project/CPU/CPU.srcs/sources_1/new/cmrom.vhd:42]
INFO: [Synth 8-256] done synthesizing module 'micro_controller' (4#1) [C:/Users/akyna/Codes/vivado/uctl/uctl/uctl.srcs/sources_1/imports/project/CPU/CPU.srcs/sources_1/new/micro_controller.vhd:42]
INFO: [Synth 8-256] done synthesizing module 'test' (5#1) [C:/Users/akyna/Codes/vivado/uctl/uctl/uctl.srcs/sources_1/new/test.vhd:42]
WARNING: [Synth 8-3331] design cmrom has unconnected port m_rom
WARNING: [Synth 8-3331] design cmrom has unconnected port nrom_en
WARNING: [Synth 8-3331] design micro_controller has unconnected port arr[7]
WARNING: [Synth 8-3331] design micro_controller has unconnected port arr[6]
WARNING: [Synth 8-3331] design micro_controller has unconnected port arr[5]
WARNING: [Synth 8-3331] design micro_controller has unconnected port arr[4]
WARNING: [Synth 8-3331] design micro_controller has unconnected port arr[3]
WARNING: [Synth 8-3331] design micro_controller has unconnected port arr[2]
WARNING: [Synth 8-3331] design micro_controller has unconnected port arr[1]
WARNING: [Synth 8-3331] design micro_controller has unconnected port arr[0]
WARNING: [Synth 8-3331] design test has unconnected port clk_mc
---------------------------------------------------------------------------------
Finished RTL Elaboration : Time (s): cpu = 00:00:02 ; elapsed = 00:00:05 . Memory (MB): peak = 937.125 ; gain = 308.465
---------------------------------------------------------------------------------

Report Check Netlist: 
+------+------------------+-------+---------+-------+------------------+
|      |Item              |Errors |Warnings |Status |Description       |
+------+------------------+-------+---------+-------+------------------+
|1     |multi_driven_nets |      0|        0|Passed |Multi driven nets |
+------+------------------+-------+---------+-------+------------------+
---------------------------------------------------------------------------------
Start Handling Custom Attributes
---------------------------------------------------------------------------------
---------------------------------------------------------------------------------
Finished Handling Custom Attributes : Time (s): cpu = 00:00:02 ; elapsed = 00:00:06 . Memory (MB): peak = 937.125 ; gain = 308.465
---------------------------------------------------------------------------------
---------------------------------------------------------------------------------
Finished RTL Optimization Phase 1 : Time (s): cpu = 00:00:02 ; elapsed = 00:00:06 . Memory (MB): peak = 937.125 ; gain = 308.465
---------------------------------------------------------------------------------
Netlist sorting complete. Time (s): cpu = 00:00:00 ; elapsed = 00:00:00.020 . Memory (MB): peak = 937.125 ; gain = 0.000
INFO: [Project 1-570] Preparing netlist for logic optimization

Processing XDC Constraints
Initializing timing engine
Parsing XDC File [C:/Users/akyna/Codes/vivado/uctl/uctl/uctl.srcs/constrs_1/new/pin.xdc]
WARNING: [Vivado 12-507] No nets matched 'u2/cm1/uar_i_2'. [C:/Users/akyna/Codes/vivado/uctl/uctl/uctl.srcs/constrs_1/new/pin.xdc:72]
CRITICAL WARNING: [Common 17-55] 'set_property' expects at least one object. [C:/Users/akyna/Codes/vivado/uctl/uctl/uctl.srcs/constrs_1/new/pin.xdc:72]
Resolution: If [get_<value>] was used to populate the object, check to make sure this command returns at least one valid object.
WARNING: [Vivado 12-507] No nets matched 'u2/uar'. [C:/Users/akyna/Codes/vivado/uctl/uctl/uctl.srcs/constrs_1/new/pin.xdc:73]
CRITICAL WARNING: [Common 17-55] 'set_property' expects at least one object. [C:/Users/akyna/Codes/vivado/uctl/uctl/uctl.srcs/constrs_1/new/pin.xdc:73]
Resolution: If [get_<value>] was used to populate the object, check to make sure this command returns at least one valid object.
Finished Parsing XDC File [C:/Users/akyna/Codes/vivado/uctl/uctl/uctl.srcs/constrs_1/new/pin.xdc]
INFO: [Project 1-236] Implementation specific constraints were found while reading constraint file [C:/Users/akyna/Codes/vivado/uctl/uctl/uctl.srcs/constrs_1/new/pin.xdc]. These constraints will be ignored for synthesis but will be used in implementation. Impacted constraints are listed in the file [.Xil/test_propImpl.xdc].
Resolution: To avoid this warning, move constraints listed in [.Xil/test_propImpl.xdc] to another XDC file and exclude this new file from synthesis with the used_in_synthesis property (File Properties dialog in GUI) and re-run elaboration/synthesis.
Completed Processing XDC Constraints

Netlist sorting complete. Time (s): cpu = 00:00:00 ; elapsed = 00:00:00 . Memory (MB): peak = 975.941 ; gain = 0.000
INFO: [Project 1-111] Unisim Transformation Summary:
No Unisim elements were transformed.

Constraint Validation Runtime : Time (s): cpu = 00:00:00 ; elapsed = 00:00:00.003 . Memory (MB): peak = 975.941 ; gain = 0.000
---------------------------------------------------------------------------------
Finished Constraint Validation : Time (s): cpu = 00:00:05 ; elapsed = 00:00:12 . Memory (MB): peak = 975.941 ; gain = 347.281
---------------------------------------------------------------------------------
---------------------------------------------------------------------------------
Start Loading Part and Timing Information
---------------------------------------------------------------------------------
Loading part: xc7k160tfbg676-2
---------------------------------------------------------------------------------
Finished Loading Part and Timing Information : Time (s): cpu = 00:00:05 ; elapsed = 00:00:12 . Memory (MB): peak = 975.941 ; gain = 347.281
---------------------------------------------------------------------------------
---------------------------------------------------------------------------------
Start Applying 'set_property' XDC Constraints
---------------------------------------------------------------------------------
---------------------------------------------------------------------------------
Finished applying 'set_property' XDC Constraints : Time (s): cpu = 00:00:05 ; elapsed = 00:00:12 . Memory (MB): peak = 975.941 ; gain = 347.281
---------------------------------------------------------------------------------
INFO: [Synth 8-802] inferred FSM for state register 'state_reg' in module 'state'
INFO: [Synth 8-5544] ROM "next_state" won't be mapped to Block RAM because address size (4) smaller than threshold (5)
---------------------------------------------------------------------------------------------------
                   State |                     New Encoding |                Previous Encoding 
---------------------------------------------------------------------------------------------------
                      s0 |                             0000 |                             0000
                      s1 |                             0001 |                             0001
                      s2 |                             0010 |                             0010
                      s3 |                             0011 |                             0011
                      s4 |                             0100 |                             0100
                      s5 |                             0101 |                             0101
                      s6 |                             0110 |                             0110
                      s7 |                             0111 |                             0111
                      s8 |                             1000 |                             1000
                      s9 |                             1001 |                             1001
                     s10 |                             1010 |                             1010
                     s11 |                             1011 |                             1011
                     s12 |                             1100 |                             1100
                     s13 |                             1101 |                             1101
                     s14 |                             1110 |                             1110
                     s15 |                             1111 |                             1111
---------------------------------------------------------------------------------------------------
INFO: [Synth 8-3354] encoded FSM with state register 'state_reg' using encoding 'sequential' in module 'state'
WARNING: [Synth 8-327] inferring latch for variable 'show1_reg' [C:/Users/akyna/Codes/vivado/uctl/uctl/uctl.srcs/sources_1/imports/project/rn/rn.srcs/sources_1/imports/new/state.vhd:57]
---------------------------------------------------------------------------------
Finished RTL Optimization Phase 2 : Time (s): cpu = 00:00:05 ; elapsed = 00:00:13 . Memory (MB): peak = 975.941 ; gain = 347.281
---------------------------------------------------------------------------------

Report RTL Partitions: 
+-+--------------+------------+----------+
| |RTL Partition |Replication |Instances |
+-+--------------+------------+----------+
+-+--------------+------------+----------+
---------------------------------------------------------------------------------
Start RTL Component Statistics 
---------------------------------------------------------------------------------
Detailed RTL Component Info : 
+---Adders : 
	   2 Input     15 Bit       Adders := 3     
+---Registers : 
	               64 Bit    Registers := 1     
	                8 Bit    Registers := 1     
	                1 Bit    Registers := 7     
+---Muxes : 
	   2 Input     16 Bit        Muxes := 16    
	  16 Input     16 Bit        Muxes := 1     
	   2 Input      8 Bit        Muxes := 1     
	  16 Input      4 Bit        Muxes := 2     
	  16 Input      1 Bit        Muxes := 1     
---------------------------------------------------------------------------------
Finished RTL Component Statistics 
---------------------------------------------------------------------------------
---------------------------------------------------------------------------------
Start RTL Hierarchical Component Statistics 
---------------------------------------------------------------------------------
Hierarchical RTL Component report 
Module state 
Detailed RTL Component Info : 
+---Adders : 
	   2 Input     15 Bit       Adders := 1     
+---Registers : 
	               64 Bit    Registers := 1     
	                1 Bit    Registers := 1     
+---Muxes : 
	   2 Input     16 Bit        Muxes := 16    
	  16 Input     16 Bit        Muxes := 1     
	  16 Input      4 Bit        Muxes := 2     
	  16 Input      1 Bit        Muxes := 1     
Module micro_controller 
Detailed RTL Component Info : 
+---Adders : 
	   2 Input     15 Bit       Adders := 2     
+---Registers : 
	                8 Bit    Registers := 1     
	                1 Bit    Registers := 6     
+---Muxes : 
	   2 Input      8 Bit        Muxes := 1     
---------------------------------------------------------------------------------
Finished RTL Hierarchical Component Statistics
---------------------------------------------------------------------------------
---------------------------------------------------------------------------------
Start Part Resource Summary
---------------------------------------------------------------------------------
Part Resources:
DSPs: 600 (col length:100)
BRAMs: 650 (col length: RAMB18 100 RAMB36 50)
---------------------------------------------------------------------------------
Finished Part Resource Summary
---------------------------------------------------------------------------------
---------------------------------------------------------------------------------
Start Cross Boundary and Area Optimization
---------------------------------------------------------------------------------
Warning: Parallel synthesis criteria is not met 
WARNING: [Synth 8-3331] design cmrom has unconnected port m_rom
WARNING: [Synth 8-3331] design cmrom has unconnected port nrom_en
WARNING: [Synth 8-3331] design test has unconnected port clk_mc
INFO: [Synth 8-3886] merging instance 'u2/uar_reg[6]' (FD) to 'u2/uar_reg[7]'
INFO: [Synth 8-3333] propagating constant 0 across sequential element (\u2/uar_reg[7] )
INFO: [Synth 8-3333] propagating constant 0 across sequential element (\u1/showw_reg[44] )
INFO: [Synth 8-3886] merging instance 'u1/showw_reg[36]' (FDC) to 'u1/showw_reg[35]'
INFO: [Synth 8-3886] merging instance 'u1/showw_reg[32]' (FDP) to 'u1/showw_reg[38]'
INFO: [Synth 8-3886] merging instance 'u1/showw_reg[28]' (FDC) to 'u1/showw_reg[20]'
INFO: [Synth 8-3886] merging instance 'u1/showw_reg[24]' (FDP) to 'u1/showw_reg[16]'
INFO: [Synth 8-3886] merging instance 'u1/showw_reg[20]' (FDC) to 'u1/showw_reg[12]'
INFO: [Synth 8-3886] merging instance 'u1/showw_reg[16]' (FDP) to 'u1/showw_reg[8]'
INFO: [Synth 8-3886] merging instance 'u1/showw_reg[12]' (FDC) to 'u1/showw_reg[4]'
INFO: [Synth 8-3886] merging instance 'u1/showw_reg[8]' (FDP) to 'u1/showw_reg[0]'
INFO: [Synth 8-3886] merging instance 'u1/showw_reg[4]' (FDC) to 'u1/showw_reg[29]'
INFO: [Synth 8-3886] merging instance 'u1/showw_reg[0]' (FDP) to 'u1/showw_reg[5]'
INFO: [Synth 8-3333] propagating constant 0 across sequential element (\u1/showw_reg[61] )
INFO: [Synth 8-3333] propagating constant 0 across sequential element (\u1/showw_reg[57] )
INFO: [Synth 8-3333] propagating constant 0 across sequential element (\u1/showw_reg[45] )
INFO: [Synth 8-3333] propagating constant 0 across sequential element (\u1/showw_reg[41] )
INFO: [Synth 8-3886] merging instance 'u1/showw_reg[37]' (FDP) to 'u1/showw_reg[38]'
INFO: [Synth 8-3886] merging instance 'u1/showw_reg[33]' (FDP) to 'u1/showw_reg[38]'
INFO: [Synth 8-3886] merging instance 'u1/showw_reg[29]' (FDC) to 'u1/showw_reg[13]'
INFO: [Synth 8-3886] merging instance 'u1/showw_reg[25]' (FDC) to 'u1/showw_reg[35]'
INFO: [Synth 8-3886] merging instance 'u1/showw_reg[17]' (FDP) to 'u1/showw_reg[38]'
INFO: [Synth 8-3886] merging instance 'u1/showw_reg[13]' (FDC) to 'u1/showw_reg[9]'
INFO: [Synth 8-3886] merging instance 'u1/showw_reg[9]' (FDC) to 'u1/showw_reg[39]'
INFO: [Synth 8-3886] merging instance 'u1/showw_reg[5]' (FDP) to 'u1/showw_reg[14]'
INFO: [Synth 8-3333] propagating constant 0 across sequential element (\u1/showw_reg[62] )
INFO: [Synth 8-3333] propagating constant 0 across sequential element (\u1/showw_reg[58] )
INFO: [Synth 8-3333] propagating constant 0 across sequential element (\u1/showw_reg[54] )
INFO: [Synth 8-3333] propagating constant 0 across sequential element (\u1/showw_reg[50] )
INFO: [Synth 8-3886] merging instance 'u1/showw_reg[38]' (FDP) to 'u1/showw_reg[34]'
INFO: [Synth 8-3886] merging instance 'u1/showw_reg[34]' (FDP) to 'u1/showw_reg[31]'
INFO: [Synth 8-3886] merging instance 'u1/showw_reg[30]' (FDC) to 'u1/showw_reg[35]'
INFO: [Synth 8-3886] merging instance 'u1/showw_reg[26]' (FDC) to 'u1/showw_reg[35]'
INFO: [Synth 8-3886] merging instance 'u1/showw_reg[22]' (FDC) to 'u1/showw_reg[35]'
INFO: [Synth 8-3886] merging instance 'u1/showw_reg[18]' (FDC) to 'u1/showw_reg[35]'
INFO: [Synth 8-3886] merging instance 'u1/showw_reg[14]' (FDP) to 'u1/showw_reg[6]'
INFO: [Synth 8-3886] merging instance 'u1/showw_reg[10]' (FDP) to 'u1/showw_reg[31]'
INFO: [Synth 8-3333] propagating constant 0 across sequential element (\u1/showw_reg[63] )
INFO: [Synth 8-3333] propagating constant 0 across sequential element (\u1/showw_reg[59] )
INFO: [Synth 8-3333] propagating constant 0 across sequential element (\u1/showw_reg[55] )
INFO: [Synth 8-3333] propagating constant 0 across sequential element (\u1/showw_reg[51] )
INFO: [Synth 8-3333] propagating constant 0 across sequential element (\u1/showw_reg[47] )
INFO: [Synth 8-3333] propagating constant 0 across sequential element (\u1/showw_reg[43] )
INFO: [Synth 8-3333] propagating constant 0 across sequential element (\u1/showw_reg[35] )
INFO: [Synth 8-3886] merging instance 'u1/showw_reg[31]' (FDP) to 'u1/showw_reg[27]'
INFO: [Synth 8-3886] merging instance 'u1/showw_reg[27]' (FDP) to 'u1/showw_reg[23]'
INFO: [Synth 8-3886] merging instance 'u1/showw_reg[23]' (FDP) to 'u1/showw_reg[11]'
INFO: [Synth 8-3886] merging instance 'u1/showw_reg[15]' (FDP) to 'u1/showw_reg[3]'
INFO: [Synth 8-3886] merging instance 'u1/showw_reg[11]' (FDP) to 'u1/showw_reg[7]'
WARNING: [Synth 8-3332] Sequential element (u1/show1_reg[3]) is unused and will be removed from module test.
WARNING: [Synth 8-3332] Sequential element (u1/show1_reg[2]) is unused and will be removed from module test.
WARNING: [Synth 8-3332] Sequential element (u1/show1_reg[1]) is unused and will be removed from module test.
WARNING: [Synth 8-3332] Sequential element (u1/show1_reg[0]) is unused and will be removed from module test.
---------------------------------------------------------------------------------
Finished Cross Boundary and Area Optimization : Time (s): cpu = 00:00:06 ; elapsed = 00:00:16 . Memory (MB): peak = 975.941 ; gain = 347.281
---------------------------------------------------------------------------------

Report RTL Partitions: 
+-+--------------+------------+----------+
| |RTL Partition |Replication |Instances |
+-+--------------+------------+----------+
+-+--------------+------------+----------+
---------------------------------------------------------------------------------
Start Applying XDC Timing Constraints
---------------------------------------------------------------------------------
---------------------------------------------------------------------------------
Finished Applying XDC Timing Constraints : Time (s): cpu = 00:00:10 ; elapsed = 00:00:23 . Memory (MB): peak = 1019.680 ; gain = 391.020
---------------------------------------------------------------------------------
---------------------------------------------------------------------------------
Start Timing Optimization
---------------------------------------------------------------------------------
---------------------------------------------------------------------------------
Finished Timing Optimization : Time (s): cpu = 00:00:10 ; elapsed = 00:00:23 . Memory (MB): peak = 1019.828 ; gain = 391.168
---------------------------------------------------------------------------------

Report RTL Partitions: 
+-+--------------+------------+----------+
| |RTL Partition |Replication |Instances |
+-+--------------+------------+----------+
+-+--------------+------------+----------+
---------------------------------------------------------------------------------
Start Technology Mapping
---------------------------------------------------------------------------------
INFO: [Synth 8-3886] merging instance 'u1/showw_reg[40]' (FDP) to 'u1/showw_reg[53]'
INFO: [Synth 8-3886] merging instance 'u1/showw_reg[53]' (FDP) to 'u1/showw_reg[49]'
INFO: [Synth 8-3886] merging instance 'u1/showw_reg[49]' (FDP) to 'u1/showw_reg[46]'
INFO: [Synth 8-3886] merging instance 'u1/showw_reg[46]' (FDP) to 'u1/showw_reg[42]'
INFO: [Synth 8-3886] merging instance 'u1/showw_reg[42]' (FDP) to 'u1/showw_reg[7]'
---------------------------------------------------------------------------------
Finished Technology Mapping : Time (s): cpu = 00:00:10 ; elapsed = 00:00:23 . Memory (MB): peak = 1029.090 ; gain = 400.430
---------------------------------------------------------------------------------

Report RTL Partitions: 
+-+--------------+------------+----------+
| |RTL Partition |Replication |Instances |
+-+--------------+------------+----------+
+-+--------------+------------+----------+
---------------------------------------------------------------------------------
Start IO Insertion
---------------------------------------------------------------------------------
---------------------------------------------------------------------------------
Start Flattening Before IO Insertion
---------------------------------------------------------------------------------
---------------------------------------------------------------------------------
Finished Flattening Before IO Insertion
---------------------------------------------------------------------------------
---------------------------------------------------------------------------------
Start Final Netlist Cleanup
---------------------------------------------------------------------------------
---------------------------------------------------------------------------------
Finished Final Netlist Cleanup
---------------------------------------------------------------------------------
---------------------------------------------------------------------------------
Finished IO Insertion : Time (s): cpu = 00:00:12 ; elapsed = 00:00:26 . Memory (MB): peak = 1044.941 ; gain = 416.281
---------------------------------------------------------------------------------
---------------------------------------------------------------------------------
Start Renaming Generated Instances
---------------------------------------------------------------------------------
---------------------------------------------------------------------------------
Finished Renaming Generated Instances : Time (s): cpu = 00:00:12 ; elapsed = 00:00:26 . Memory (MB): peak = 1044.941 ; gain = 416.281
---------------------------------------------------------------------------------

Report RTL Partitions: 
+-+--------------+------------+----------+
| |RTL Partition |Replication |Instances |
+-+--------------+------------+----------+
+-+--------------+------------+----------+

Report Check Netlist: 
+------+------------------+-------+---------+-------+------------------+
|      |Item              |Errors |Warnings |Status |Description       |
+------+------------------+-------+---------+-------+------------------+
|1     |multi_driven_nets |      0|        0|Passed |Multi driven nets |
+------+------------------+-------+---------+-------+------------------+
---------------------------------------------------------------------------------
Start Rebuilding User Hierarchy
---------------------------------------------------------------------------------
---------------------------------------------------------------------------------
Finished Rebuilding User Hierarchy : Time (s): cpu = 00:00:12 ; elapsed = 00:00:26 . Memory (MB): peak = 1044.941 ; gain = 416.281
---------------------------------------------------------------------------------
---------------------------------------------------------------------------------
Start Renaming Generated Ports
---------------------------------------------------------------------------------
---------------------------------------------------------------------------------
Finished Renaming Generated Ports : Time (s): cpu = 00:00:12 ; elapsed = 00:00:26 . Memory (MB): peak = 1044.941 ; gain = 416.281
---------------------------------------------------------------------------------
---------------------------------------------------------------------------------
Start Handling Custom Attributes
---------------------------------------------------------------------------------
---------------------------------------------------------------------------------
Finished Handling Custom Attributes : Time (s): cpu = 00:00:12 ; elapsed = 00:00:26 . Memory (MB): peak = 1044.941 ; gain = 416.281
---------------------------------------------------------------------------------
---------------------------------------------------------------------------------
Start Renaming Generated Nets
---------------------------------------------------------------------------------
---------------------------------------------------------------------------------
Finished Renaming Generated Nets : Time (s): cpu = 00:00:12 ; elapsed = 00:00:26 . Memory (MB): peak = 1044.941 ; gain = 416.281
---------------------------------------------------------------------------------
---------------------------------------------------------------------------------
Start Writing Synthesis Report
---------------------------------------------------------------------------------

Report BlackBoxes: 
+-+--------------+----------+
| |BlackBox name |Instances |
+-+--------------+----------+
+-+--------------+----------+

Report Cell Usage: 
+------+-------+------+
|      |Cell   |Count |
+------+-------+------+
|1     |BUFG   |     1|
|2     |CARRY4 |    24|
|3     |LUT1   |     5|
|4     |LUT2   |     5|
|5     |LUT3   |     6|
|6     |LUT4   |    26|
|7     |LUT5   |     7|
|8     |LUT6   |    20|
|9     |FDCE   |     7|
|10    |FDPE   |     9|
|11    |FDRE   |    58|
|12    |IBUF   |     9|
|13    |OBUF   |    24|
+------+-------+------+

Report Instance Areas: 
+------+---------+-----------------+------+
|      |Instance |Module           |Cells |
+------+---------+-----------------+------+
|1     |top      |                 |   201|
|2     |  u1     |state            |    82|
|3     |  u2     |micro_controller |    85|
+------+---------+-----------------+------+
---------------------------------------------------------------------------------
Finished Writing Synthesis Report : Time (s): cpu = 00:00:12 ; elapsed = 00:00:26 . Memory (MB): peak = 1044.941 ; gain = 416.281
---------------------------------------------------------------------------------
Synthesis finished with 0 errors, 0 critical warnings and 8 warnings.
Synthesis Optimization Runtime : Time (s): cpu = 00:00:09 ; elapsed = 00:00:24 . Memory (MB): peak = 1044.941 ; gain = 377.465
Synthesis Optimization Complete : Time (s): cpu = 00:00:12 ; elapsed = 00:00:26 . Memory (MB): peak = 1044.941 ; gain = 416.281
INFO: [Project 1-571] Translating synthesized netlist
Netlist sorting complete. Time (s): cpu = 00:00:00 ; elapsed = 00:00:00.002 . Memory (MB): peak = 1055.977 ; gain = 0.000
INFO: [Netlist 29-17] Analyzing 24 Unisim elements for replacement
INFO: [Netlist 29-28] Unisim Transformation completed in 0 CPU seconds
INFO: [Project 1-570] Preparing netlist for logic optimization
INFO: [Opt 31-138] Pushed 0 inverter(s) to 0 load pin(s).
Netlist sorting complete. Time (s): cpu = 00:00:00 ; elapsed = 00:00:00.001 . Memory (MB): peak = 1062.039 ; gain = 0.000
INFO: [Project 1-111] Unisim Transformation Summary:
No Unisim elements were transformed.

INFO: [Common 17-83] Releasing license: Synthesis
84 Infos, 123 Warnings, 2 Critical Warnings and 0 Errors encountered.
synth_design completed successfully
synth_design: Time (s): cpu = 00:00:14 ; elapsed = 00:00:33 . Memory (MB): peak = 1062.039 ; gain = 757.027
Netlist sorting complete. Time (s): cpu = 00:00:00 ; elapsed = 00:00:00 . Memory (MB): peak = 1062.039 ; gain = 0.000
WARNING: [Constraints 18-5210] No constraints selected for write.
Resolution: This message can indicate that there are no constraints for the design, or it can indicate that the used_in flags are set such that the constraints are ignored. This later case is used when running synth_design to not write synthesis constraints to the resulting checkpoint. Instead, project constraints are read when the synthesized design is opened.
INFO: [Common 17-1381] The checkpoint 'C:/Users/akyna/Codes/vivado/uctl/uctl/uctl.runs/synth_1/test.dcp' has been generated.
INFO: [runtcl-4] Executing : report_utilization -file test_utilization_synth.rpt -pb test_utilization_synth.pb
INFO: [Common 17-206] Exiting Vivado at Sat Jun  3 19:48:42 2023...
