
*** Running vivado
    with args -log ROM.vds -m64 -product Vivado -mode batch -messageDb vivado.pb -notrace -source ROM.tcl


****** Vivado v2018.3 (64-bit)
  **** SW Build 2405991 on Thu Dec  6 23:38:27 MST 2018
  **** IP Build 2404404 on Fri Dec  7 01:43:56 MST 2018
    ** Copyright 1986-2018 Xilinx, Inc. All Rights Reserved.

source ROM.tcl -notrace
Command: synth_design -top ROM -part xc7k160tfbg676-2
Starting synth_design
Attempting to get a license for feature 'Synthesis' and/or device 'xc7k160t'
INFO: [Common 17-349] Got license for feature 'Synthesis' and/or device 'xc7k160t'
INFO: Launching helper process for spawning children vivado processes
INFO: Helper process launched with PID 11868 
---------------------------------------------------------------------------------
Starting RTL Elaboration : Time (s): cpu = 00:00:03 ; elapsed = 00:00:03 . Memory (MB): peak = 349.652 ; gain = 87.969
---------------------------------------------------------------------------------
INFO: [Synth 8-638] synthesizing module 'ROM' [C:/Users/Administrator/Desktop/fifo+rom/ROM/ROM.srcs/sources_1/new/ROM.vhd:23]
	Parameter depth bound to: 12 - type: integer 
	Parameter width bound to: 8 - type: integer 
WARNING: [Synth 8-3848] Net rom[760] in module/entity ROM does not have driver. [C:/Users/Administrator/Desktop/fifo+rom/ROM/ROM.srcs/sources_1/new/ROM.vhd:25]
WARNING: [Synth 8-3848] Net rom[761] in module/entity ROM does not have driver. [C:/Users/Administrator/Desktop/fifo+rom/ROM/ROM.srcs/sources_1/new/ROM.vhd:25]
WARNING: [Synth 8-3848] Net rom[762] in module/entity ROM does not have driver. [C:/Users/Administrator/Desktop/fifo+rom/ROM/ROM.srcs/sources_1/new/ROM.vhd:25]
WARNING: [Synth 8-3848] Net rom[763] in module/entity ROM does not have driver. [C:/Users/Administrator/Desktop/fifo+rom/ROM/ROM.srcs/sources_1/new/ROM.vhd:25]
WARNING: [Synth 8-3848] Net rom[764] in module/entity ROM does not have driver. [C:/Users/Administrator/Desktop/fifo+rom/ROM/ROM.srcs/sources_1/new/ROM.vhd:25]
WARNING: [Synth 8-3848] Net rom[765] in module/entity ROM does not have driver. [C:/Users/Administrator/Desktop/fifo+rom/ROM/ROM.srcs/sources_1/new/ROM.vhd:25]
WARNING: [Synth 8-3848] Net rom[766] in module/entity ROM does not have driver. [C:/Users/Administrator/Desktop/fifo+rom/ROM/ROM.srcs/sources_1/new/ROM.vhd:25]
WARNING: [Synth 8-3848] Net rom[767] in module/entity ROM does not have driver. [C:/Users/Administrator/Desktop/fifo+rom/ROM/ROM.srcs/sources_1/new/ROM.vhd:25]
WARNING: [Synth 8-3848] Net rom[768] in module/entity ROM does not have driver. [C:/Users/Administrator/Desktop/fifo+rom/ROM/ROM.srcs/sources_1/new/ROM.vhd:25]
WARNING: [Synth 8-3848] Net rom[769] in module/entity ROM does not have driver. [C:/Users/Administrator/Desktop/fifo+rom/ROM/ROM.srcs/sources_1/new/ROM.vhd:25]
WARNING: [Synth 8-3848] Net rom[770] in module/entity ROM does not have driver. [C:/Users/Administrator/Desktop/fifo+rom/ROM/ROM.srcs/sources_1/new/ROM.vhd:25]
WARNING: [Synth 8-3848] Net rom[771] in module/entity ROM does not have driver. [C:/Users/Administrator/Desktop/fifo+rom/ROM/ROM.srcs/sources_1/new/ROM.vhd:25]
WARNING: [Synth 8-3848] Net rom[772] in module/entity ROM does not have driver. [C:/Users/Administrator/Desktop/fifo+rom/ROM/ROM.srcs/sources_1/new/ROM.vhd:25]
WARNING: [Synth 8-3848] Net rom[773] in module/entity ROM does not have driver. [C:/Users/Administrator/Desktop/fifo+rom/ROM/ROM.srcs/sources_1/new/ROM.vhd:25]
WARNING: [Synth 8-3848] Net rom[774] in module/entity ROM does not have driver. [C:/Users/Administrator/Desktop/fifo+rom/ROM/ROM.srcs/sources_1/new/ROM.vhd:25]
WARNING: [Synth 8-3848] Net rom[775] in module/entity ROM does not have driver. [C:/Users/Administrator/Desktop/fifo+rom/ROM/ROM.srcs/sources_1/new/ROM.vhd:25]
WARNING: [Synth 8-3848] Net rom[776] in module/entity ROM does not have driver. [C:/Users/Administrator/Desktop/fifo+rom/ROM/ROM.srcs/sources_1/new/ROM.vhd:25]
WARNING: [Synth 8-3848] Net rom[777] in module/entity ROM does not have driver. [C:/Users/Administrator/Desktop/fifo+rom/ROM/ROM.srcs/sources_1/new/ROM.vhd:25]
WARNING: [Synth 8-3848] Net rom[778] in module/entity ROM does not have driver. [C:/Users/Administrator/Desktop/fifo+rom/ROM/ROM.srcs/sources_1/new/ROM.vhd:25]
WARNING: [Synth 8-3848] Net rom[779] in module/entity ROM does not have driver. [C:/Users/Administrator/Desktop/fifo+rom/ROM/ROM.srcs/sources_1/new/ROM.vhd:25]
WARNING: [Synth 8-3848] Net rom[780] in module/entity ROM does not have driver. [C:/Users/Administrator/Desktop/fifo+rom/ROM/ROM.srcs/sources_1/new/ROM.vhd:25]
WARNING: [Synth 8-3848] Net rom[781] in module/entity ROM does not have driver. [C:/Users/Administrator/Desktop/fifo+rom/ROM/ROM.srcs/sources_1/new/ROM.vhd:25]
WARNING: [Synth 8-3848] Net rom[782] in module/entity ROM does not have driver. [C:/Users/Administrator/Desktop/fifo+rom/ROM/ROM.srcs/sources_1/new/ROM.vhd:25]
WARNING: [Synth 8-3848] Net rom[783] in module/entity ROM does not have driver. [C:/Users/Administrator/Desktop/fifo+rom/ROM/ROM.srcs/sources_1/new/ROM.vhd:25]
WARNING: [Synth 8-3848] Net rom[784] in module/entity ROM does not have driver. [C:/Users/Administrator/Desktop/fifo+rom/ROM/ROM.srcs/sources_1/new/ROM.vhd:25]
WARNING: [Synth 8-3848] Net rom[785] in module/entity ROM does not have driver. [C:/Users/Administrator/Desktop/fifo+rom/ROM/ROM.srcs/sources_1/new/ROM.vhd:25]
WARNING: [Synth 8-3848] Net rom[786] in module/entity ROM does not have driver. [C:/Users/Administrator/Desktop/fifo+rom/ROM/ROM.srcs/sources_1/new/ROM.vhd:25]
WARNING: [Synth 8-3848] Net rom[787] in module/entity ROM does not have driver. [C:/Users/Administrator/Desktop/fifo+rom/ROM/ROM.srcs/sources_1/new/ROM.vhd:25]
WARNING: [Synth 8-3848] Net rom[788] in module/entity ROM does not have driver. [C:/Users/Administrator/Desktop/fifo+rom/ROM/ROM.srcs/sources_1/new/ROM.vhd:25]
WARNING: [Synth 8-3848] Net rom[789] in module/entity ROM does not have driver. [C:/Users/Administrator/Desktop/fifo+rom/ROM/ROM.srcs/sources_1/new/ROM.vhd:25]
WARNING: [Synth 8-3848] Net rom[790] in module/entity ROM does not have driver. [C:/Users/Administrator/Desktop/fifo+rom/ROM/ROM.srcs/sources_1/new/ROM.vhd:25]
WARNING: [Synth 8-3848] Net rom[791] in module/entity ROM does not have driver. [C:/Users/Administrator/Desktop/fifo+rom/ROM/ROM.srcs/sources_1/new/ROM.vhd:25]
WARNING: [Synth 8-3848] Net rom[792] in module/entity ROM does not have driver. [C:/Users/Administrator/Desktop/fifo+rom/ROM/ROM.srcs/sources_1/new/ROM.vhd:25]
WARNING: [Synth 8-3848] Net rom[793] in module/entity ROM does not have driver. [C:/Users/Administrator/Desktop/fifo+rom/ROM/ROM.srcs/sources_1/new/ROM.vhd:25]
WARNING: [Synth 8-3848] Net rom[794] in module/entity ROM does not have driver. [C:/Users/Administrator/Desktop/fifo+rom/ROM/ROM.srcs/sources_1/new/ROM.vhd:25]
WARNING: [Synth 8-3848] Net rom[795] in module/entity ROM does not have driver. [C:/Users/Administrator/Desktop/fifo+rom/ROM/ROM.srcs/sources_1/new/ROM.vhd:25]
WARNING: [Synth 8-3848] Net rom[796] in module/entity ROM does not have driver. [C:/Users/Administrator/Desktop/fifo+rom/ROM/ROM.srcs/sources_1/new/ROM.vhd:25]
WARNING: [Synth 8-3848] Net rom[797] in module/entity ROM does not have driver. [C:/Users/Administrator/Desktop/fifo+rom/ROM/ROM.srcs/sources_1/new/ROM.vhd:25]
WARNING: [Synth 8-3848] Net rom[798] in module/entity ROM does not have driver. [C:/Users/Administrator/Desktop/fifo+rom/ROM/ROM.srcs/sources_1/new/ROM.vhd:25]
WARNING: [Synth 8-3848] Net rom[799] in module/entity ROM does not have driver. [C:/Users/Administrator/Desktop/fifo+rom/ROM/ROM.srcs/sources_1/new/ROM.vhd:25]
WARNING: [Synth 8-3848] Net rom[800] in module/entity ROM does not have driver. [C:/Users/Administrator/Desktop/fifo+rom/ROM/ROM.srcs/sources_1/new/ROM.vhd:25]
WARNING: [Synth 8-3848] Net rom[801] in module/entity ROM does not have driver. [C:/Users/Administrator/Desktop/fifo+rom/ROM/ROM.srcs/sources_1/new/ROM.vhd:25]
WARNING: [Synth 8-3848] Net rom[802] in module/entity ROM does not have driver. [C:/Users/Administrator/Desktop/fifo+rom/ROM/ROM.srcs/sources_1/new/ROM.vhd:25]
WARNING: [Synth 8-3848] Net rom[803] in module/entity ROM does not have driver. [C:/Users/Administrator/Desktop/fifo+rom/ROM/ROM.srcs/sources_1/new/ROM.vhd:25]
WARNING: [Synth 8-3848] Net rom[804] in module/entity ROM does not have driver. [C:/Users/Administrator/Desktop/fifo+rom/ROM/ROM.srcs/sources_1/new/ROM.vhd:25]
WARNING: [Synth 8-3848] Net rom[805] in module/entity ROM does not have driver. [C:/Users/Administrator/Desktop/fifo+rom/ROM/ROM.srcs/sources_1/new/ROM.vhd:25]
WARNING: [Synth 8-3848] Net rom[806] in module/entity ROM does not have driver. [C:/Users/Administrator/Desktop/fifo+rom/ROM/ROM.srcs/sources_1/new/ROM.vhd:25]
WARNING: [Synth 8-3848] Net rom[807] in module/entity ROM does not have driver. [C:/Users/Administrator/Desktop/fifo+rom/ROM/ROM.srcs/sources_1/new/ROM.vhd:25]
WARNING: [Synth 8-3848] Net rom[808] in module/entity ROM does not have driver. [C:/Users/Administrator/Desktop/fifo+rom/ROM/ROM.srcs/sources_1/new/ROM.vhd:25]
WARNING: [Synth 8-3848] Net rom[809] in module/entity ROM does not have driver. [C:/Users/Administrator/Desktop/fifo+rom/ROM/ROM.srcs/sources_1/new/ROM.vhd:25]
WARNING: [Synth 8-3848] Net rom[810] in module/entity ROM does not have driver. [C:/Users/Administrator/Desktop/fifo+rom/ROM/ROM.srcs/sources_1/new/ROM.vhd:25]
WARNING: [Synth 8-3848] Net rom[811] in module/entity ROM does not have driver. [C:/Users/Administrator/Desktop/fifo+rom/ROM/ROM.srcs/sources_1/new/ROM.vhd:25]
WARNING: [Synth 8-3848] Net rom[812] in module/entity ROM does not have driver. [C:/Users/Administrator/Desktop/fifo+rom/ROM/ROM.srcs/sources_1/new/ROM.vhd:25]
WARNING: [Synth 8-3848] Net rom[813] in module/entity ROM does not have driver. [C:/Users/Administrator/Desktop/fifo+rom/ROM/ROM.srcs/sources_1/new/ROM.vhd:25]
WARNING: [Synth 8-3848] Net rom[814] in module/entity ROM does not have driver. [C:/Users/Administrator/Desktop/fifo+rom/ROM/ROM.srcs/sources_1/new/ROM.vhd:25]
WARNING: [Synth 8-3848] Net rom[815] in module/entity ROM does not have driver. [C:/Users/Administrator/Desktop/fifo+rom/ROM/ROM.srcs/sources_1/new/ROM.vhd:25]
WARNING: [Synth 8-3848] Net rom[816] in module/entity ROM does not have driver. [C:/Users/Administrator/Desktop/fifo+rom/ROM/ROM.srcs/sources_1/new/ROM.vhd:25]
WARNING: [Synth 8-3848] Net rom[817] in module/entity ROM does not have driver. [C:/Users/Administrator/Desktop/fifo+rom/ROM/ROM.srcs/sources_1/new/ROM.vhd:25]
WARNING: [Synth 8-3848] Net rom[818] in module/entity ROM does not have driver. [C:/Users/Administrator/Desktop/fifo+rom/ROM/ROM.srcs/sources_1/new/ROM.vhd:25]
WARNING: [Synth 8-3848] Net rom[819] in module/entity ROM does not have driver. [C:/Users/Administrator/Desktop/fifo+rom/ROM/ROM.srcs/sources_1/new/ROM.vhd:25]
WARNING: [Synth 8-3848] Net rom[820] in module/entity ROM does not have driver. [C:/Users/Administrator/Desktop/fifo+rom/ROM/ROM.srcs/sources_1/new/ROM.vhd:25]
WARNING: [Synth 8-3848] Net rom[821] in module/entity ROM does not have driver. [C:/Users/Administrator/Desktop/fifo+rom/ROM/ROM.srcs/sources_1/new/ROM.vhd:25]
WARNING: [Synth 8-3848] Net rom[822] in module/entity ROM does not have driver. [C:/Users/Administrator/Desktop/fifo+rom/ROM/ROM.srcs/sources_1/new/ROM.vhd:25]
WARNING: [Synth 8-3848] Net rom[823] in module/entity ROM does not have driver. [C:/Users/Administrator/Desktop/fifo+rom/ROM/ROM.srcs/sources_1/new/ROM.vhd:25]
WARNING: [Synth 8-3848] Net rom[824] in module/entity ROM does not have driver. [C:/Users/Administrator/Desktop/fifo+rom/ROM/ROM.srcs/sources_1/new/ROM.vhd:25]
WARNING: [Synth 8-3848] Net rom[825] in module/entity ROM does not have driver. [C:/Users/Administrator/Desktop/fifo+rom/ROM/ROM.srcs/sources_1/new/ROM.vhd:25]
WARNING: [Synth 8-3848] Net rom[826] in module/entity ROM does not have driver. [C:/Users/Administrator/Desktop/fifo+rom/ROM/ROM.srcs/sources_1/new/ROM.vhd:25]
WARNING: [Synth 8-3848] Net rom[827] in module/entity ROM does not have driver. [C:/Users/Administrator/Desktop/fifo+rom/ROM/ROM.srcs/sources_1/new/ROM.vhd:25]
WARNING: [Synth 8-3848] Net rom[828] in module/entity ROM does not have driver. [C:/Users/Administrator/Desktop/fifo+rom/ROM/ROM.srcs/sources_1/new/ROM.vhd:25]
WARNING: [Synth 8-3848] Net rom[829] in module/entity ROM does not have driver. [C:/Users/Administrator/Desktop/fifo+rom/ROM/ROM.srcs/sources_1/new/ROM.vhd:25]
WARNING: [Synth 8-3848] Net rom[830] in module/entity ROM does not have driver. [C:/Users/Administrator/Desktop/fifo+rom/ROM/ROM.srcs/sources_1/new/ROM.vhd:25]
WARNING: [Synth 8-3848] Net rom[831] in module/entity ROM does not have driver. [C:/Users/Administrator/Desktop/fifo+rom/ROM/ROM.srcs/sources_1/new/ROM.vhd:25]
WARNING: [Synth 8-3848] Net rom[832] in module/entity ROM does not have driver. [C:/Users/Administrator/Desktop/fifo+rom/ROM/ROM.srcs/sources_1/new/ROM.vhd:25]
WARNING: [Synth 8-3848] Net rom[833] in module/entity ROM does not have driver. [C:/Users/Administrator/Desktop/fifo+rom/ROM/ROM.srcs/sources_1/new/ROM.vhd:25]
WARNING: [Synth 8-3848] Net rom[834] in module/entity ROM does not have driver. [C:/Users/Administrator/Desktop/fifo+rom/ROM/ROM.srcs/sources_1/new/ROM.vhd:25]
WARNING: [Synth 8-3848] Net rom[835] in module/entity ROM does not have driver. [C:/Users/Administrator/Desktop/fifo+rom/ROM/ROM.srcs/sources_1/new/ROM.vhd:25]
WARNING: [Synth 8-3848] Net rom[836] in module/entity ROM does not have driver. [C:/Users/Administrator/Desktop/fifo+rom/ROM/ROM.srcs/sources_1/new/ROM.vhd:25]
WARNING: [Synth 8-3848] Net rom[837] in module/entity ROM does not have driver. [C:/Users/Administrator/Desktop/fifo+rom/ROM/ROM.srcs/sources_1/new/ROM.vhd:25]
WARNING: [Synth 8-3848] Net rom[838] in module/entity ROM does not have driver. [C:/Users/Administrator/Desktop/fifo+rom/ROM/ROM.srcs/sources_1/new/ROM.vhd:25]
WARNING: [Synth 8-3848] Net rom[839] in module/entity ROM does not have driver. [C:/Users/Administrator/Desktop/fifo+rom/ROM/ROM.srcs/sources_1/new/ROM.vhd:25]
WARNING: [Synth 8-3848] Net rom[840] in module/entity ROM does not have driver. [C:/Users/Administrator/Desktop/fifo+rom/ROM/ROM.srcs/sources_1/new/ROM.vhd:25]
WARNING: [Synth 8-3848] Net rom[841] in module/entity ROM does not have driver. [C:/Users/Administrator/Desktop/fifo+rom/ROM/ROM.srcs/sources_1/new/ROM.vhd:25]
WARNING: [Synth 8-3848] Net rom[842] in module/entity ROM does not have driver. [C:/Users/Administrator/Desktop/fifo+rom/ROM/ROM.srcs/sources_1/new/ROM.vhd:25]
WARNING: [Synth 8-3848] Net rom[843] in module/entity ROM does not have driver. [C:/Users/Administrator/Desktop/fifo+rom/ROM/ROM.srcs/sources_1/new/ROM.vhd:25]
WARNING: [Synth 8-3848] Net rom[844] in module/entity ROM does not have driver. [C:/Users/Administrator/Desktop/fifo+rom/ROM/ROM.srcs/sources_1/new/ROM.vhd:25]
WARNING: [Synth 8-3848] Net rom[845] in module/entity ROM does not have driver. [C:/Users/Administrator/Desktop/fifo+rom/ROM/ROM.srcs/sources_1/new/ROM.vhd:25]
WARNING: [Synth 8-3848] Net rom[846] in module/entity ROM does not have driver. [C:/Users/Administrator/Desktop/fifo+rom/ROM/ROM.srcs/sources_1/new/ROM.vhd:25]
WARNING: [Synth 8-3848] Net rom[847] in module/entity ROM does not have driver. [C:/Users/Administrator/Desktop/fifo+rom/ROM/ROM.srcs/sources_1/new/ROM.vhd:25]
WARNING: [Synth 8-3848] Net rom[848] in module/entity ROM does not have driver. [C:/Users/Administrator/Desktop/fifo+rom/ROM/ROM.srcs/sources_1/new/ROM.vhd:25]
WARNING: [Synth 8-3848] Net rom[849] in module/entity ROM does not have driver. [C:/Users/Administrator/Desktop/fifo+rom/ROM/ROM.srcs/sources_1/new/ROM.vhd:25]
WARNING: [Synth 8-3848] Net rom[850] in module/entity ROM does not have driver. [C:/Users/Administrator/Desktop/fifo+rom/ROM/ROM.srcs/sources_1/new/ROM.vhd:25]
WARNING: [Synth 8-3848] Net rom[851] in module/entity ROM does not have driver. [C:/Users/Administrator/Desktop/fifo+rom/ROM/ROM.srcs/sources_1/new/ROM.vhd:25]
WARNING: [Synth 8-3848] Net rom[852] in module/entity ROM does not have driver. [C:/Users/Administrator/Desktop/fifo+rom/ROM/ROM.srcs/sources_1/new/ROM.vhd:25]
WARNING: [Synth 8-3848] Net rom[853] in module/entity ROM does not have driver. [C:/Users/Administrator/Desktop/fifo+rom/ROM/ROM.srcs/sources_1/new/ROM.vhd:25]
WARNING: [Synth 8-3848] Net rom[854] in module/entity ROM does not have driver. [C:/Users/Administrator/Desktop/fifo+rom/ROM/ROM.srcs/sources_1/new/ROM.vhd:25]
WARNING: [Synth 8-3848] Net rom[855] in module/entity ROM does not have driver. [C:/Users/Administrator/Desktop/fifo+rom/ROM/ROM.srcs/sources_1/new/ROM.vhd:25]
WARNING: [Synth 8-3848] Net rom[856] in module/entity ROM does not have driver. [C:/Users/Administrator/Desktop/fifo+rom/ROM/ROM.srcs/sources_1/new/ROM.vhd:25]
WARNING: [Synth 8-3848] Net rom[857] in module/entity ROM does not have driver. [C:/Users/Administrator/Desktop/fifo+rom/ROM/ROM.srcs/sources_1/new/ROM.vhd:25]
WARNING: [Synth 8-3848] Net rom[858] in module/entity ROM does not have driver. [C:/Users/Administrator/Desktop/fifo+rom/ROM/ROM.srcs/sources_1/new/ROM.vhd:25]
WARNING: [Synth 8-3848] Net rom[859] in module/entity ROM does not have driver. [C:/Users/Administrator/Desktop/fifo+rom/ROM/ROM.srcs/sources_1/new/ROM.vhd:25]
INFO: [Common 17-14] Message 'Synth 8-3848' appears 100 times and further instances of the messages will be disabled. Use the Tcl command set_msg_config to change the current settings.
INFO: [Synth 8-256] done synthesizing module 'ROM' (1#1) [C:/Users/Administrator/Desktop/fifo+rom/ROM/ROM.srcs/sources_1/new/ROM.vhd:23]
---------------------------------------------------------------------------------
Finished RTL Elaboration : Time (s): cpu = 00:00:09 ; elapsed = 00:00:09 . Memory (MB): peak = 426.523 ; gain = 164.840
---------------------------------------------------------------------------------

Report Check Netlist: 
+------+------------------+-------+---------+-------+------------------+
|      |Item              |Errors |Warnings |Status |Description       |
+------+------------------+-------+---------+-------+------------------+
|1     |multi_driven_nets |      0|        0|Passed |Multi driven nets |
+------+------------------+-------+---------+-------+------------------+
---------------------------------------------------------------------------------
Start Handling Custom Attributes
---------------------------------------------------------------------------------
---------------------------------------------------------------------------------
Finished Handling Custom Attributes : Time (s): cpu = 00:00:09 ; elapsed = 00:00:10 . Memory (MB): peak = 426.523 ; gain = 164.840
---------------------------------------------------------------------------------
---------------------------------------------------------------------------------
Finished RTL Optimization Phase 1 : Time (s): cpu = 00:00:09 ; elapsed = 00:00:10 . Memory (MB): peak = 426.523 ; gain = 164.840
---------------------------------------------------------------------------------
INFO: [Device 21-403] Loading part xc7k160tfbg676-2
INFO: [Project 1-570] Preparing netlist for logic optimization

Processing XDC Constraints
Initializing timing engine
Parsing XDC File [C:/Users/Administrator/Desktop/fifo+rom/ROM/ROM.srcs/constrs_1/new/pin.xdc]
Finished Parsing XDC File [C:/Users/Administrator/Desktop/fifo+rom/ROM/ROM.srcs/constrs_1/new/pin.xdc]
INFO: [Project 1-236] Implementation specific constraints were found while reading constraint file [C:/Users/Administrator/Desktop/fifo+rom/ROM/ROM.srcs/constrs_1/new/pin.xdc]. These constraints will be ignored for synthesis but will be used in implementation. Impacted constraints are listed in the file [.Xil/ROM_propImpl.xdc].
Resolution: To avoid this warning, move constraints listed in [.Xil/ROM_propImpl.xdc] to another XDC file and exclude this new file from synthesis with the used_in_synthesis property (File Properties dialog in GUI) and re-run elaboration/synthesis.
Netlist sorting complete. Time (s): cpu = 00:00:00 ; elapsed = 00:00:00 . Memory (MB): peak = 735.234 ; gain = 0.000
Completed Processing XDC Constraints

Netlist sorting complete. Time (s): cpu = 00:00:00 ; elapsed = 00:00:00 . Memory (MB): peak = 735.234 ; gain = 0.000
INFO: [Project 1-111] Unisim Transformation Summary:
No Unisim elements were transformed.

Netlist sorting complete. Time (s): cpu = 00:00:00 ; elapsed = 00:00:00 . Memory (MB): peak = 735.234 ; gain = 0.000
Constraint Validation Runtime : Time (s): cpu = 00:00:00 ; elapsed = 00:00:00.002 . Memory (MB): peak = 735.234 ; gain = 0.000
---------------------------------------------------------------------------------
Finished Constraint Validation : Time (s): cpu = 00:00:20 ; elapsed = 00:00:22 . Memory (MB): peak = 735.234 ; gain = 473.551
---------------------------------------------------------------------------------
---------------------------------------------------------------------------------
Start Loading Part and Timing Information
---------------------------------------------------------------------------------
Loading part: xc7k160tfbg676-2
---------------------------------------------------------------------------------
Finished Loading Part and Timing Information : Time (s): cpu = 00:00:20 ; elapsed = 00:00:22 . Memory (MB): peak = 735.234 ; gain = 473.551
---------------------------------------------------------------------------------
---------------------------------------------------------------------------------
Start Applying 'set_property' XDC Constraints
---------------------------------------------------------------------------------
---------------------------------------------------------------------------------
Finished applying 'set_property' XDC Constraints : Time (s): cpu = 00:00:20 ; elapsed = 00:00:22 . Memory (MB): peak = 735.234 ; gain = 473.551
---------------------------------------------------------------------------------
---------------------------------------------------------------------------------
Finished RTL Optimization Phase 2 : Time (s): cpu = 00:00:25 ; elapsed = 00:00:27 . Memory (MB): peak = 735.234 ; gain = 473.551
---------------------------------------------------------------------------------

Report RTL Partitions: 
+-+--------------+------------+----------+
| |RTL Partition |Replication |Instances |
+-+--------------+------------+----------+
+-+--------------+------------+----------+
---------------------------------------------------------------------------------
Start RTL Component Statistics 
---------------------------------------------------------------------------------
Detailed RTL Component Info : 
---------------------------------------------------------------------------------
Finished RTL Component Statistics 
---------------------------------------------------------------------------------
---------------------------------------------------------------------------------
Start RTL Hierarchical Component Statistics 
---------------------------------------------------------------------------------
Hierarchical RTL Component report 
---------------------------------------------------------------------------------
Finished RTL Hierarchical Component Statistics
---------------------------------------------------------------------------------
---------------------------------------------------------------------------------
Start Part Resource Summary
---------------------------------------------------------------------------------
Part Resources:
DSPs: 600 (col length:100)
BRAMs: 650 (col length: RAMB18 100 RAMB36 50)
---------------------------------------------------------------------------------
Finished Part Resource Summary
---------------------------------------------------------------------------------
---------------------------------------------------------------------------------
Start Cross Boundary and Area Optimization
---------------------------------------------------------------------------------
Warning: Parallel synthesis criteria is not met 
INFO: [Synth 8-3886] merging instance 'DATA_BUS_reg__0i_15' (FD) to 'DATA_BUS_reg__0i_8'
INFO: [Synth 8-3886] merging instance 'DATA_BUS_reg__0i_14' (FD) to 'DATA_BUS_reg__0i_8'
INFO: [Synth 8-3886] merging instance 'DATA_BUS_reg__0i_13' (FD) to 'DATA_BUS_reg__0i_8'
INFO: [Synth 8-3886] merging instance 'DATA_BUS_reg__0i_12' (FD) to 'DATA_BUS_reg__0i_8'
INFO: [Synth 8-3886] merging instance 'DATA_BUS_reg__0i_11' (FD) to 'DATA_BUS_reg__0i_8'
INFO: [Synth 8-3886] merging instance 'DATA_BUS_reg__0i_10' (FD) to 'DATA_BUS_reg__0i_8'
INFO: [Synth 8-3886] merging instance 'DATA_BUS_reg__0i_9' (FD) to 'DATA_BUS_reg__0i_8'
---------------------------------------------------------------------------------
Finished Cross Boundary and Area Optimization : Time (s): cpu = 00:00:39 ; elapsed = 00:00:41 . Memory (MB): peak = 735.234 ; gain = 473.551
---------------------------------------------------------------------------------

Report RTL Partitions: 
+-+--------------+------------+----------+
| |RTL Partition |Replication |Instances |
+-+--------------+------------+----------+
+-+--------------+------------+----------+
---------------------------------------------------------------------------------
Start Applying XDC Timing Constraints
---------------------------------------------------------------------------------
---------------------------------------------------------------------------------
Finished Applying XDC Timing Constraints : Time (s): cpu = 00:00:48 ; elapsed = 00:00:51 . Memory (MB): peak = 773.832 ; gain = 512.148
---------------------------------------------------------------------------------
---------------------------------------------------------------------------------
Start Timing Optimization
---------------------------------------------------------------------------------
---------------------------------------------------------------------------------
Finished Timing Optimization : Time (s): cpu = 00:00:48 ; elapsed = 00:00:51 . Memory (MB): peak = 773.906 ; gain = 512.223
---------------------------------------------------------------------------------

Report RTL Partitions: 
+-+--------------+------------+----------+
| |RTL Partition |Replication |Instances |
+-+--------------+------------+----------+
+-+--------------+------------+----------+
---------------------------------------------------------------------------------
Start Technology Mapping
---------------------------------------------------------------------------------
---------------------------------------------------------------------------------
Finished Technology Mapping : Time (s): cpu = 00:00:48 ; elapsed = 00:00:51 . Memory (MB): peak = 781.863 ; gain = 520.180
---------------------------------------------------------------------------------

Report RTL Partitions: 
+-+--------------+------------+----------+
| |RTL Partition |Replication |Instances |
+-+--------------+------------+----------+
+-+--------------+------------+----------+
---------------------------------------------------------------------------------
Start IO Insertion
---------------------------------------------------------------------------------
---------------------------------------------------------------------------------
Start Flattening Before IO Insertion
---------------------------------------------------------------------------------
---------------------------------------------------------------------------------
Finished Flattening Before IO Insertion
---------------------------------------------------------------------------------
---------------------------------------------------------------------------------
Start Final Netlist Cleanup
---------------------------------------------------------------------------------
---------------------------------------------------------------------------------
Finished Final Netlist Cleanup
---------------------------------------------------------------------------------
---------------------------------------------------------------------------------
Finished IO Insertion : Time (s): cpu = 00:00:49 ; elapsed = 00:00:52 . Memory (MB): peak = 781.863 ; gain = 520.180
---------------------------------------------------------------------------------

Report Check Netlist: 
+------+------------------+-------+---------+-------+------------------+
|      |Item              |Errors |Warnings |Status |Description       |
+------+------------------+-------+---------+-------+------------------+
|1     |multi_driven_nets |      0|        0|Passed |Multi driven nets |
+------+------------------+-------+---------+-------+------------------+
---------------------------------------------------------------------------------
Start Renaming Generated Instances
---------------------------------------------------------------------------------
---------------------------------------------------------------------------------
Finished Renaming Generated Instances : Time (s): cpu = 00:00:49 ; elapsed = 00:00:52 . Memory (MB): peak = 781.863 ; gain = 520.180
---------------------------------------------------------------------------------

Report RTL Partitions: 
+-+--------------+------------+----------+
| |RTL Partition |Replication |Instances |
+-+--------------+------------+----------+
+-+--------------+------------+----------+
---------------------------------------------------------------------------------
Start Rebuilding User Hierarchy
---------------------------------------------------------------------------------
---------------------------------------------------------------------------------
Finished Rebuilding User Hierarchy : Time (s): cpu = 00:00:49 ; elapsed = 00:00:52 . Memory (MB): peak = 781.863 ; gain = 520.180
---------------------------------------------------------------------------------
---------------------------------------------------------------------------------
Start Renaming Generated Ports
---------------------------------------------------------------------------------
---------------------------------------------------------------------------------
Finished Renaming Generated Ports : Time (s): cpu = 00:00:49 ; elapsed = 00:00:52 . Memory (MB): peak = 781.863 ; gain = 520.180
---------------------------------------------------------------------------------
---------------------------------------------------------------------------------
Start Handling Custom Attributes
---------------------------------------------------------------------------------
---------------------------------------------------------------------------------
Finished Handling Custom Attributes : Time (s): cpu = 00:00:49 ; elapsed = 00:00:52 . Memory (MB): peak = 781.863 ; gain = 520.180
---------------------------------------------------------------------------------
---------------------------------------------------------------------------------
Start Renaming Generated Nets
---------------------------------------------------------------------------------
---------------------------------------------------------------------------------
Finished Renaming Generated Nets : Time (s): cpu = 00:00:49 ; elapsed = 00:00:52 . Memory (MB): peak = 781.863 ; gain = 520.180
---------------------------------------------------------------------------------
---------------------------------------------------------------------------------
Start Writing Synthesis Report
---------------------------------------------------------------------------------

Report BlackBoxes: 
+-+--------------+----------+
| |BlackBox name |Instances |
+-+--------------+----------+
+-+--------------+----------+

Report Cell Usage: 
+------+------+------+
|      |Cell  |Count |
+------+------+------+
|1     |BUFG  |     1|
|2     |LUT1  |     1|
|3     |LUT2  |     1|
|4     |LUT6  |   104|
|5     |MUXF7 |    48|
|6     |MUXF8 |    24|
|7     |FDRE  |     9|
|8     |IBUF  |    15|
|9     |OBUFT |     8|
+------+------+------+

Report Instance Areas: 
+------+---------+-------+------+
|      |Instance |Module |Cells |
+------+---------+-------+------+
|1     |top      |       |   211|
+------+---------+-------+------+
---------------------------------------------------------------------------------
Finished Writing Synthesis Report : Time (s): cpu = 00:00:49 ; elapsed = 00:00:52 . Memory (MB): peak = 781.863 ; gain = 520.180
---------------------------------------------------------------------------------
Synthesis finished with 0 errors, 0 critical warnings and 0 warnings.
Synthesis Optimization Runtime : Time (s): cpu = 00:00:32 ; elapsed = 00:00:44 . Memory (MB): peak = 781.863 ; gain = 211.469
Synthesis Optimization Complete : Time (s): cpu = 00:00:49 ; elapsed = 00:00:52 . Memory (MB): peak = 781.863 ; gain = 520.180
INFO: [Project 1-571] Translating synthesized netlist
INFO: [Netlist 29-17] Analyzing 72 Unisim elements for replacement
INFO: [Netlist 29-28] Unisim Transformation completed in 0 CPU seconds
INFO: [Project 1-570] Preparing netlist for logic optimization
INFO: [Opt 31-138] Pushed 0 inverter(s) to 0 load pin(s).
Netlist sorting complete. Time (s): cpu = 00:00:00 ; elapsed = 00:00:00 . Memory (MB): peak = 785.910 ; gain = 0.000
INFO: [Project 1-111] Unisim Transformation Summary:
No Unisim elements were transformed.

INFO: [Common 17-83] Releasing license: Synthesis
22 Infos, 100 Warnings, 0 Critical Warnings and 0 Errors encountered.
synth_design completed successfully
synth_design: Time (s): cpu = 00:00:52 ; elapsed = 00:00:55 . Memory (MB): peak = 785.910 ; gain = 524.227
Netlist sorting complete. Time (s): cpu = 00:00:00 ; elapsed = 00:00:00 . Memory (MB): peak = 785.910 ; gain = 0.000
WARNING: [Constraints 18-5210] No constraints selected for write.
Resolution: This message can indicate that there are no constraints for the design, or it can indicate that the used_in flags are set such that the constraints are ignored. This later case is used when running synth_design to not write synthesis constraints to the resulting checkpoint. Instead, project constraints are read when the synthesized design is opened.
INFO: [Common 17-1381] The checkpoint 'C:/Users/Administrator/Desktop/fifo+rom/ROM/ROM.runs/synth_1/ROM.dcp' has been generated.
INFO: [runtcl-4] Executing : report_utilization -file ROM_utilization_synth.rpt -pb ROM_utilization_synth.pb
INFO: [Common 17-206] Exiting Vivado at Fri Apr 18 18:43:18 2025...
