Vivado Simulator 2019.2
Copyright 1986-1999, 2001-2019 Xilinx, Inc. All Rights Reserved.
Running: C:/Xilinx/Vivado/2019.2/bin/unwrapped/win64.o/xelab.exe -wto 62b1ea37a8ff4685aeb098562fa46c0a --incr --debug typical --relax --mt 2 --maxdelay -L xil_defaultlib -L simprims_ver -L secureip --snapshot Decoder3to8_tb_time_synth -transport_int_delays -pulse_r 0 -pulse_int_r 0 -pulse_e 0 -pulse_int_e 0 xil_defaultlib.Decoder3to8_tb xil_defaultlib.glbl -log elaborate.log 
Using 2 slave threads.
Starting static elaboration
Pass Through NonSizing Optimizer
Completed static elaboration
Starting simulation data flow analysis
Completed simulation data flow analysis
INFO: [XSIM 43-3451] SDF backannotation process started with SDF file "Decoder3to8_tb_time_synth.sdf", for root module "Decoder3to8_tb/DUT".
INFO: [XSIM 43-3452] SDF backannotation was successful for SDF file "Decoder3to8_tb_time_synth.sdf", for root module "Decoder3to8_tb/DUT".
Time Resolution for simulation is 1ps
Compiling package std.standard
Compiling package std.textio
Compiling package ieee.std_logic_1164
Compiling package vl.vl_types
Compiling module xil_defaultlib.glbl
Compiling module simprims_ver.IBUF
Compiling module simprims_ver.OBUF
Compiling module simprims_ver.LUT4
Compiling module xil_defaultlib.Decoder3to8
Compiling architecture behavioral of entity xil_defaultlib.decoder3to8_tb
Built simulation snapshot Decoder3to8_tb_time_synth
