#-----------------------------------------------------------
# Vivado v2018.3 (64-bit)
# SW Build 2405991 on Thu Dec  6 23:38:27 MST 2018
# IP Build 2404404 on Fri Dec  7 01:43:56 MST 2018
# Start of session at: Fri Apr 18 14:45:05 2025
# Process ID: 9988
# Current directory: C:/Users/Administrator/Desktop/FIFO_ring
# Command line: vivado.exe -gui_launcher_event rodinguilauncherevent6212 C:\Users\Administrator\Desktop\FIFO_ring\FIFO_ring.xpr
# Log file: C:/Users/Administrator/Desktop/FIFO_ring/vivado.log
# Journal file: C:/Users/Administrator/Desktop/FIFO_ring\vivado.jou
#-----------------------------------------------------------
start_gui
open_project C:/Users/Administrator/Desktop/FIFO_ring/FIFO_ring.xpr
INFO: [Project 1-313] Project file moved from 'D:/soc/EXPERIMENT/FIFO_ring' since last save.
Scanning sources...
Finished scanning sources
INFO: [IP_Flow 19-234] Refreshing IP repositories
INFO: [IP_Flow 19-1704] No user IP repositories specified
INFO: [IP_Flow 19-2313] Loaded Vivado IP repository 'C:/Xilinx/Vivado/2018.3/data/ip'.
open_project: Time (s): cpu = 00:00:13 ; elapsed = 00:00:07 . Memory (MB): peak = 688.926 ; gain = 86.309
update_compile_order -fileset sources_1
exit
INFO: [Common 17-206] Exiting Vivado at Fri Apr 18 14:48:47 2025...
