#-----------------------------------------------------------
# Vivado v2018.3 (64-bit)
# SW Build 2405991 on Thu Dec  6 23:38:27 MST 2018
# IP Build 2404404 on Fri Dec  7 01:43:56 MST 2018
# Start of session at: Mon May 29 14:18:33 2023
# Process ID: 19724
# Current directory: D:/Desktop/soc/soc3/IR_storge/IR_storge
# Command line: vivado.exe -gui_launcher_event rodinguilauncherevent25292 D:\Desktop\soc\soc3\IR_storge\IR_storge\IR_storge.xpr
# Log file: D:/Desktop/soc/soc3/IR_storge/IR_storge/vivado.log
# Journal file: D:/Desktop/soc/soc3/IR_storge/IR_storge\vivado.jou
#-----------------------------------------------------------
start_gui
open_project D:/Desktop/soc/soc3/IR_storge/IR_storge/IR_storge.xpr
INFO: [Project 1-313] Project file moved from 'C:/Users/Administrator/Desktop/IR_storge/IR_storge' since last save.
Scanning sources...
Finished scanning sources
INFO: [IP_Flow 19-234] Refreshing IP repositories
INFO: [IP_Flow 19-1704] No user IP repositories specified
INFO: [IP_Flow 19-2313] Loaded Vivado IP repository 'D:/Vivado_2018.3/Vivado/2018.3/data/ip'.
open_project: Time (s): cpu = 00:00:14 ; elapsed = 00:00:07 . Memory (MB): peak = 799.344 ; gain = 170.027
update_compile_order -fileset sources_1
open_hw
connect_hw_server
INFO: [Labtools 27-2285] Connecting to hw_server url TCP:localhost:3121
open_hw_target
INFO: [Labtoolstcl 44-466] Opening hw_target localhost:3121/xilinx_tcf/Digilent/210203367162A
set_property PROGRAM.FILE {D:/Desktop/soc/soc3/IR_storge/IR_storge/IR_storge.runs/impl_2/IR.bit} [get_hw_devices xc7k160t_0]
current_hw_device [get_hw_devices xc7k160t_0]
refresh_hw_device -update_hw_probes false [lindex [get_hw_devices xc7k160t_0] 0]
INFO: [Labtools 27-1434] Device xc7k160t (JTAG device index = 0) is programmed with a design that has no supported debug core(s) in it.
set_property PROBES.FILE {} [get_hw_devices xc7k160t_0]
set_property FULL_PROBES.FILE {} [get_hw_devices xc7k160t_0]
set_property PROGRAM.FILE {D:/Desktop/soc/soc3/IR_storge/IR_storge/IR_storge.runs/impl_2/IR.bit} [get_hw_devices xc7k160t_0]
program_hw_devices [get_hw_devices xc7k160t_0]
INFO: [Labtools 27-3164] End of startup status: HIGH
refresh_hw_device [lindex [get_hw_devices xc7k160t_0] 0]
INFO: [Labtools 27-1434] Device xc7k160t (JTAG device index = 0) is programmed with a design that has no supported debug core(s) in it.
set_property PROBES.FILE {} [get_hw_devices xc7k160t_0]
set_property FULL_PROBES.FILE {} [get_hw_devices xc7k160t_0]
set_property PROGRAM.FILE {D:/Desktop/soc/soc3/IR_storge/IR_storge/IR_storge.runs/impl_2/IR.bit} [get_hw_devices xc7k160t_0]
program_hw_devices [get_hw_devices xc7k160t_0]
INFO: [Labtools 27-3164] End of startup status: HIGH
refresh_hw_device [lindex [get_hw_devices xc7k160t_0] 0]
INFO: [Labtools 27-1434] Device xc7k160t (JTAG device index = 0) is programmed with a design that has no supported debug core(s) in it.
ERROR: [Labtoolstcl 44-513] HW Target shutdown. Closing target: localhost:3121/xilinx_tcf/Digilent/210203367162A
INFO: [Labtoolstcl 44-466] Opening hw_target localhost:3121/xilinx_tcf/Digilent/210203367162A
INFO: [Labtools 27-1434] Device xc7k160t (JTAG device index = 0) is programmed with a design that has no supported debug core(s) in it.
WARNING: [Labtoolstcl 44-129] No matching hw_ila_data was found.
ERROR: [Labtoolstcl 44-513] HW Target shutdown. Closing target: localhost:3121/xilinx_tcf/Digilent/210203367162A
INFO: [Labtoolstcl 44-466] Opening hw_target localhost:3121/xilinx_tcf/Digilent/210203367162A
INFO: [Labtools 27-1434] Device xc7k160t (JTAG device index = 0) is programmed with a design that has no supported debug core(s) in it.
WARNING: [Labtoolstcl 44-129] No matching hw_ila_data was found.
reset_run synth_2
reset_run impl_2
close_hw
launch_runs impl_2 -jobs 6
[Mon May 29 15:18:14 2023] Launched synth_2...
Run output will be captured here: D:/Desktop/soc/soc3/IR_storge/IR_storge/IR_storge.runs/synth_2/runme.log
[Mon May 29 15:18:14 2023] Launched impl_2...
Run output will be captured here: D:/Desktop/soc/soc3/IR_storge/IR_storge/IR_storge.runs/impl_2/runme.log
reset_run synth_2
launch_runs impl_2 -jobs 6
[Mon May 29 15:19:40 2023] Launched synth_2...
Run output will be captured here: D:/Desktop/soc/soc3/IR_storge/IR_storge/IR_storge.runs/synth_2/runme.log
[Mon May 29 15:19:40 2023] Launched impl_2...
Run output will be captured here: D:/Desktop/soc/soc3/IR_storge/IR_storge/IR_storge.runs/impl_2/runme.log
launch_runs impl_2 -to_step write_bitstream -jobs 6
[Mon May 29 15:21:58 2023] Launched impl_2...
Run output will be captured here: D:/Desktop/soc/soc3/IR_storge/IR_storge/IR_storge.runs/impl_2/runme.log
reset_run impl_2 -prev_step 
reset_run synth_2
reset_run impl_2
launch_runs impl_2 -jobs 6
[Mon May 29 15:23:41 2023] Launched synth_2...
Run output will be captured here: D:/Desktop/soc/soc3/IR_storge/IR_storge/IR_storge.runs/synth_2/runme.log
[Mon May 29 15:23:41 2023] Launched impl_2...
Run output will be captured here: D:/Desktop/soc/soc3/IR_storge/IR_storge/IR_storge.runs/impl_2/runme.log
launch_runs impl_2 -to_step write_bitstream -jobs 6
[Mon May 29 15:25:52 2023] Launched impl_2...
Run output will be captured here: D:/Desktop/soc/soc3/IR_storge/IR_storge/IR_storge.runs/impl_2/runme.log
open_hw
connect_hw_server
INFO: [Labtools 27-2285] Connecting to hw_server url TCP:localhost:3121
open_hw_target
INFO: [Labtoolstcl 44-466] Opening hw_target localhost:3121/xilinx_tcf/Digilent/210203367162A
set_property PROGRAM.FILE {D:/Desktop/soc/soc3/IR_storge/IR_storge/IR_storge.runs/impl_2/IR.bit} [get_hw_devices xc7k160t_0]
current_hw_device [get_hw_devices xc7k160t_0]
refresh_hw_device -update_hw_probes false [lindex [get_hw_devices xc7k160t_0] 0]
INFO: [Labtools 27-1434] Device xc7k160t (JTAG device index = 0) is programmed with a design that has no supported debug core(s) in it.
set_property PROBES.FILE {} [get_hw_devices xc7k160t_0]
set_property FULL_PROBES.FILE {} [get_hw_devices xc7k160t_0]
set_property PROGRAM.FILE {D:/Desktop/soc/soc3/IR_storge/IR_storge/IR_storge.runs/impl_2/IR.bit} [get_hw_devices xc7k160t_0]
program_hw_devices [get_hw_devices xc7k160t_0]
INFO: [Labtools 27-3164] End of startup status: HIGH
refresh_hw_device [lindex [get_hw_devices xc7k160t_0] 0]
INFO: [Labtools 27-1434] Device xc7k160t (JTAG device index = 0) is programmed with a design that has no supported debug core(s) in it.
exit
INFO: [Common 17-206] Exiting Vivado at Mon May 29 15:52:08 2023...
