#-----------------------------------------------------------
# Vivado v2018.3 (64-bit)
# SW Build 2405991 on Thu Dec  6 23:38:27 MST 2018
# IP Build 2404404 on Fri Dec  7 01:43:56 MST 2018
# Start of session at: Sat May 27 16:38:14 2023
# Process ID: 4792
# Current directory: C:/Users/Administrator/Desktop/IR_storge/IR_storge
# Command line: vivado.exe -gui_launcher_event rodinguilauncherevent1848 C:\Users\Administrator\Desktop\IR_storge\IR_storge\IR_storge.xpr
# Log file: C:/Users/Administrator/Desktop/IR_storge/IR_storge/vivado.log
# Journal file: C:/Users/Administrator/Desktop/IR_storge/IR_storge\vivado.jou
#-----------------------------------------------------------
start_gui
open_project C:/Users/Administrator/Desktop/IR_storge/IR_storge/IR_storge.xpr
INFO: [Project 1-313] Project file moved from 'D:/SOC_code/IR_storge/IR_storge' since last save.
Scanning sources...
Finished scanning sources
INFO: [IP_Flow 19-234] Refreshing IP repositories
INFO: [IP_Flow 19-1704] No user IP repositories specified
INFO: [IP_Flow 19-2313] Loaded Vivado IP repository 'C:/Xilinx/Vivado/2018.3/data/ip'.
update_compile_order -fileset sources_1
launch_runs impl_1 -to_step write_bitstream -jobs 3
[Sat May 27 16:39:08 2023] Launched synth_1...
Run output will be captured here: C:/Users/Administrator/Desktop/IR_storge/IR_storge/IR_storge.runs/synth_1/runme.log
[Sat May 27 16:39:08 2023] Launched impl_1...
Run output will be captured here: C:/Users/Administrator/Desktop/IR_storge/IR_storge/IR_storge.runs/impl_1/runme.log
reset_run synth_1
launch_runs impl_1 -to_step write_bitstream -jobs 3
[Sat May 27 16:48:16 2023] Launched synth_1...
Run output will be captured here: C:/Users/Administrator/Desktop/IR_storge/IR_storge/IR_storge.runs/synth_1/runme.log
[Sat May 27 16:48:16 2023] Launched impl_1...
Run output will be captured here: C:/Users/Administrator/Desktop/IR_storge/IR_storge/IR_storge.runs/impl_1/runme.log
reset_run synth_1
launch_runs impl_1 -to_step write_bitstream -jobs 6
[Sat May 27 16:50:17 2023] Launched synth_1...
Run output will be captured here: C:/Users/Administrator/Desktop/IR_storge/IR_storge/IR_storge.runs/synth_1/runme.log
[Sat May 27 16:50:17 2023] Launched impl_1...
Run output will be captured here: C:/Users/Administrator/Desktop/IR_storge/IR_storge/IR_storge.runs/impl_1/runme.log
reset_run synth_1
launch_runs impl_1 -to_step write_bitstream -jobs 6
[Sat May 27 16:54:04 2023] Launched synth_1...
Run output will be captured here: C:/Users/Administrator/Desktop/IR_storge/IR_storge/IR_storge.runs/synth_1/runme.log
[Sat May 27 16:54:04 2023] Launched impl_1...
Run output will be captured here: C:/Users/Administrator/Desktop/IR_storge/IR_storge/IR_storge.runs/impl_1/runme.log
reset_run synth_1
launch_runs impl_1 -to_step write_bitstream -jobs 6
[Sat May 27 17:00:44 2023] Launched synth_1...
Run output will be captured here: C:/Users/Administrator/Desktop/IR_storge/IR_storge/IR_storge.runs/synth_1/runme.log
[Sat May 27 17:00:44 2023] Launched impl_1...
Run output will be captured here: C:/Users/Administrator/Desktop/IR_storge/IR_storge/IR_storge.runs/impl_1/runme.log
reset_run synth_1
launch_runs impl_1 -to_step write_bitstream -jobs 6
[Sat May 27 17:02:35 2023] Launched synth_1...
Run output will be captured here: C:/Users/Administrator/Desktop/IR_storge/IR_storge/IR_storge.runs/synth_1/runme.log
[Sat May 27 17:02:35 2023] Launched impl_1...
Run output will be captured here: C:/Users/Administrator/Desktop/IR_storge/IR_storge/IR_storge.runs/impl_1/runme.log
open_run impl_1
INFO: [Netlist 29-17] Analyzing 16 Unisim elements for replacement
INFO: [Netlist 29-28] Unisim Transformation completed in 0 CPU seconds
INFO: [Project 1-479] Netlist was created with Vivado 2018.3
INFO: [Device 21-403] Loading part xc7k70tfbg676-1
INFO: [Project 1-570] Preparing netlist for logic optimization
INFO: [Timing 38-478] Restoring timing data from binary archive.
INFO: [Timing 38-479] Binary timing data restore complete.
INFO: [Project 1-856] Restoring constraints from binary archive.
INFO: [Project 1-853] Binary constraint restore complete.
Reading XDEF placement.
Reading placer database...
Reading XDEF routing.
Read XDEF File: Time (s): cpu = 00:00:00 ; elapsed = 00:00:00.039 . Memory (MB): peak = 1952.703 ; gain = 0.000
Restored from archive | CPU: 0.000000 secs | Memory: 0.000000 MB |
Finished XDEF File Restore: Time (s): cpu = 00:00:00 ; elapsed = 00:00:00.041 . Memory (MB): peak = 1952.703 ; gain = 0.000
Netlist sorting complete. Time (s): cpu = 00:00:00 ; elapsed = 00:00:00 . Memory (MB): peak = 1952.703 ; gain = 0.000
INFO: [Project 1-111] Unisim Transformation Summary:
No Unisim elements were transformed.

open_run: Time (s): cpu = 00:00:20 ; elapsed = 00:00:15 . Memory (MB): peak = 1952.703 ; gain = 10.199
WARNING: [Timing 38-313] There are no user specified timing constraints. Timing constraints are needed for proper timing analysis.
reset_run synth_1
launch_runs impl_1 -to_step write_bitstream -jobs 6
[Sat May 27 18:22:50 2023] Launched synth_1...
Run output will be captured here: C:/Users/Administrator/Desktop/IR_storge/IR_storge/IR_storge.runs/synth_1/runme.log
[Sat May 27 18:22:50 2023] Launched impl_1...
Run output will be captured here: C:/Users/Administrator/Desktop/IR_storge/IR_storge/IR_storge.runs/impl_1/runme.log
open_hw
connect_hw_server
INFO: [Labtools 27-2285] Connecting to hw_server url TCP:localhost:3121
open_hw_target
INFO: [Labtoolstcl 44-466] Opening hw_target localhost:3121/xilinx_tcf/Digilent/210203367162A
current_hw_device [get_hw_devices xc7k160t_0]
refresh_hw_device -update_hw_probes false [lindex [get_hw_devices xc7k160t_0] 0]
INFO: [Labtools 27-1434] Device xc7k160t (JTAG device index = 0) is programmed with a design that has no supported debug core(s) in it.
close_hw
exit
INFO: [Common 17-206] Exiting Vivado at Sat May 27 18:24:39 2023...
