#-----------------------------------------------------------
# Vivado v2019.2 (64-bit)
# SW Build 2708876 on Wed Nov  6 21:40:23 MST 2019
# IP Build 2700528 on Thu Nov  7 00:09:20 MST 2019
# Start of session at: Sat Jun  3 19:10:34 2023
# Process ID: 10260
# Current directory: C:/Users/akyna/Codes/vivado/IO/IO
# Command line: vivado.exe -gui_launcher_event rodinguilauncherevent23968 C:\Users\akyna\Codes\vivado\IO\IO\IO.xpr
# Log file: C:/Users/akyna/Codes/vivado/IO/IO/vivado.log
# Journal file: C:/Users/akyna/Codes/vivado/IO/IO\vivado.jou
#-----------------------------------------------------------
start_gui
open_project C:/Users/akyna/Codes/vivado/IO/IO/IO.xpr
INFO: [Project 1-313] Project file moved from 'E:/soc/IO' since last save.
CRITICAL WARNING: [Project 1-19] Could not find the file 'C:/Users/Administrator/Desktop/PC_IO/PC_IO/PC_IO.srcs/sources_1/new/PC_IO.vhd'.
Scanning sources...
Finished scanning sources
INFO: [Project 1-230] Project 'IO.xpr' upgraded for this version of Vivado.
INFO: [IP_Flow 19-234] Refreshing IP repositories
INFO: [IP_Flow 19-1704] No user IP repositories specified
INFO: [IP_Flow 19-2313] Loaded Vivado IP repository 'C:/Xilinx/Vivado/2019.2/data/ip'.
open_project: Time (s): cpu = 00:00:02 ; elapsed = 00:00:05 . Memory (MB): peak = 807.488 ; gain = 148.207
update_compile_order -fileset sources_1
reset_run impl_1 -prev_step 
launch_runs impl_1 -to_step write_bitstream -jobs 12
[Sat Jun  3 19:11:35 2023] Launched impl_1...
Run output will be captured here: C:/Users/akyna/Codes/vivado/IO/IO/IO.runs/impl_1/runme.log
open_hw_manager
connect_hw_server -allow_non_jtag
INFO: [Labtools 27-2285] Connecting to hw_server url TCP:localhost:3121
INFO: [Labtools 27-3415] Connecting to cs_server url TCP:localhost:3042
INFO: [Labtools 27-3414] Connected to existing cs_server.
open_hw_target
INFO: [Labtoolstcl 44-466] Opening hw_target localhost:3121/xilinx_tcf/Digilent/210203367162A
set_property PROGRAM.FILE {C:/Users/akyna/Codes/vivado/IO/IO/IO.runs/impl_1/IO_top.bit} [get_hw_devices xc7k160t_0]
current_hw_device [get_hw_devices xc7k160t_0]
refresh_hw_device -update_hw_probes false [lindex [get_hw_devices xc7k160t_0] 0]
INFO: [Labtools 27-1434] Device xc7k160t (JTAG device index = 0) is programmed with a design that has no supported debug core(s) in it.
set_property PROBES.FILE {} [get_hw_devices xc7k160t_0]
set_property FULL_PROBES.FILE {} [get_hw_devices xc7k160t_0]
set_property PROGRAM.FILE {C:/Users/akyna/Codes/vivado/IO/IO/IO.runs/impl_1/IO_top.bit} [get_hw_devices xc7k160t_0]
program_hw_devices [get_hw_devices xc7k160t_0]
INFO: [Labtools 27-3164] End of startup status: HIGH
refresh_hw_device [lindex [get_hw_devices xc7k160t_0] 0]
INFO: [Labtools 27-1434] Device xc7k160t (JTAG device index = 0) is programmed with a design that has no supported debug core(s) in it.
exit
INFO: [Common 17-206] Exiting Vivado at Sat Jun  3 19:44:40 2023...
