#-----------------------------------------------------------
# Vivado v2018.3 (64-bit)
# SW Build 2405991 on Thu Dec  6 23:38:27 MST 2018
# IP Build 2404404 on Fri Dec  7 01:43:56 MST 2018
# Start of session at: Thu May  5 17:32:00 2022
# Process ID: 11732
# Current directory: E:/IO
# Command line: vivado.exe -gui_launcher_event rodinguilauncherevent9416 E:\IO\IO.xpr
# Log file: E:/IO/vivado.log
# Journal file: E:/IO\vivado.jou
#-----------------------------------------------------------
start_gui
open_project E:/IO/IO.xpr
update_compile_order -fileset sources_1
open_hw
connect_hw_server
open_hw_target
set_property PROGRAM.FILE {E:/IO/IO.runs/impl_1/IO_top.bit} [get_hw_devices xc7k160t_0]
current_hw_device [get_hw_devices xc7k160t_0]
refresh_hw_device -update_hw_probes false [lindex [get_hw_devices xc7k160t_0] 0]
set_property PROBES.FILE {} [get_hw_devices xc7k160t_0]
set_property FULL_PROBES.FILE {} [get_hw_devices xc7k160t_0]
set_property PROGRAM.FILE {E:/IO/IO.runs/impl_1/IO_top.bit} [get_hw_devices xc7k160t_0]
program_hw_devices [get_hw_devices xc7k160t_0]
refresh_hw_device [lindex [get_hw_devices xc7k160t_0] 0]
set_property PROBES.FILE {} [get_hw_devices xc7k160t_0]
set_property FULL_PROBES.FILE {} [get_hw_devices xc7k160t_0]
set_property PROGRAM.FILE {E:/IO/IO.runs/impl_1/IO_top.bit} [get_hw_devices xc7k160t_0]
program_hw_devices [get_hw_devices xc7k160t_0]
refresh_hw_device [lindex [get_hw_devices xc7k160t_0] 0]
set_property PROBES.FILE {} [get_hw_devices xc7k160t_0]
set_property FULL_PROBES.FILE {} [get_hw_devices xc7k160t_0]
set_property PROGRAM.FILE {E:/IO/IO.runs/impl_1/IO_top.bit} [get_hw_devices xc7k160t_0]
program_hw_devices [get_hw_devices xc7k160t_0]
refresh_hw_device [lindex [get_hw_devices xc7k160t_0] 0]
