
*** Running vivado
    with args -log IR_test.vds -m64 -product Vivado -mode batch -messageDb vivado.pb -notrace -source IR_test.tcl


****** Vivado v2018.3 (64-bit)
  **** SW Build 2405991 on Thu Dec  6 23:38:27 MST 2018
  **** IP Build 2404404 on Fri Dec  7 01:43:56 MST 2018
    ** Copyright 1986-2018 Xilinx, Inc. All Rights Reserved.

source IR_test.tcl -notrace
Command: synth_design -top IR_test -part xc7k160tfbg676-2
Starting synth_design
Attempting to get a license for feature 'Synthesis' and/or device 'xc7k160t'
INFO: [Common 17-349] Got license for feature 'Synthesis' and/or device 'xc7k160t'
INFO: Launching helper process for spawning children vivado processes
INFO: Helper process launched with PID 9976 
---------------------------------------------------------------------------------
Starting RTL Elaboration : Time (s): cpu = 00:00:02 ; elapsed = 00:00:01 . Memory (MB): peak = 430.410 ; gain = 99.105
---------------------------------------------------------------------------------
INFO: [Synth 8-638] synthesizing module 'IR_test' [D:/soc/EXPERIMENT/IR/IR.srcs/sources_1/new/IR_test.vhd:20]
	Parameter DIV_NUM bound to: 10000 - type: integer 
INFO: [Synth 8-3491] module 'clk_div' declared at 'D:/soc/EXPERIMENT/IR/IR.srcs/sources_1/new/clk_div.vhd:8' bound to instance 'clk_div_inst' of component 'clk_div' [D:/soc/EXPERIMENT/IR/IR.srcs/sources_1/new/IR_test.vhd:61]
INFO: [Synth 8-638] synthesizing module 'clk_div' [D:/soc/EXPERIMENT/IR/IR.srcs/sources_1/new/clk_div.vhd:19]
	Parameter DIV_NUM bound to: 10000 - type: integer 
INFO: [Synth 8-256] done synthesizing module 'clk_div' (1#1) [D:/soc/EXPERIMENT/IR/IR.srcs/sources_1/new/clk_div.vhd:19]
INFO: [Synth 8-3491] module 'seg_dis' declared at 'D:/soc/EXPERIMENT/IR/IR.srcs/sources_1/new/seg_dis.vhd:9' bound to instance 'sig_dis_inst' of component 'seg_dis' [D:/soc/EXPERIMENT/IR/IR.srcs/sources_1/new/IR_test.vhd:62]
INFO: [Synth 8-638] synthesizing module 'seg_dis' [D:/soc/EXPERIMENT/IR/IR.srcs/sources_1/new/seg_dis.vhd:20]
INFO: [Synth 8-226] default block is never used [D:/soc/EXPERIMENT/IR/IR.srcs/sources_1/new/seg_dis.vhd:40]
WARNING: [Synth 8-614] signal 'data_in_A' is read in the process but is not in the sensitivity list [D:/soc/EXPERIMENT/IR/IR.srcs/sources_1/new/seg_dis.vhd:38]
WARNING: [Synth 8-614] signal 'data_in_B' is read in the process but is not in the sensitivity list [D:/soc/EXPERIMENT/IR/IR.srcs/sources_1/new/seg_dis.vhd:38]
WARNING: [Synth 8-614] signal 'data_in_C' is read in the process but is not in the sensitivity list [D:/soc/EXPERIMENT/IR/IR.srcs/sources_1/new/seg_dis.vhd:38]
WARNING: [Synth 8-614] signal 'data_in_D' is read in the process but is not in the sensitivity list [D:/soc/EXPERIMENT/IR/IR.srcs/sources_1/new/seg_dis.vhd:38]
INFO: [Synth 8-226] default block is never used [D:/soc/EXPERIMENT/IR/IR.srcs/sources_1/new/seg_dis.vhd:63]
INFO: [Synth 8-256] done synthesizing module 'seg_dis' (2#1) [D:/soc/EXPERIMENT/IR/IR.srcs/sources_1/new/seg_dis.vhd:20]
INFO: [Synth 8-3491] module 'IR' declared at 'D:/soc/EXPERIMENT/IR/IR.srcs/sources_1/new/IR.vhd:8' bound to instance 'IR_inst' of component 'IR' [D:/soc/EXPERIMENT/IR/IR.srcs/sources_1/new/IR_test.vhd:63]
INFO: [Synth 8-638] synthesizing module 'IR' [D:/soc/EXPERIMENT/IR/IR.srcs/sources_1/new/IR.vhd:20]
INFO: [Synth 8-256] done synthesizing module 'IR' (3#1) [D:/soc/EXPERIMENT/IR/IR.srcs/sources_1/new/IR.vhd:20]
INFO: [Synth 8-256] done synthesizing module 'IR_test' (4#1) [D:/soc/EXPERIMENT/IR/IR.srcs/sources_1/new/IR_test.vhd:20]
---------------------------------------------------------------------------------
Finished RTL Elaboration : Time (s): cpu = 00:00:02 ; elapsed = 00:00:02 . Memory (MB): peak = 486.414 ; gain = 155.109
---------------------------------------------------------------------------------

Report Check Netlist: 
+------+------------------+-------+---------+-------+------------------+
|      |Item              |Errors |Warnings |Status |Description       |
+------+------------------+-------+---------+-------+------------------+
|1     |multi_driven_nets |      0|        0|Passed |Multi driven nets |
+------+------------------+-------+---------+-------+------------------+
---------------------------------------------------------------------------------
Start Handling Custom Attributes
---------------------------------------------------------------------------------
---------------------------------------------------------------------------------
Finished Handling Custom Attributes : Time (s): cpu = 00:00:02 ; elapsed = 00:00:02 . Memory (MB): peak = 486.414 ; gain = 155.109
---------------------------------------------------------------------------------
---------------------------------------------------------------------------------
Finished RTL Optimization Phase 1 : Time (s): cpu = 00:00:02 ; elapsed = 00:00:02 . Memory (MB): peak = 486.414 ; gain = 155.109
---------------------------------------------------------------------------------
INFO: [Device 21-403] Loading part xc7k160tfbg676-2
INFO: [Project 1-570] Preparing netlist for logic optimization

Processing XDC Constraints
Initializing timing engine
Parsing XDC File [D:/soc/EXPERIMENT/IR/IR.srcs/constrs_1/new/pin.xdc]
Finished Parsing XDC File [D:/soc/EXPERIMENT/IR/IR.srcs/constrs_1/new/pin.xdc]
INFO: [Project 1-236] Implementation specific constraints were found while reading constraint file [D:/soc/EXPERIMENT/IR/IR.srcs/constrs_1/new/pin.xdc]. These constraints will be ignored for synthesis but will be used in implementation. Impacted constraints are listed in the file [.Xil/IR_test_propImpl.xdc].
Resolution: To avoid this warning, move constraints listed in [.Xil/IR_test_propImpl.xdc] to another XDC file and exclude this new file from synthesis with the used_in_synthesis property (File Properties dialog in GUI) and re-run elaboration/synthesis.
Netlist sorting complete. Time (s): cpu = 00:00:00 ; elapsed = 00:00:00 . Memory (MB): peak = 836.727 ; gain = 0.000
Completed Processing XDC Constraints

Netlist sorting complete. Time (s): cpu = 00:00:00 ; elapsed = 00:00:00 . Memory (MB): peak = 836.727 ; gain = 0.000
INFO: [Project 1-111] Unisim Transformation Summary:
No Unisim elements were transformed.

Netlist sorting complete. Time (s): cpu = 00:00:00 ; elapsed = 00:00:00 . Memory (MB): peak = 836.727 ; gain = 0.000
Constraint Validation Runtime : Time (s): cpu = 00:00:00 ; elapsed = 00:00:00.001 . Memory (MB): peak = 836.727 ; gain = 0.000
---------------------------------------------------------------------------------
Finished Constraint Validation : Time (s): cpu = 00:00:08 ; elapsed = 00:00:09 . Memory (MB): peak = 836.727 ; gain = 505.422
---------------------------------------------------------------------------------
---------------------------------------------------------------------------------
Start Loading Part and Timing Information
---------------------------------------------------------------------------------
Loading part: xc7k160tfbg676-2
---------------------------------------------------------------------------------
Finished Loading Part and Timing Information : Time (s): cpu = 00:00:08 ; elapsed = 00:00:09 . Memory (MB): peak = 836.727 ; gain = 505.422
---------------------------------------------------------------------------------
---------------------------------------------------------------------------------
Start Applying 'set_property' XDC Constraints
---------------------------------------------------------------------------------
---------------------------------------------------------------------------------
Finished applying 'set_property' XDC Constraints : Time (s): cpu = 00:00:08 ; elapsed = 00:00:09 . Memory (MB): peak = 836.727 ; gain = 505.422
---------------------------------------------------------------------------------
INFO: [Synth 8-802] inferred FSM for state register 'state_reg' in module 'seg_dis'
INFO: [Synth 8-5544] ROM "sel_out" won't be mapped to Block RAM because address size (4) smaller than threshold (5)
INFO: [Synth 8-5544] ROM "next_state" won't be mapped to Block RAM because address size (4) smaller than threshold (5)
---------------------------------------------------------------------------------------------------
                   State |                     New Encoding |                Previous Encoding 
---------------------------------------------------------------------------------------------------
                      s0 |                             0000 |                             0000
                      s1 |                             0001 |                             0001
                      s2 |                             0010 |                             0010
                      s3 |                             0011 |                             0011
                      s4 |                             0100 |                             0100
                      s5 |                             0101 |                             0101
                      s6 |                             0110 |                             0110
                      s7 |                             0111 |                             0111
                      s8 |                             1000 |                             1000
                      s9 |                             1001 |                             1001
                     s10 |                             1010 |                             1010
                     s11 |                             1011 |                             1011
                     s12 |                             1100 |                             1100
                     s13 |                             1101 |                             1101
                     s14 |                             1110 |                             1110
                     s15 |                             1111 |                             1111
---------------------------------------------------------------------------------------------------
INFO: [Synth 8-3354] encoded FSM with state register 'state_reg' using encoding 'sequential' in module 'seg_dis'
---------------------------------------------------------------------------------
Finished RTL Optimization Phase 2 : Time (s): cpu = 00:00:08 ; elapsed = 00:00:09 . Memory (MB): peak = 836.727 ; gain = 505.422
---------------------------------------------------------------------------------

Report RTL Partitions: 
+-+--------------+------------+----------+
| |RTL Partition |Replication |Instances |
+-+--------------+------------+----------+
+-+--------------+------------+----------+
---------------------------------------------------------------------------------
Start RTL Component Statistics 
---------------------------------------------------------------------------------
Detailed RTL Component Info : 
+---Adders : 
	   2 Input     32 Bit       Adders := 1     
+---Registers : 
	               12 Bit    Registers := 1     
	                8 Bit    Registers := 1     
	                7 Bit    Registers := 1     
	                1 Bit    Registers := 3     
+---Muxes : 
	   2 Input     32 Bit        Muxes := 2     
	  16 Input     16 Bit        Muxes := 1     
	   2 Input     12 Bit        Muxes := 1     
	  16 Input      4 Bit        Muxes := 2     
---------------------------------------------------------------------------------
Finished RTL Component Statistics 
---------------------------------------------------------------------------------
---------------------------------------------------------------------------------
Start RTL Hierarchical Component Statistics 
---------------------------------------------------------------------------------
Hierarchical RTL Component report 
Module clk_div 
Detailed RTL Component Info : 
+---Adders : 
	   2 Input     32 Bit       Adders := 1     
+---Registers : 
	                1 Bit    Registers := 1     
+---Muxes : 
	   2 Input     32 Bit        Muxes := 2     
Module seg_dis 
Detailed RTL Component Info : 
+---Muxes : 
	  16 Input     16 Bit        Muxes := 1     
	  16 Input      4 Bit        Muxes := 2     
Module IR 
Detailed RTL Component Info : 
+---Registers : 
	               12 Bit    Registers := 1     
	                8 Bit    Registers := 1     
	                7 Bit    Registers := 1     
	                1 Bit    Registers := 2     
+---Muxes : 
	   2 Input     12 Bit        Muxes := 1     
---------------------------------------------------------------------------------
Finished RTL Hierarchical Component Statistics
---------------------------------------------------------------------------------
---------------------------------------------------------------------------------
Start Part Resource Summary
---------------------------------------------------------------------------------
Part Resources:
DSPs: 600 (col length:100)
BRAMs: 650 (col length: RAMB18 100 RAMB36 50)
---------------------------------------------------------------------------------
Finished Part Resource Summary
---------------------------------------------------------------------------------
---------------------------------------------------------------------------------
Start Cross Boundary and Area Optimization
---------------------------------------------------------------------------------
Warning: Parallel synthesis criteria is not met 
---------------------------------------------------------------------------------
Finished Cross Boundary and Area Optimization : Time (s): cpu = 00:00:09 ; elapsed = 00:00:10 . Memory (MB): peak = 836.727 ; gain = 505.422
---------------------------------------------------------------------------------

Report RTL Partitions: 
+-+--------------+------------+----------+
| |RTL Partition |Replication |Instances |
+-+--------------+------------+----------+
+-+--------------+------------+----------+
---------------------------------------------------------------------------------
Start Applying XDC Timing Constraints
---------------------------------------------------------------------------------
---------------------------------------------------------------------------------
Finished Applying XDC Timing Constraints : Time (s): cpu = 00:00:14 ; elapsed = 00:00:15 . Memory (MB): peak = 840.898 ; gain = 509.594
---------------------------------------------------------------------------------
---------------------------------------------------------------------------------
Start Timing Optimization
---------------------------------------------------------------------------------
---------------------------------------------------------------------------------
Finished Timing Optimization : Time (s): cpu = 00:00:14 ; elapsed = 00:00:15 . Memory (MB): peak = 841.121 ; gain = 509.816
---------------------------------------------------------------------------------

Report RTL Partitions: 
+-+--------------+------------+----------+
| |RTL Partition |Replication |Instances |
+-+--------------+------------+----------+
+-+--------------+------------+----------+
---------------------------------------------------------------------------------
Start Technology Mapping
---------------------------------------------------------------------------------
---------------------------------------------------------------------------------
Finished Technology Mapping : Time (s): cpu = 00:00:14 ; elapsed = 00:00:15 . Memory (MB): peak = 851.277 ; gain = 519.973
---------------------------------------------------------------------------------

Report RTL Partitions: 
+-+--------------+------------+----------+
| |RTL Partition |Replication |Instances |
+-+--------------+------------+----------+
+-+--------------+------------+----------+
---------------------------------------------------------------------------------
Start IO Insertion
---------------------------------------------------------------------------------
---------------------------------------------------------------------------------
Start Flattening Before IO Insertion
---------------------------------------------------------------------------------
---------------------------------------------------------------------------------
Finished Flattening Before IO Insertion
---------------------------------------------------------------------------------
---------------------------------------------------------------------------------
Start Final Netlist Cleanup
---------------------------------------------------------------------------------
---------------------------------------------------------------------------------
Finished Final Netlist Cleanup
---------------------------------------------------------------------------------
---------------------------------------------------------------------------------
Finished IO Insertion : Time (s): cpu = 00:00:14 ; elapsed = 00:00:15 . Memory (MB): peak = 851.277 ; gain = 519.973
---------------------------------------------------------------------------------

Report Check Netlist: 
+------+------------------+-------+---------+-------+------------------+
|      |Item              |Errors |Warnings |Status |Description       |
+------+------------------+-------+---------+-------+------------------+
|1     |multi_driven_nets |      0|        0|Passed |Multi driven nets |
+------+------------------+-------+---------+-------+------------------+
---------------------------------------------------------------------------------
Start Renaming Generated Instances
---------------------------------------------------------------------------------
---------------------------------------------------------------------------------
Finished Renaming Generated Instances : Time (s): cpu = 00:00:14 ; elapsed = 00:00:15 . Memory (MB): peak = 851.277 ; gain = 519.973
---------------------------------------------------------------------------------

Report RTL Partitions: 
+-+--------------+------------+----------+
| |RTL Partition |Replication |Instances |
+-+--------------+------------+----------+
+-+--------------+------------+----------+
---------------------------------------------------------------------------------
Start Rebuilding User Hierarchy
---------------------------------------------------------------------------------
---------------------------------------------------------------------------------
Finished Rebuilding User Hierarchy : Time (s): cpu = 00:00:14 ; elapsed = 00:00:15 . Memory (MB): peak = 851.277 ; gain = 519.973
---------------------------------------------------------------------------------
---------------------------------------------------------------------------------
Start Renaming Generated Ports
---------------------------------------------------------------------------------
---------------------------------------------------------------------------------
Finished Renaming Generated Ports : Time (s): cpu = 00:00:14 ; elapsed = 00:00:15 . Memory (MB): peak = 851.277 ; gain = 519.973
---------------------------------------------------------------------------------
---------------------------------------------------------------------------------
Start Handling Custom Attributes
---------------------------------------------------------------------------------
---------------------------------------------------------------------------------
Finished Handling Custom Attributes : Time (s): cpu = 00:00:14 ; elapsed = 00:00:15 . Memory (MB): peak = 851.277 ; gain = 519.973
---------------------------------------------------------------------------------
---------------------------------------------------------------------------------
Start Renaming Generated Nets
---------------------------------------------------------------------------------
---------------------------------------------------------------------------------
Finished Renaming Generated Nets : Time (s): cpu = 00:00:14 ; elapsed = 00:00:15 . Memory (MB): peak = 851.277 ; gain = 519.973
---------------------------------------------------------------------------------
---------------------------------------------------------------------------------
Start Writing Synthesis Report
---------------------------------------------------------------------------------

Report BlackBoxes: 
+-+--------------+----------+
| |BlackBox name |Instances |
+-+--------------+----------+
+-+--------------+----------+

Report Cell Usage: 
+------+-------+------+
|      |Cell   |Count |
+------+-------+------+
|1     |BUFG   |     1|
|2     |CARRY4 |    16|
|3     |LUT1   |     2|
|4     |LUT2   |    49|
|5     |LUT3   |    34|
|6     |LUT4   |    37|
|7     |LUT5   |     4|
|8     |MUXF7  |     8|
|9     |MUXF8  |     4|
|10    |FDCE   |    58|
|11    |FDRE   |     8|
|12    |IBUF   |    14|
|13    |OBUF   |    26|
+------+-------+------+

Report Instance Areas: 
+------+---------------+--------+------+
|      |Instance       |Module  |Cells |
+------+---------------+--------+------+
|1     |top            |        |   261|
|2     |  IR_inst      |IR      |    45|
|3     |  clk_div_inst |clk_div |   130|
|4     |  sig_dis_inst |seg_dis |    45|
+------+---------------+--------+------+
---------------------------------------------------------------------------------
Finished Writing Synthesis Report : Time (s): cpu = 00:00:14 ; elapsed = 00:00:15 . Memory (MB): peak = 851.277 ; gain = 519.973
---------------------------------------------------------------------------------
Synthesis finished with 0 errors, 0 critical warnings and 0 warnings.
Synthesis Optimization Runtime : Time (s): cpu = 00:00:08 ; elapsed = 00:00:10 . Memory (MB): peak = 851.277 ; gain = 169.660
Synthesis Optimization Complete : Time (s): cpu = 00:00:15 ; elapsed = 00:00:15 . Memory (MB): peak = 851.277 ; gain = 519.973
INFO: [Project 1-571] Translating synthesized netlist
INFO: [Netlist 29-17] Analyzing 28 Unisim elements for replacement
INFO: [Netlist 29-28] Unisim Transformation completed in 0 CPU seconds
INFO: [Project 1-570] Preparing netlist for logic optimization
INFO: [Opt 31-138] Pushed 0 inverter(s) to 0 load pin(s).
Netlist sorting complete. Time (s): cpu = 00:00:00 ; elapsed = 00:00:00 . Memory (MB): peak = 865.730 ; gain = 0.000
INFO: [Project 1-111] Unisim Transformation Summary:
No Unisim elements were transformed.

INFO: [Common 17-83] Releasing license: Synthesis
29 Infos, 4 Warnings, 0 Critical Warnings and 0 Errors encountered.
synth_design completed successfully
synth_design: Time (s): cpu = 00:00:16 ; elapsed = 00:00:17 . Memory (MB): peak = 865.730 ; gain = 547.094
Netlist sorting complete. Time (s): cpu = 00:00:00 ; elapsed = 00:00:00.001 . Memory (MB): peak = 865.730 ; gain = 0.000
WARNING: [Constraints 18-5210] No constraints selected for write.
Resolution: This message can indicate that there are no constraints for the design, or it can indicate that the used_in flags are set such that the constraints are ignored. This later case is used when running synth_design to not write synthesis constraints to the resulting checkpoint. Instead, project constraints are read when the synthesized design is opened.
INFO: [Common 17-1381] The checkpoint 'D:/soc/EXPERIMENT/IR/IR.runs/synth_1/IR_test.dcp' has been generated.
INFO: [runtcl-4] Executing : report_utilization -file IR_test_utilization_synth.rpt -pb IR_test_utilization_synth.pb
INFO: [Common 17-206] Exiting Vivado at Wed Apr 24 09:31:46 2024...
