# do {CPU_test_compile.do}
# ** Warning: (vlib-34) Library already exists at "modelsim_lib/work".
# ** Warning: (vlib-34) Library already exists at "modelsim_lib/msim".
# ** Warning: (vlib-34) Library already exists at "modelsim_lib/msim/xil_defaultlib".
# Model Technology ModelSim SE-64 vmap 10.5 Lib Mapping Utility 2016.02 Feb 13 2016
# vmap xil_defaultlib modelsim_lib/msim/xil_defaultlib 
# Modifying E:\software\work\xilinx\Vivado\lib\modelsim.ini
# ** Warning: (vcom-159) Mode option -64 is not supported in this context and will be ignored.
# Model Technology ModelSim SE-64 vcom 10.5 Compiler 2016.02 Feb 13 2016
# Start time: 22:57:03 on Apr 26,2024
# vcom -64 -93 -work xil_defaultlib ../../../../CPU.srcs/sources_1/new/ALU.vhd ../../../../CPU.srcs/sources_1/new/CPU.vhd ../../../../CPU.srcs/sources_1/new/IO.vhd ../../../../CPU.srcs/sources_1/new/IR.vhd ../../../../CPU.srcs/sources_1/new/RAM.vhd ../../../../CPU.srcs/sources_1/new/RN.vhd ../../../../CPU.srcs/sources_1/new/ROM.vhd ../../../../CPU.srcs/sources_1/new/SP.vhd ../../../../CPU.srcs/sources_1/new/adder_1bit.vhd ../../../../CPU.srcs/sources_1/new/array_multiplier.vhd ../../../../CPU.srcs/sources_1/new/array_multiplier_low.vhd ../../../../CPU.srcs/sources_1/new/array_multiplier_top.vhd ../../../../CPU.srcs/sources_1/new/array_multiplier_unit.vhd ../../../../CPU.srcs/sources_1/new/clock.vhd ../../../../CPU.srcs/sources_1/new/pc.vhd ../../../../CPU.srcs/sources_1/new/uC.vhd ../../../../CPU.srcs/sources_1/new/uC_CM.vhd ../../../../CPU.srcs/sources_1/new/uC_uA.vhd ../../../../CPU.srcs/sources_1/new/uC_uAR.vhd ../../../../CPU.srcs/sources_1/new/uC_uIR.vhd ../../../../CPU.srcs/sim_1/new/CPU_test.vhd 
# -- Loading package STANDARD
# -- Loading package TEXTIO
# -- Loading package std_logic_1164
# -- Loading package std_logic_arith
# -- Loading package STD_LOGIC_UNSIGNED
# -- Compiling entity ALU
# -- Compiling architecture Behavioral of ALU
# -- Compiling entity CPU
# -- Compiling architecture Behavioral of CPU
# -- Compiling entity IO
# -- Compiling architecture Behavioral of IO
# -- Compiling entity IR
# -- Compiling architecture Behavioral of IR
# -- Compiling entity RAM
# -- Compiling architecture Behavioral of RAM
# -- Compiling entity RN
# -- Compiling architecture Behavioral of RN
# -- Loading package std_logic_textio
# -- Compiling entity ROM
# -- Compiling architecture Behavioral of ROM
# -- Compiling entity SP
# -- Compiling architecture Behavioral of SP
# -- Compiling entity adder_1bit
# -- Compiling architecture Behavioral of adder_1bit
# -- Compiling entity array_multiplier
# -- Compiling architecture Behavioral of array_multiplier
# -- Compiling entity array_multiplier_low
# -- Compiling architecture Behavioral of array_multiplier_low
# -- Compiling entity array_multiplier_top
# -- Compiling architecture Behavioral of array_multiplier_top
# -- Compiling entity array_multiplier_unit
# -- Compiling architecture Behavioral of array_multiplier_unit
# -- Compiling entity clock
# -- Compiling architecture Behavioral of clock
# -- Compiling entity pc
# -- Compiling architecture Behavioral of pc
# -- Compiling entity uC
# -- Compiling architecture Behavioral of uC
# -- Compiling entity uC_CM
# -- Compiling architecture Behavioral of uC_CM
# -- Compiling entity uC_uA
# -- Compiling architecture Behavioral of uC_uA
# -- Compiling entity uC_uAR
# -- Compiling architecture Behavioral of uC_uAR
# -- Compiling entity uC_uIR
# -- Compiling architecture Behavioral of uC_uIR
# -- Compiling entity CPU_test
# -- Compiling architecture Behavioral of CPU_test
# ** Warning: ../../../../CPU.srcs/sim_1/new/CPU_test.vhd(37): (vcom-1207) An abstract literal and an identifier must have a separator between them.
# ** Warning: ../../../../CPU.srcs/sim_1/new/CPU_test.vhd(39): (vcom-1207) An abstract literal and an identifier must have a separator between them.
# ** Warning: ../../../../CPU.srcs/sim_1/new/CPU_test.vhd(45): (vcom-1207) An abstract literal and an identifier must have a separator between them.
# End time: 22:57:03 on Apr 26,2024, Elapsed time: 0:00:00
# Errors: 0, Warnings: 4
