
*** Running vivado
    with args -log rom_dled.vds -m64 -product Vivado -mode batch -messageDb vivado.pb -notrace -source rom_dled.tcl


****** Vivado v2019.2 (64-bit)
  **** SW Build 2708876 on Wed Nov  6 21:40:23 MST 2019
  **** IP Build 2700528 on Thu Nov  7 00:09:20 MST 2019
    ** Copyright 1986-2019 Xilinx, Inc. All Rights Reserved.

source rom_dled.tcl -notrace
Command: synth_design -top rom_dled -part xc7k160tfbg676-2
Starting synth_design
Attempting to get a license for feature 'Synthesis' and/or device 'xc7k160t'
INFO: [Common 17-349] Got license for feature 'Synthesis' and/or device 'xc7k160t'
INFO: [Device 21-403] Loading part xc7k160tfbg676-2
INFO: Launching helper process for spawning children vivado processes
INFO: Helper process launched with PID 8600 
---------------------------------------------------------------------------------
Starting RTL Elaboration : Time (s): cpu = 00:00:01 ; elapsed = 00:00:04 . Memory (MB): peak = 863.453 ; gain = 234.320
---------------------------------------------------------------------------------
INFO: [Synth 8-638] synthesizing module 'rom_dled' [C:/Users/akyna/Codes/vivado/rom/rom.srcs/sources_1/new/rom_dled.vhd:44]
	Parameter wordlength bound to: 8 - type: integer 
	Parameter addrlength bound to: 8 - type: integer 
INFO: [Synth 8-3491] module 'MyRom' declared at 'C:/Users/akyna/Codes/vivado/rom/rom.srcs/sources_1/new/MyRom.vhd:37' bound to instance 'U1' of component 'MyRom' [C:/Users/akyna/Codes/vivado/rom/rom.srcs/sources_1/new/rom_dled.vhd:66]
INFO: [Synth 8-638] synthesizing module 'MyRom' [C:/Users/akyna/Codes/vivado/rom/rom.srcs/sources_1/new/MyRom.vhd:49]
	Parameter wordlength bound to: 8 - type: integer 
	Parameter addrlength bound to: 8 - type: integer 
WARNING: [Synth 8-3848] Net rom[255] in module/entity MyRom does not have driver. [C:/Users/akyna/Codes/vivado/rom/rom.srcs/sources_1/new/MyRom.vhd:51]
WARNING: [Synth 8-3848] Net rom[254] in module/entity MyRom does not have driver. [C:/Users/akyna/Codes/vivado/rom/rom.srcs/sources_1/new/MyRom.vhd:51]
WARNING: [Synth 8-3848] Net rom[253] in module/entity MyRom does not have driver. [C:/Users/akyna/Codes/vivado/rom/rom.srcs/sources_1/new/MyRom.vhd:51]
WARNING: [Synth 8-3848] Net rom[252] in module/entity MyRom does not have driver. [C:/Users/akyna/Codes/vivado/rom/rom.srcs/sources_1/new/MyRom.vhd:51]
WARNING: [Synth 8-3848] Net rom[251] in module/entity MyRom does not have driver. [C:/Users/akyna/Codes/vivado/rom/rom.srcs/sources_1/new/MyRom.vhd:51]
WARNING: [Synth 8-3848] Net rom[250] in module/entity MyRom does not have driver. [C:/Users/akyna/Codes/vivado/rom/rom.srcs/sources_1/new/MyRom.vhd:51]
WARNING: [Synth 8-3848] Net rom[249] in module/entity MyRom does not have driver. [C:/Users/akyna/Codes/vivado/rom/rom.srcs/sources_1/new/MyRom.vhd:51]
WARNING: [Synth 8-3848] Net rom[248] in module/entity MyRom does not have driver. [C:/Users/akyna/Codes/vivado/rom/rom.srcs/sources_1/new/MyRom.vhd:51]
WARNING: [Synth 8-3848] Net rom[247] in module/entity MyRom does not have driver. [C:/Users/akyna/Codes/vivado/rom/rom.srcs/sources_1/new/MyRom.vhd:51]
WARNING: [Synth 8-3848] Net rom[246] in module/entity MyRom does not have driver. [C:/Users/akyna/Codes/vivado/rom/rom.srcs/sources_1/new/MyRom.vhd:51]
WARNING: [Synth 8-3848] Net rom[245] in module/entity MyRom does not have driver. [C:/Users/akyna/Codes/vivado/rom/rom.srcs/sources_1/new/MyRom.vhd:51]
WARNING: [Synth 8-3848] Net rom[244] in module/entity MyRom does not have driver. [C:/Users/akyna/Codes/vivado/rom/rom.srcs/sources_1/new/MyRom.vhd:51]
WARNING: [Synth 8-3848] Net rom[243] in module/entity MyRom does not have driver. [C:/Users/akyna/Codes/vivado/rom/rom.srcs/sources_1/new/MyRom.vhd:51]
WARNING: [Synth 8-3848] Net rom[242] in module/entity MyRom does not have driver. [C:/Users/akyna/Codes/vivado/rom/rom.srcs/sources_1/new/MyRom.vhd:51]
WARNING: [Synth 8-3848] Net rom[241] in module/entity MyRom does not have driver. [C:/Users/akyna/Codes/vivado/rom/rom.srcs/sources_1/new/MyRom.vhd:51]
WARNING: [Synth 8-3848] Net rom[240] in module/entity MyRom does not have driver. [C:/Users/akyna/Codes/vivado/rom/rom.srcs/sources_1/new/MyRom.vhd:51]
WARNING: [Synth 8-3848] Net rom[239] in module/entity MyRom does not have driver. [C:/Users/akyna/Codes/vivado/rom/rom.srcs/sources_1/new/MyRom.vhd:51]
WARNING: [Synth 8-3848] Net rom[238] in module/entity MyRom does not have driver. [C:/Users/akyna/Codes/vivado/rom/rom.srcs/sources_1/new/MyRom.vhd:51]
WARNING: [Synth 8-3848] Net rom[237] in module/entity MyRom does not have driver. [C:/Users/akyna/Codes/vivado/rom/rom.srcs/sources_1/new/MyRom.vhd:51]
WARNING: [Synth 8-3848] Net rom[236] in module/entity MyRom does not have driver. [C:/Users/akyna/Codes/vivado/rom/rom.srcs/sources_1/new/MyRom.vhd:51]
WARNING: [Synth 8-3848] Net rom[235] in module/entity MyRom does not have driver. [C:/Users/akyna/Codes/vivado/rom/rom.srcs/sources_1/new/MyRom.vhd:51]
WARNING: [Synth 8-3848] Net rom[234] in module/entity MyRom does not have driver. [C:/Users/akyna/Codes/vivado/rom/rom.srcs/sources_1/new/MyRom.vhd:51]
WARNING: [Synth 8-3848] Net rom[233] in module/entity MyRom does not have driver. [C:/Users/akyna/Codes/vivado/rom/rom.srcs/sources_1/new/MyRom.vhd:51]
WARNING: [Synth 8-3848] Net rom[232] in module/entity MyRom does not have driver. [C:/Users/akyna/Codes/vivado/rom/rom.srcs/sources_1/new/MyRom.vhd:51]
WARNING: [Synth 8-3848] Net rom[231] in module/entity MyRom does not have driver. [C:/Users/akyna/Codes/vivado/rom/rom.srcs/sources_1/new/MyRom.vhd:51]
WARNING: [Synth 8-3848] Net rom[230] in module/entity MyRom does not have driver. [C:/Users/akyna/Codes/vivado/rom/rom.srcs/sources_1/new/MyRom.vhd:51]
WARNING: [Synth 8-3848] Net rom[229] in module/entity MyRom does not have driver. [C:/Users/akyna/Codes/vivado/rom/rom.srcs/sources_1/new/MyRom.vhd:51]
WARNING: [Synth 8-3848] Net rom[228] in module/entity MyRom does not have driver. [C:/Users/akyna/Codes/vivado/rom/rom.srcs/sources_1/new/MyRom.vhd:51]
WARNING: [Synth 8-3848] Net rom[227] in module/entity MyRom does not have driver. [C:/Users/akyna/Codes/vivado/rom/rom.srcs/sources_1/new/MyRom.vhd:51]
WARNING: [Synth 8-3848] Net rom[226] in module/entity MyRom does not have driver. [C:/Users/akyna/Codes/vivado/rom/rom.srcs/sources_1/new/MyRom.vhd:51]
WARNING: [Synth 8-3848] Net rom[225] in module/entity MyRom does not have driver. [C:/Users/akyna/Codes/vivado/rom/rom.srcs/sources_1/new/MyRom.vhd:51]
WARNING: [Synth 8-3848] Net rom[224] in module/entity MyRom does not have driver. [C:/Users/akyna/Codes/vivado/rom/rom.srcs/sources_1/new/MyRom.vhd:51]
WARNING: [Synth 8-3848] Net rom[223] in module/entity MyRom does not have driver. [C:/Users/akyna/Codes/vivado/rom/rom.srcs/sources_1/new/MyRom.vhd:51]
WARNING: [Synth 8-3848] Net rom[222] in module/entity MyRom does not have driver. [C:/Users/akyna/Codes/vivado/rom/rom.srcs/sources_1/new/MyRom.vhd:51]
WARNING: [Synth 8-3848] Net rom[221] in module/entity MyRom does not have driver. [C:/Users/akyna/Codes/vivado/rom/rom.srcs/sources_1/new/MyRom.vhd:51]
WARNING: [Synth 8-3848] Net rom[220] in module/entity MyRom does not have driver. [C:/Users/akyna/Codes/vivado/rom/rom.srcs/sources_1/new/MyRom.vhd:51]
WARNING: [Synth 8-3848] Net rom[219] in module/entity MyRom does not have driver. [C:/Users/akyna/Codes/vivado/rom/rom.srcs/sources_1/new/MyRom.vhd:51]
WARNING: [Synth 8-3848] Net rom[218] in module/entity MyRom does not have driver. [C:/Users/akyna/Codes/vivado/rom/rom.srcs/sources_1/new/MyRom.vhd:51]
WARNING: [Synth 8-3848] Net rom[217] in module/entity MyRom does not have driver. [C:/Users/akyna/Codes/vivado/rom/rom.srcs/sources_1/new/MyRom.vhd:51]
WARNING: [Synth 8-3848] Net rom[216] in module/entity MyRom does not have driver. [C:/Users/akyna/Codes/vivado/rom/rom.srcs/sources_1/new/MyRom.vhd:51]
WARNING: [Synth 8-3848] Net rom[215] in module/entity MyRom does not have driver. [C:/Users/akyna/Codes/vivado/rom/rom.srcs/sources_1/new/MyRom.vhd:51]
WARNING: [Synth 8-3848] Net rom[214] in module/entity MyRom does not have driver. [C:/Users/akyna/Codes/vivado/rom/rom.srcs/sources_1/new/MyRom.vhd:51]
WARNING: [Synth 8-3848] Net rom[213] in module/entity MyRom does not have driver. [C:/Users/akyna/Codes/vivado/rom/rom.srcs/sources_1/new/MyRom.vhd:51]
WARNING: [Synth 8-3848] Net rom[212] in module/entity MyRom does not have driver. [C:/Users/akyna/Codes/vivado/rom/rom.srcs/sources_1/new/MyRom.vhd:51]
WARNING: [Synth 8-3848] Net rom[211] in module/entity MyRom does not have driver. [C:/Users/akyna/Codes/vivado/rom/rom.srcs/sources_1/new/MyRom.vhd:51]
WARNING: [Synth 8-3848] Net rom[210] in module/entity MyRom does not have driver. [C:/Users/akyna/Codes/vivado/rom/rom.srcs/sources_1/new/MyRom.vhd:51]
WARNING: [Synth 8-3848] Net rom[209] in module/entity MyRom does not have driver. [C:/Users/akyna/Codes/vivado/rom/rom.srcs/sources_1/new/MyRom.vhd:51]
WARNING: [Synth 8-3848] Net rom[208] in module/entity MyRom does not have driver. [C:/Users/akyna/Codes/vivado/rom/rom.srcs/sources_1/new/MyRom.vhd:51]
WARNING: [Synth 8-3848] Net rom[207] in module/entity MyRom does not have driver. [C:/Users/akyna/Codes/vivado/rom/rom.srcs/sources_1/new/MyRom.vhd:51]
WARNING: [Synth 8-3848] Net rom[206] in module/entity MyRom does not have driver. [C:/Users/akyna/Codes/vivado/rom/rom.srcs/sources_1/new/MyRom.vhd:51]
WARNING: [Synth 8-3848] Net rom[205] in module/entity MyRom does not have driver. [C:/Users/akyna/Codes/vivado/rom/rom.srcs/sources_1/new/MyRom.vhd:51]
WARNING: [Synth 8-3848] Net rom[204] in module/entity MyRom does not have driver. [C:/Users/akyna/Codes/vivado/rom/rom.srcs/sources_1/new/MyRom.vhd:51]
WARNING: [Synth 8-3848] Net rom[203] in module/entity MyRom does not have driver. [C:/Users/akyna/Codes/vivado/rom/rom.srcs/sources_1/new/MyRom.vhd:51]
WARNING: [Synth 8-3848] Net rom[202] in module/entity MyRom does not have driver. [C:/Users/akyna/Codes/vivado/rom/rom.srcs/sources_1/new/MyRom.vhd:51]
WARNING: [Synth 8-3848] Net rom[201] in module/entity MyRom does not have driver. [C:/Users/akyna/Codes/vivado/rom/rom.srcs/sources_1/new/MyRom.vhd:51]
WARNING: [Synth 8-3848] Net rom[200] in module/entity MyRom does not have driver. [C:/Users/akyna/Codes/vivado/rom/rom.srcs/sources_1/new/MyRom.vhd:51]
WARNING: [Synth 8-3848] Net rom[199] in module/entity MyRom does not have driver. [C:/Users/akyna/Codes/vivado/rom/rom.srcs/sources_1/new/MyRom.vhd:51]
WARNING: [Synth 8-3848] Net rom[198] in module/entity MyRom does not have driver. [C:/Users/akyna/Codes/vivado/rom/rom.srcs/sources_1/new/MyRom.vhd:51]
WARNING: [Synth 8-3848] Net rom[197] in module/entity MyRom does not have driver. [C:/Users/akyna/Codes/vivado/rom/rom.srcs/sources_1/new/MyRom.vhd:51]
WARNING: [Synth 8-3848] Net rom[196] in module/entity MyRom does not have driver. [C:/Users/akyna/Codes/vivado/rom/rom.srcs/sources_1/new/MyRom.vhd:51]
WARNING: [Synth 8-3848] Net rom[195] in module/entity MyRom does not have driver. [C:/Users/akyna/Codes/vivado/rom/rom.srcs/sources_1/new/MyRom.vhd:51]
WARNING: [Synth 8-3848] Net rom[194] in module/entity MyRom does not have driver. [C:/Users/akyna/Codes/vivado/rom/rom.srcs/sources_1/new/MyRom.vhd:51]
WARNING: [Synth 8-3848] Net rom[193] in module/entity MyRom does not have driver. [C:/Users/akyna/Codes/vivado/rom/rom.srcs/sources_1/new/MyRom.vhd:51]
WARNING: [Synth 8-3848] Net rom[192] in module/entity MyRom does not have driver. [C:/Users/akyna/Codes/vivado/rom/rom.srcs/sources_1/new/MyRom.vhd:51]
WARNING: [Synth 8-3848] Net rom[191] in module/entity MyRom does not have driver. [C:/Users/akyna/Codes/vivado/rom/rom.srcs/sources_1/new/MyRom.vhd:51]
WARNING: [Synth 8-3848] Net rom[190] in module/entity MyRom does not have driver. [C:/Users/akyna/Codes/vivado/rom/rom.srcs/sources_1/new/MyRom.vhd:51]
WARNING: [Synth 8-3848] Net rom[189] in module/entity MyRom does not have driver. [C:/Users/akyna/Codes/vivado/rom/rom.srcs/sources_1/new/MyRom.vhd:51]
WARNING: [Synth 8-3848] Net rom[188] in module/entity MyRom does not have driver. [C:/Users/akyna/Codes/vivado/rom/rom.srcs/sources_1/new/MyRom.vhd:51]
WARNING: [Synth 8-3848] Net rom[187] in module/entity MyRom does not have driver. [C:/Users/akyna/Codes/vivado/rom/rom.srcs/sources_1/new/MyRom.vhd:51]
WARNING: [Synth 8-3848] Net rom[186] in module/entity MyRom does not have driver. [C:/Users/akyna/Codes/vivado/rom/rom.srcs/sources_1/new/MyRom.vhd:51]
WARNING: [Synth 8-3848] Net rom[185] in module/entity MyRom does not have driver. [C:/Users/akyna/Codes/vivado/rom/rom.srcs/sources_1/new/MyRom.vhd:51]
WARNING: [Synth 8-3848] Net rom[184] in module/entity MyRom does not have driver. [C:/Users/akyna/Codes/vivado/rom/rom.srcs/sources_1/new/MyRom.vhd:51]
WARNING: [Synth 8-3848] Net rom[183] in module/entity MyRom does not have driver. [C:/Users/akyna/Codes/vivado/rom/rom.srcs/sources_1/new/MyRom.vhd:51]
WARNING: [Synth 8-3848] Net rom[182] in module/entity MyRom does not have driver. [C:/Users/akyna/Codes/vivado/rom/rom.srcs/sources_1/new/MyRom.vhd:51]
WARNING: [Synth 8-3848] Net rom[181] in module/entity MyRom does not have driver. [C:/Users/akyna/Codes/vivado/rom/rom.srcs/sources_1/new/MyRom.vhd:51]
WARNING: [Synth 8-3848] Net rom[180] in module/entity MyRom does not have driver. [C:/Users/akyna/Codes/vivado/rom/rom.srcs/sources_1/new/MyRom.vhd:51]
WARNING: [Synth 8-3848] Net rom[179] in module/entity MyRom does not have driver. [C:/Users/akyna/Codes/vivado/rom/rom.srcs/sources_1/new/MyRom.vhd:51]
WARNING: [Synth 8-3848] Net rom[178] in module/entity MyRom does not have driver. [C:/Users/akyna/Codes/vivado/rom/rom.srcs/sources_1/new/MyRom.vhd:51]
WARNING: [Synth 8-3848] Net rom[177] in module/entity MyRom does not have driver. [C:/Users/akyna/Codes/vivado/rom/rom.srcs/sources_1/new/MyRom.vhd:51]
WARNING: [Synth 8-3848] Net rom[176] in module/entity MyRom does not have driver. [C:/Users/akyna/Codes/vivado/rom/rom.srcs/sources_1/new/MyRom.vhd:51]
WARNING: [Synth 8-3848] Net rom[175] in module/entity MyRom does not have driver. [C:/Users/akyna/Codes/vivado/rom/rom.srcs/sources_1/new/MyRom.vhd:51]
WARNING: [Synth 8-3848] Net rom[174] in module/entity MyRom does not have driver. [C:/Users/akyna/Codes/vivado/rom/rom.srcs/sources_1/new/MyRom.vhd:51]
WARNING: [Synth 8-3848] Net rom[173] in module/entity MyRom does not have driver. [C:/Users/akyna/Codes/vivado/rom/rom.srcs/sources_1/new/MyRom.vhd:51]
WARNING: [Synth 8-3848] Net rom[172] in module/entity MyRom does not have driver. [C:/Users/akyna/Codes/vivado/rom/rom.srcs/sources_1/new/MyRom.vhd:51]
WARNING: [Synth 8-3848] Net rom[171] in module/entity MyRom does not have driver. [C:/Users/akyna/Codes/vivado/rom/rom.srcs/sources_1/new/MyRom.vhd:51]
WARNING: [Synth 8-3848] Net rom[170] in module/entity MyRom does not have driver. [C:/Users/akyna/Codes/vivado/rom/rom.srcs/sources_1/new/MyRom.vhd:51]
WARNING: [Synth 8-3848] Net rom[169] in module/entity MyRom does not have driver. [C:/Users/akyna/Codes/vivado/rom/rom.srcs/sources_1/new/MyRom.vhd:51]
WARNING: [Synth 8-3848] Net rom[168] in module/entity MyRom does not have driver. [C:/Users/akyna/Codes/vivado/rom/rom.srcs/sources_1/new/MyRom.vhd:51]
WARNING: [Synth 8-3848] Net rom[167] in module/entity MyRom does not have driver. [C:/Users/akyna/Codes/vivado/rom/rom.srcs/sources_1/new/MyRom.vhd:51]
WARNING: [Synth 8-3848] Net rom[166] in module/entity MyRom does not have driver. [C:/Users/akyna/Codes/vivado/rom/rom.srcs/sources_1/new/MyRom.vhd:51]
WARNING: [Synth 8-3848] Net rom[165] in module/entity MyRom does not have driver. [C:/Users/akyna/Codes/vivado/rom/rom.srcs/sources_1/new/MyRom.vhd:51]
WARNING: [Synth 8-3848] Net rom[164] in module/entity MyRom does not have driver. [C:/Users/akyna/Codes/vivado/rom/rom.srcs/sources_1/new/MyRom.vhd:51]
WARNING: [Synth 8-3848] Net rom[163] in module/entity MyRom does not have driver. [C:/Users/akyna/Codes/vivado/rom/rom.srcs/sources_1/new/MyRom.vhd:51]
WARNING: [Synth 8-3848] Net rom[162] in module/entity MyRom does not have driver. [C:/Users/akyna/Codes/vivado/rom/rom.srcs/sources_1/new/MyRom.vhd:51]
WARNING: [Synth 8-3848] Net rom[161] in module/entity MyRom does not have driver. [C:/Users/akyna/Codes/vivado/rom/rom.srcs/sources_1/new/MyRom.vhd:51]
WARNING: [Synth 8-3848] Net rom[160] in module/entity MyRom does not have driver. [C:/Users/akyna/Codes/vivado/rom/rom.srcs/sources_1/new/MyRom.vhd:51]
WARNING: [Synth 8-3848] Net rom[159] in module/entity MyRom does not have driver. [C:/Users/akyna/Codes/vivado/rom/rom.srcs/sources_1/new/MyRom.vhd:51]
WARNING: [Synth 8-3848] Net rom[158] in module/entity MyRom does not have driver. [C:/Users/akyna/Codes/vivado/rom/rom.srcs/sources_1/new/MyRom.vhd:51]
WARNING: [Synth 8-3848] Net rom[157] in module/entity MyRom does not have driver. [C:/Users/akyna/Codes/vivado/rom/rom.srcs/sources_1/new/MyRom.vhd:51]
WARNING: [Synth 8-3848] Net rom[156] in module/entity MyRom does not have driver. [C:/Users/akyna/Codes/vivado/rom/rom.srcs/sources_1/new/MyRom.vhd:51]
INFO: [Common 17-14] Message 'Synth 8-3848' appears 100 times and further instances of the messages will be disabled. Use the Tcl command set_msg_config to change the current settings.
INFO: [Synth 8-256] done synthesizing module 'MyRom' (1#1) [C:/Users/akyna/Codes/vivado/rom/rom.srcs/sources_1/new/MyRom.vhd:49]
INFO: [Synth 8-3491] module 'DLED' declared at 'C:/Users/akyna/Codes/vivado/rom/rom.srcs/sources_1/new/DLED.vhd:34' bound to instance 'U2' of component 'DLED' [C:/Users/akyna/Codes/vivado/rom/rom.srcs/sources_1/new/rom_dled.vhd:67]
INFO: [Synth 8-638] synthesizing module 'DLED' [C:/Users/akyna/Codes/vivado/rom/rom.srcs/sources_1/new/DLED.vhd:43]
WARNING: [Synth 8-614] signal 'clk_out' is read in the process but is not in the sensitivity list [C:/Users/akyna/Codes/vivado/rom/rom.srcs/sources_1/new/DLED.vhd:49]
INFO: [Synth 8-226] default block is never used [C:/Users/akyna/Codes/vivado/rom/rom.srcs/sources_1/new/DLED.vhd:75]
INFO: [Synth 8-226] default block is never used [C:/Users/akyna/Codes/vivado/rom/rom.srcs/sources_1/new/DLED.vhd:98]
INFO: [Synth 8-256] done synthesizing module 'DLED' (2#1) [C:/Users/akyna/Codes/vivado/rom/rom.srcs/sources_1/new/DLED.vhd:43]
INFO: [Synth 8-256] done synthesizing module 'rom_dled' (3#1) [C:/Users/akyna/Codes/vivado/rom/rom.srcs/sources_1/new/rom_dled.vhd:44]
---------------------------------------------------------------------------------
Finished RTL Elaboration : Time (s): cpu = 00:00:02 ; elapsed = 00:00:06 . Memory (MB): peak = 936.652 ; gain = 307.520
---------------------------------------------------------------------------------

Report Check Netlist: 
+------+------------------+-------+---------+-------+------------------+
|      |Item              |Errors |Warnings |Status |Description       |
+------+------------------+-------+---------+-------+------------------+
|1     |multi_driven_nets |      0|        0|Passed |Multi driven nets |
+------+------------------+-------+---------+-------+------------------+
---------------------------------------------------------------------------------
Start Handling Custom Attributes
---------------------------------------------------------------------------------
---------------------------------------------------------------------------------
Finished Handling Custom Attributes : Time (s): cpu = 00:00:02 ; elapsed = 00:00:06 . Memory (MB): peak = 936.652 ; gain = 307.520
---------------------------------------------------------------------------------
---------------------------------------------------------------------------------
Finished RTL Optimization Phase 1 : Time (s): cpu = 00:00:02 ; elapsed = 00:00:06 . Memory (MB): peak = 936.652 ; gain = 307.520
---------------------------------------------------------------------------------
Netlist sorting complete. Time (s): cpu = 00:00:00 ; elapsed = 00:00:00.005 . Memory (MB): peak = 936.652 ; gain = 0.000
INFO: [Project 1-570] Preparing netlist for logic optimization

Processing XDC Constraints
Initializing timing engine
Parsing XDC File [C:/Users/akyna/Codes/vivado/rom/rom.srcs/constrs_2/new/rom_dled.xdc]
Finished Parsing XDC File [C:/Users/akyna/Codes/vivado/rom/rom.srcs/constrs_2/new/rom_dled.xdc]
INFO: [Project 1-236] Implementation specific constraints were found while reading constraint file [C:/Users/akyna/Codes/vivado/rom/rom.srcs/constrs_2/new/rom_dled.xdc]. These constraints will be ignored for synthesis but will be used in implementation. Impacted constraints are listed in the file [.Xil/rom_dled_propImpl.xdc].
Resolution: To avoid this warning, move constraints listed in [.Xil/rom_dled_propImpl.xdc] to another XDC file and exclude this new file from synthesis with the used_in_synthesis property (File Properties dialog in GUI) and re-run elaboration/synthesis.
Completed Processing XDC Constraints

Netlist sorting complete. Time (s): cpu = 00:00:00 ; elapsed = 00:00:00 . Memory (MB): peak = 964.824 ; gain = 0.000
INFO: [Project 1-111] Unisim Transformation Summary:
No Unisim elements were transformed.

Constraint Validation Runtime : Time (s): cpu = 00:00:00 ; elapsed = 00:00:00.002 . Memory (MB): peak = 964.824 ; gain = 0.000
---------------------------------------------------------------------------------
Finished Constraint Validation : Time (s): cpu = 00:00:05 ; elapsed = 00:00:12 . Memory (MB): peak = 964.824 ; gain = 335.691
---------------------------------------------------------------------------------
---------------------------------------------------------------------------------
Start Loading Part and Timing Information
---------------------------------------------------------------------------------
Loading part: xc7k160tfbg676-2
---------------------------------------------------------------------------------
Finished Loading Part and Timing Information : Time (s): cpu = 00:00:05 ; elapsed = 00:00:12 . Memory (MB): peak = 964.824 ; gain = 335.691
---------------------------------------------------------------------------------
---------------------------------------------------------------------------------
Start Applying 'set_property' XDC Constraints
---------------------------------------------------------------------------------
---------------------------------------------------------------------------------
Finished applying 'set_property' XDC Constraints : Time (s): cpu = 00:00:05 ; elapsed = 00:00:12 . Memory (MB): peak = 964.824 ; gain = 335.691
---------------------------------------------------------------------------------
WARNING: [Synth 8-327] inferring latch for variable 'clk_out_reg' [C:/Users/akyna/Codes/vivado/rom/rom.srcs/sources_1/new/DLED.vhd:55]
---------------------------------------------------------------------------------
Finished RTL Optimization Phase 2 : Time (s): cpu = 00:00:05 ; elapsed = 00:00:13 . Memory (MB): peak = 964.824 ; gain = 335.691
---------------------------------------------------------------------------------

Report RTL Partitions: 
+-+--------------+------------+----------+
| |RTL Partition |Replication |Instances |
+-+--------------+------------+----------+
+-+--------------+------------+----------+
---------------------------------------------------------------------------------
Start RTL Component Statistics 
---------------------------------------------------------------------------------
Detailed RTL Component Info : 
+---Registers : 
	                8 Bit    Registers := 1     
	                4 Bit    Registers := 1     
	                2 Bit    Registers := 1     
	                1 Bit    Registers := 1     
+---Muxes : 
	   2 Input      8 Bit        Muxes := 1     
	   2 Input      4 Bit        Muxes := 1     
	   2 Input      2 Bit        Muxes := 1     
	   2 Input      1 Bit        Muxes := 1     
---------------------------------------------------------------------------------
Finished RTL Component Statistics 
---------------------------------------------------------------------------------
---------------------------------------------------------------------------------
Start RTL Hierarchical Component Statistics 
---------------------------------------------------------------------------------
Hierarchical RTL Component report 
Module MyRom 
Detailed RTL Component Info : 
+---Muxes : 
	   2 Input      8 Bit        Muxes := 1     
Module DLED 
Detailed RTL Component Info : 
+---Registers : 
	                8 Bit    Registers := 1     
	                4 Bit    Registers := 1     
	                2 Bit    Registers := 1     
	                1 Bit    Registers := 1     
+---Muxes : 
	   2 Input      4 Bit        Muxes := 1     
	   2 Input      2 Bit        Muxes := 1     
	   2 Input      1 Bit        Muxes := 1     
---------------------------------------------------------------------------------
Finished RTL Hierarchical Component Statistics
---------------------------------------------------------------------------------
---------------------------------------------------------------------------------
Start Part Resource Summary
---------------------------------------------------------------------------------
Part Resources:
DSPs: 600 (col length:100)
BRAMs: 650 (col length: RAMB18 100 RAMB36 50)
---------------------------------------------------------------------------------
Finished Part Resource Summary
---------------------------------------------------------------------------------
---------------------------------------------------------------------------------
Start Cross Boundary and Area Optimization
---------------------------------------------------------------------------------
Warning: Parallel synthesis criteria is not met 
INFO: [Synth 8-3333] propagating constant 1 across sequential element (\U2/dis_reg[7] )
---------------------------------------------------------------------------------
Finished Cross Boundary and Area Optimization : Time (s): cpu = 00:00:05 ; elapsed = 00:00:14 . Memory (MB): peak = 964.824 ; gain = 335.691
---------------------------------------------------------------------------------

Report RTL Partitions: 
+-+--------------+------------+----------+
| |RTL Partition |Replication |Instances |
+-+--------------+------------+----------+
+-+--------------+------------+----------+
---------------------------------------------------------------------------------
Start Applying XDC Timing Constraints
---------------------------------------------------------------------------------
---------------------------------------------------------------------------------
Finished Applying XDC Timing Constraints : Time (s): cpu = 00:00:09 ; elapsed = 00:00:21 . Memory (MB): peak = 1011.000 ; gain = 381.867
---------------------------------------------------------------------------------
---------------------------------------------------------------------------------
Start Timing Optimization
---------------------------------------------------------------------------------
---------------------------------------------------------------------------------
Finished Timing Optimization : Time (s): cpu = 00:00:09 ; elapsed = 00:00:21 . Memory (MB): peak = 1011.148 ; gain = 382.016
---------------------------------------------------------------------------------

Report RTL Partitions: 
+-+--------------+------------+----------+
| |RTL Partition |Replication |Instances |
+-+--------------+------------+----------+
+-+--------------+------------+----------+
---------------------------------------------------------------------------------
Start Technology Mapping
---------------------------------------------------------------------------------
---------------------------------------------------------------------------------
Finished Technology Mapping : Time (s): cpu = 00:00:09 ; elapsed = 00:00:21 . Memory (MB): peak = 1021.234 ; gain = 392.102
---------------------------------------------------------------------------------

Report RTL Partitions: 
+-+--------------+------------+----------+
| |RTL Partition |Replication |Instances |
+-+--------------+------------+----------+
+-+--------------+------------+----------+
---------------------------------------------------------------------------------
Start IO Insertion
---------------------------------------------------------------------------------
---------------------------------------------------------------------------------
Start Flattening Before IO Insertion
---------------------------------------------------------------------------------
---------------------------------------------------------------------------------
Finished Flattening Before IO Insertion
---------------------------------------------------------------------------------
---------------------------------------------------------------------------------
Start Final Netlist Cleanup
---------------------------------------------------------------------------------
---------------------------------------------------------------------------------
Finished Final Netlist Cleanup
---------------------------------------------------------------------------------
---------------------------------------------------------------------------------
Finished IO Insertion : Time (s): cpu = 00:00:10 ; elapsed = 00:00:25 . Memory (MB): peak = 1037.070 ; gain = 407.938
---------------------------------------------------------------------------------
---------------------------------------------------------------------------------
Start Renaming Generated Instances
---------------------------------------------------------------------------------
---------------------------------------------------------------------------------
Finished Renaming Generated Instances : Time (s): cpu = 00:00:10 ; elapsed = 00:00:25 . Memory (MB): peak = 1037.070 ; gain = 407.938
---------------------------------------------------------------------------------

Report RTL Partitions: 
+-+--------------+------------+----------+
| |RTL Partition |Replication |Instances |
+-+--------------+------------+----------+
+-+--------------+------------+----------+

Report Check Netlist: 
+------+------------------+-------+---------+-------+------------------+
|      |Item              |Errors |Warnings |Status |Description       |
+------+------------------+-------+---------+-------+------------------+
|1     |multi_driven_nets |      0|        0|Passed |Multi driven nets |
+------+------------------+-------+---------+-------+------------------+
---------------------------------------------------------------------------------
Start Rebuilding User Hierarchy
---------------------------------------------------------------------------------
---------------------------------------------------------------------------------
Finished Rebuilding User Hierarchy : Time (s): cpu = 00:00:10 ; elapsed = 00:00:25 . Memory (MB): peak = 1037.070 ; gain = 407.938
---------------------------------------------------------------------------------
---------------------------------------------------------------------------------
Start Renaming Generated Ports
---------------------------------------------------------------------------------
---------------------------------------------------------------------------------
Finished Renaming Generated Ports : Time (s): cpu = 00:00:10 ; elapsed = 00:00:25 . Memory (MB): peak = 1037.070 ; gain = 407.938
---------------------------------------------------------------------------------
---------------------------------------------------------------------------------
Start Handling Custom Attributes
---------------------------------------------------------------------------------
---------------------------------------------------------------------------------
Finished Handling Custom Attributes : Time (s): cpu = 00:00:10 ; elapsed = 00:00:25 . Memory (MB): peak = 1037.070 ; gain = 407.938
---------------------------------------------------------------------------------
---------------------------------------------------------------------------------
Start Renaming Generated Nets
---------------------------------------------------------------------------------
---------------------------------------------------------------------------------
Finished Renaming Generated Nets : Time (s): cpu = 00:00:10 ; elapsed = 00:00:25 . Memory (MB): peak = 1037.070 ; gain = 407.938
---------------------------------------------------------------------------------
---------------------------------------------------------------------------------
Start Writing Synthesis Report
---------------------------------------------------------------------------------

Report BlackBoxes: 
+-+--------------+----------+
| |BlackBox name |Instances |
+-+--------------+----------+
+-+--------------+----------+

Report Cell Usage: 
+------+-------+------+
|      |Cell   |Count |
+------+-------+------+
|1     |BUFG   |     1|
|2     |CARRY4 |    12|
|3     |LUT1   |     5|
|4     |LUT2   |    40|
|5     |LUT3   |     5|
|6     |LUT4   |    11|
|7     |LUT5   |     5|
|8     |FDCE   |    33|
|9     |FDPE   |     9|
|10    |FDRE   |     4|
|11    |LDP    |     1|
|12    |IBUF   |    11|
|13    |OBUF   |    10|
+------+-------+------+

Report Instance Areas: 
+------+---------+-------+------+
|      |Instance |Module |Cells |
+------+---------+-------+------+
|1     |top      |       |   147|
|2     |  U1     |MyRom  |    18|
|3     |  U2     |DLED   |   107|
+------+---------+-------+------+
---------------------------------------------------------------------------------
Finished Writing Synthesis Report : Time (s): cpu = 00:00:10 ; elapsed = 00:00:25 . Memory (MB): peak = 1037.070 ; gain = 407.938
---------------------------------------------------------------------------------
Synthesis finished with 0 errors, 0 critical warnings and 1 warnings.
Synthesis Optimization Runtime : Time (s): cpu = 00:00:07 ; elapsed = 00:00:23 . Memory (MB): peak = 1037.070 ; gain = 379.766
Synthesis Optimization Complete : Time (s): cpu = 00:00:10 ; elapsed = 00:00:25 . Memory (MB): peak = 1037.070 ; gain = 407.938
INFO: [Project 1-571] Translating synthesized netlist
Netlist sorting complete. Time (s): cpu = 00:00:00 ; elapsed = 00:00:00.002 . Memory (MB): peak = 1037.070 ; gain = 0.000
INFO: [Netlist 29-17] Analyzing 13 Unisim elements for replacement
INFO: [Netlist 29-28] Unisim Transformation completed in 0 CPU seconds
INFO: [Project 1-570] Preparing netlist for logic optimization
INFO: [Opt 31-138] Pushed 0 inverter(s) to 0 load pin(s).
Netlist sorting complete. Time (s): cpu = 00:00:00 ; elapsed = 00:00:00.001 . Memory (MB): peak = 1047.285 ; gain = 0.000
INFO: [Project 1-111] Unisim Transformation Summary:
  A total of 1 instances were transformed.
  LDP => LDPE: 1 instance 

INFO: [Common 17-83] Releasing license: Synthesis
24 Infos, 102 Warnings, 0 Critical Warnings and 0 Errors encountered.
synth_design completed successfully
synth_design: Time (s): cpu = 00:00:11 ; elapsed = 00:00:32 . Memory (MB): peak = 1047.285 ; gain = 741.730
Netlist sorting complete. Time (s): cpu = 00:00:00 ; elapsed = 00:00:00 . Memory (MB): peak = 1047.285 ; gain = 0.000
WARNING: [Constraints 18-5210] No constraints selected for write.
Resolution: This message can indicate that there are no constraints for the design, or it can indicate that the used_in flags are set such that the constraints are ignored. This later case is used when running synth_design to not write synthesis constraints to the resulting checkpoint. Instead, project constraints are read when the synthesized design is opened.
INFO: [Common 17-1381] The checkpoint 'C:/Users/akyna/Codes/vivado/rom/rom.runs/synth_1/rom_dled.dcp' has been generated.
INFO: [runtcl-4] Executing : report_utilization -file rom_dled_utilization_synth.rpt -pb rom_dled_utilization_synth.pb
INFO: [Common 17-206] Exiting Vivado at Sat May 20 18:58:04 2023...
