Copyright 1986-2018 Xilinx, Inc. All Rights Reserved.
------------------------------------------------------------------------------------
| Tool Version : Vivado v.2018.3 (win64) Build 2405991 Thu Dec  6 23:38:27 MST 2018
| Date         : Wed Apr 17 19:41:37 2024
| Host         : PC505-003 running 64-bit major release  (build 9200)
| Command      : report_control_sets -verbose -file pc_control_sets_placed.rpt
| Design       : pc
| Device       : xc7k160t
------------------------------------------------------------------------------------

Control Set Information

Table of Contents
-----------------
1. Summary
2. Histogram
3. Flip-Flop Distribution
4. Detailed Control Set Information

1. Summary
----------

+----------------------------------------------------------+-------+
|                          Status                          | Count |
+----------------------------------------------------------+-------+
| Number of unique control sets                            |    76 |
| Unused register locations in slices containing registers |   524 |
+----------------------------------------------------------+-------+


2. Histogram
------------

+--------+--------------+
| Fanout | Control Sets |
+--------+--------------+
|      1 |           72 |
|      2 |            2 |
|      4 |            2 |
+--------+--------------+


3. Flip-Flop Distribution
-------------------------

+--------------+-----------------------+------------------------+-----------------+--------------+
| Clock Enable | Synchronous Set/Reset | Asynchronous Set/Reset | Total Registers | Total Slices |
+--------------+-----------------------+------------------------+-----------------+--------------+
| No           | No                    | No                     |               2 |            1 |
| No           | No                    | Yes                    |              13 |           13 |
| No           | Yes                   | No                     |              24 |           24 |
| Yes          | No                    | No                     |               4 |            1 |
| Yes          | No                    | Yes                    |              37 |           36 |
| Yes          | Yes                   | No                     |               4 |            2 |
+--------------+-----------------------+------------------------+-----------------+--------------+


4. Detailed Control Set Information
-----------------------------------

+-------------------------------+---------------------+------------------------------+------------------+----------------+
|          Clock Signal         |    Enable Signal    |       Set/Reset Signal       | Slice Load Count | Bel Load Count |
+-------------------------------+---------------------+------------------------------+------------------+----------------+
|  ADDR_reg[10]_LDC_i_1_n_0     |                     | ADDR_reg[10]_LDC_i_2_n_0     |                1 |              1 |
|  ADDR_reg[0]_LDC_i_1_n_0      |                     | ADDR_reg[0]_LDC_i_2_n_0      |                1 |              1 |
|  ADDR_reg[11]_LDC_i_1_n_0     |                     | ADDR_reg[11]_LDC_i_2_n_0     |                1 |              1 |
|  ADDR_reg[1]_LDC_i_1_n_0      |                     | ADDR_reg[1]_LDC_i_2_n_0      |                1 |              1 |
|  ADDR_reg[2]_LDC_i_1_n_0      |                     | ADDR_reg[2]_LDC_i_2_n_0      |                1 |              1 |
|  ADDR_reg[8]_LDC_i_1_n_0      |                     | ADDR_reg[8]_LDC_i_2_n_0      |                1 |              1 |
|  pc_count_reg[7]_LDC_i_1_n_0  |                     | pc_count_reg[7]_LDC_i_2_n_0  |                1 |              1 |
|  clk_PC_IBUF_BUFG             |                     | ADDR_reg[0]_LDC_i_2_n_0      |                1 |              1 |
|  clk_PC_IBUF_BUFG             |                     | ADDR_reg[11]_LDC_i_2_n_0     |                1 |              1 |
|  clk_PC_IBUF_BUFG             |                     | ADDR_reg[10]_LDC_i_2_n_0     |                1 |              1 |
|  clk_PC_IBUF_BUFG             |                     | ADDR_reg[1]_LDC_i_2_n_0      |                1 |              1 |
|  clk_PC_IBUF_BUFG             |                     | ADDR_reg[6]_LDC_i_2_n_0      |                1 |              1 |
|  clk_PC_IBUF_BUFG             |                     | ADDR_reg[9]_LDC_i_2_n_0      |                1 |              1 |
|  clk_PC_IBUF_BUFG             |                     | ADDR_reg[5]_LDC_i_2_n_0      |                1 |              1 |
|  clk_PC_IBUF_BUFG             |                     | ADDR_reg[4]_LDC_i_2_n_0      |                1 |              1 |
|  clk_PC_IBUF_BUFG             |                     | ADDR_reg[8]_LDC_i_2_n_0      |                1 |              1 |
|  clk_PC_IBUF_BUFG             |                     | ADDR_reg[7]_LDC_i_2_n_0      |                1 |              1 |
|  clk_PC_IBUF_BUFG             |                     | ADDR_reg[2]_LDC_i_2_n_0      |                1 |              1 |
|  clk_PC_IBUF_BUFG             |                     | ADDR_reg[3]_LDC_i_2_n_0      |                1 |              1 |
|  clk_PC_IBUF_BUFG             |                     | pc_count_reg[0]_LDC_i_2_n_0  |                1 |              1 |
|  pc_count_reg[9]_LDC_i_1_n_0  |                     | pc_count_reg[9]_LDC_i_2_n_0  |                1 |              1 |
|  pc_count_reg[8]_LDC_i_1_n_0  |                     | pc_count_reg[8]_LDC_i_2_n_0  |                1 |              1 |
|  pc_count_reg[6]_LDC_i_1_n_0  |                     | pc_count_reg[6]_LDC_i_2_n_0  |                1 |              1 |
|  clk_PC_IBUF_BUFG             | M_PC_IBUF           | ADDR_reg[10]_LDC_i_1_n_0     |                1 |              1 |
|  clk_PC_IBUF_BUFG             | M_PC_IBUF           | ADDR_reg[0]_LDC_i_1_n_0      |                1 |              1 |
|  clk_PC_IBUF_BUFG             | M_PC_IBUF           | ADDR_reg[11]_LDC_i_1_n_0     |                1 |              1 |
|  clk_PC_IBUF_BUFG             | M_PC_IBUF           | ADDR_reg[1]_LDC_i_1_n_0      |                1 |              1 |
|  clk_PC_IBUF_BUFG             | M_PC_IBUF           | ADDR_reg[2]_LDC_i_1_n_0      |                1 |              1 |
|  clk_PC_IBUF_BUFG             | M_PC_IBUF           | ADDR_reg[8]_LDC_i_1_n_0      |                1 |              1 |
|  clk_PC_IBUF_BUFG             | M_PC_IBUF           | ADDR_reg[3]_LDC_i_1_n_0      |                1 |              1 |
|  clk_PC_IBUF_BUFG             | M_PC_IBUF           | ADDR_reg[5]_LDC_i_1_n_0      |                1 |              1 |
|  clk_PC_IBUF_BUFG             | M_PC_IBUF           | ADDR_reg[4]_LDC_i_1_n_0      |                1 |              1 |
|  clk_PC_IBUF_BUFG             | M_PC_IBUF           | ADDR_reg[9]_LDC_i_1_n_0      |                1 |              1 |
|  clk_PC_IBUF_BUFG             | M_PC_IBUF           | ADDR_reg[7]_LDC_i_1_n_0      |                1 |              1 |
|  clk_PC_IBUF_BUFG             | M_PC_IBUF           | ADDR_reg[6]_LDC_i_1_n_0      |                1 |              1 |
|  clk_PC_IBUF_BUFG             | pc_count            | pc_count_reg[3]_LDC_i_1_n_0  |                1 |              1 |
|  clk_PC_IBUF_BUFG             | pc_count            | pc_count_reg[11]_LDC_i_2_n_0 |                1 |              1 |
|  clk_PC_IBUF_BUFG             | pc_count            | pc_count_reg[4]_LDC_i_2_n_0  |                1 |              1 |
|  clk_PC_IBUF_BUFG             | pc_count            | pc_count_reg[3]_LDC_i_2_n_0  |                1 |              1 |
|  clk_PC_IBUF_BUFG             | pc_count            | pc_count_reg[4]_LDC_i_1_n_0  |                1 |              1 |
|  clk_PC_IBUF_BUFG             | pc_count            | pc_count_reg[1]_LDC_i_1_n_0  |                1 |              1 |
|  clk_PC_IBUF_BUFG             | pc_count            | pc_count_reg[5]_LDC_i_1_n_0  |                1 |              1 |
|  clk_PC_IBUF_BUFG             | pc_count            | pc_count_reg[0]_LDC_i_1_n_0  |                1 |              1 |
|  clk_PC_IBUF_BUFG             | pc_count            | pc_count_reg[10]_LDC_i_1_n_0 |                1 |              1 |
|  clk_PC_IBUF_BUFG             | pc_count            | pc_count_reg[11]_LDC_i_1_n_0 |                1 |              1 |
|  clk_PC_IBUF_BUFG             | pc_count            | pc_count_reg[2]_LDC_i_2_n_0  |                1 |              1 |
|  clk_PC_IBUF_BUFG             | pc_count            | pc_count_reg[10]_LDC_i_2_n_0 |                1 |              1 |
|  clk_PC_IBUF_BUFG             | pc_count            | pc_count_reg[1]_LDC_i_2_n_0  |                1 |              1 |
|  clk_PC_IBUF_BUFG             | pc_count            | pc_count_reg[2]_LDC_i_1_n_0  |                1 |              1 |
|  clk_PC_IBUF_BUFG             | pc_count            | pc_count_reg[8]_LDC_i_2_n_0  |                1 |              1 |
|  clk_PC_IBUF_BUFG             | pc_count            | pc_count_reg[7]_LDC_i_1_n_0  |                1 |              1 |
|  clk_PC_IBUF_BUFG             | pc_count            | pc_count_reg[9]_LDC_i_1_n_0  |                1 |              1 |
|  clk_PC_IBUF_BUFG             | pc_count            | pc_count_reg[7]_LDC_i_2_n_0  |                1 |              1 |
|  clk_PC_IBUF_BUFG             | pc_count            | pc_count_reg[6]_LDC_i_2_n_0  |                1 |              1 |
|  clk_PC_IBUF_BUFG             | pc_count            | pc_count_reg[5]_LDC_i_2_n_0  |                1 |              1 |
|  clk_PC_IBUF_BUFG             | pc_count            | pc_count_reg[8]_LDC_i_1_n_0  |                1 |              1 |
|  clk_PC_IBUF_BUFG             | pc_count            | pc_count_reg[6]_LDC_i_1_n_0  |                1 |              1 |
|  clk_PC_IBUF_BUFG             | pc_count            | pc_count_reg[9]_LDC_i_2_n_0  |                1 |              1 |
|  ADDR_reg[3]_LDC_i_1_n_0      |                     | ADDR_reg[3]_LDC_i_2_n_0      |                1 |              1 |
|  ADDR_reg[5]_LDC_i_1_n_0      |                     | ADDR_reg[5]_LDC_i_2_n_0      |                1 |              1 |
|  ADDR_reg[4]_LDC_i_1_n_0      |                     | ADDR_reg[4]_LDC_i_2_n_0      |                1 |              1 |
|  ADDR_reg[9]_LDC_i_1_n_0      |                     | ADDR_reg[9]_LDC_i_2_n_0      |                1 |              1 |
|  ADDR_reg[7]_LDC_i_1_n_0      |                     | ADDR_reg[7]_LDC_i_2_n_0      |                1 |              1 |
|  ADDR_reg[6]_LDC_i_1_n_0      |                     | ADDR_reg[6]_LDC_i_2_n_0      |                1 |              1 |
|  pc_count_reg[3]_LDC_i_1_n_0  |                     | pc_count_reg[3]_LDC_i_2_n_0  |                1 |              1 |
|  pc_count_reg[4]_LDC_i_1_n_0  |                     | pc_count_reg[4]_LDC_i_2_n_0  |                1 |              1 |
|  pc_count_reg[1]_LDC_i_1_n_0  |                     | pc_count_reg[1]_LDC_i_2_n_0  |                1 |              1 |
|  pc_count_reg[5]_LDC_i_1_n_0  |                     | pc_count_reg[5]_LDC_i_2_n_0  |                1 |              1 |
|  pc_count_reg[0]_LDC_i_1_n_0  |                     | pc_count_reg[0]_LDC_i_2_n_0  |                1 |              1 |
|  pc_count_reg[10]_LDC_i_1_n_0 |                     | pc_count_reg[10]_LDC_i_2_n_0 |                1 |              1 |
|  pc_count_reg[11]_LDC_i_1_n_0 |                     | pc_count_reg[11]_LDC_i_2_n_0 |                1 |              1 |
|  pc_count_reg[2]_LDC_i_1_n_0  |                     | pc_count_reg[2]_LDC_i_2_n_0  |                1 |              1 |
|  clk_PC_IBUF_BUFG             |                     |                              |                1 |              2 |
|  clk_PC_IBUF_BUFG             | DATA_BUS[3]_i_1_n_0 | rst_IBUF                     |                1 |              2 |
|  clk_PC_IBUF_BUFG             | DATA_BUS[3]_i_1_n_0 |                              |                1 |              4 |
|  clk_PC_IBUF_BUFG             | DATA_BUS[3]_i_1_n_0 | DATA_BUS[7]_i_1_n_0          |                2 |              4 |
+-------------------------------+---------------------+------------------------------+------------------+----------------+


