
*** Running vivado
    with args -log pc.vdi -applog -m64 -product Vivado -messageDb vivado.pb -mode batch -source pc.tcl -notrace


****** Vivado v2018.3 (64-bit)
  **** SW Build 2405991 on Thu Dec  6 23:38:27 MST 2018
  **** IP Build 2404404 on Fri Dec  7 01:43:56 MST 2018
    ** Copyright 1986-2018 Xilinx, Inc. All Rights Reserved.

source pc.tcl -notrace
Command: link_design -top pc -part xc7k160tfbg676-2
Design is defaulting to srcset: sources_1
Design is defaulting to constrset: constrs_1
INFO: [Netlist 29-17] Analyzing 3 Unisim elements for replacement
INFO: [Netlist 29-28] Unisim Transformation completed in 0 CPU seconds
INFO: [Project 1-479] Netlist was created with Vivado 2018.3
INFO: [Device 21-403] Loading part xc7k160tfbg676-2
INFO: [Project 1-570] Preparing netlist for logic optimization
Parsing XDC File [F:/soc/EXPERIMENT/PC/PC.srcs/constrs_1/new/pin.xdc]
Finished Parsing XDC File [F:/soc/EXPERIMENT/PC/PC.srcs/constrs_1/new/pin.xdc]
INFO: [Opt 31-138] Pushed 0 inverter(s) to 0 load pin(s).
Netlist sorting complete. Time (s): cpu = 00:00:00 ; elapsed = 00:00:00 . Memory (MB): peak = 577.789 ; gain = 0.000
INFO: [Project 1-111] Unisim Transformation Summary:
No Unisim elements were transformed.

7 Infos, 0 Warnings, 0 Critical Warnings and 0 Errors encountered.
link_design completed successfully
link_design: Time (s): cpu = 00:00:05 ; elapsed = 00:00:17 . Memory (MB): peak = 581.758 ; gain = 318.078
Command: opt_design
Attempting to get a license for feature 'Implementation' and/or device 'xc7k160t'
INFO: [Common 17-349] Got license for feature 'Implementation' and/or device 'xc7k160t'
Running DRC as a precondition to command opt_design

Starting DRC Task
INFO: [DRC 23-27] Running DRC with 2 threads
WARNING: [DRC RPBF-3] IO port buffering is incomplete: Device port DATA_BUS[0] expects both input and output buffering but the buffers are incomplete.
WARNING: [DRC RPBF-3] IO port buffering is incomplete: Device port DATA_BUS[1] expects both input and output buffering but the buffers are incomplete.
WARNING: [DRC RPBF-3] IO port buffering is incomplete: Device port DATA_BUS[2] expects both input and output buffering but the buffers are incomplete.
WARNING: [DRC RPBF-3] IO port buffering is incomplete: Device port DATA_BUS[3] expects both input and output buffering but the buffers are incomplete.
WARNING: [DRC RPBF-3] IO port buffering is incomplete: Device port DATA_BUS[4] expects both input and output buffering but the buffers are incomplete.
WARNING: [DRC RPBF-3] IO port buffering is incomplete: Device port DATA_BUS[5] expects both input and output buffering but the buffers are incomplete.
WARNING: [DRC RPBF-3] IO port buffering is incomplete: Device port DATA_BUS[6] expects both input and output buffering but the buffers are incomplete.
WARNING: [DRC RPBF-3] IO port buffering is incomplete: Device port DATA_BUS[7] expects both input and output buffering but the buffers are incomplete.
INFO: [Project 1-461] DRC finished with 0 Errors, 8 Warnings
INFO: [Project 1-462] Please refer to the DRC report (report_drc) for more information.

Time (s): cpu = 00:00:01 ; elapsed = 00:00:00.590 . Memory (MB): peak = 592.590 ; gain = 10.832

Starting Cache Timing Information Task
INFO: [Timing 38-35] Done setting XDC timing constraints.
Ending Cache Timing Information Task | Checksum: ee3a24fd

Time (s): cpu = 00:00:08 ; elapsed = 00:00:08 . Memory (MB): peak = 1171.188 ; gain = 578.598

Starting Logic Optimization Task

Phase 1 Retarget
INFO: [Opt 31-138] Pushed 0 inverter(s) to 0 load pin(s).
INFO: [Opt 31-49] Retargeted 0 cell(s).
Phase 1 Retarget | Checksum: ee3a24fd

Time (s): cpu = 00:00:00 ; elapsed = 00:00:00.009 . Memory (MB): peak = 1266.902 ; gain = 0.000
INFO: [Opt 31-389] Phase Retarget created 0 cells and removed 0 cells

Phase 2 Constant propagation
INFO: [Opt 31-138] Pushed 0 inverter(s) to 0 load pin(s).
Phase 2 Constant propagation | Checksum: ee3a24fd

Time (s): cpu = 00:00:00 ; elapsed = 00:00:00.011 . Memory (MB): peak = 1266.902 ; gain = 0.000
INFO: [Opt 31-389] Phase Constant propagation created 0 cells and removed 0 cells

Phase 3 Sweep
Phase 3 Sweep | Checksum: 1134aa7f6

Time (s): cpu = 00:00:00 ; elapsed = 00:00:00.014 . Memory (MB): peak = 1266.902 ; gain = 0.000
INFO: [Opt 31-389] Phase Sweep created 0 cells and removed 0 cells

Phase 4 BUFG optimization
Phase 4 BUFG optimization | Checksum: 1134aa7f6

Time (s): cpu = 00:00:00 ; elapsed = 00:00:00.020 . Memory (MB): peak = 1266.902 ; gain = 0.000
INFO: [Opt 31-662] Phase BUFG optimization created 0 cells of which 0 are BUFGs and removed 0 cells.

Phase 5 Shift Register Optimization
Phase 5 Shift Register Optimization | Checksum: 1a803ab86

Time (s): cpu = 00:00:00 ; elapsed = 00:00:00.055 . Memory (MB): peak = 1266.902 ; gain = 0.000
INFO: [Opt 31-389] Phase Shift Register Optimization created 0 cells and removed 0 cells

Phase 6 Post Processing Netlist
Phase 6 Post Processing Netlist | Checksum: 1a803ab86

Time (s): cpu = 00:00:00 ; elapsed = 00:00:00.056 . Memory (MB): peak = 1266.902 ; gain = 0.000
INFO: [Opt 31-389] Phase Post Processing Netlist created 0 cells and removed 0 cells
Opt_design Change Summary
=========================


-------------------------------------------------------------------------------------------------------------------------
|  Phase                        |  #Cells created  |  #Cells Removed  |  #Constrained objects preventing optimizations  |
-------------------------------------------------------------------------------------------------------------------------
|  Retarget                     |               0  |               0  |                                              0  |
|  Constant propagation         |               0  |               0  |                                              0  |
|  Sweep                        |               0  |               0  |                                              0  |
|  BUFG optimization            |               0  |               0  |                                              0  |
|  Shift Register Optimization  |               0  |               0  |                                              0  |
|  Post Processing Netlist      |               0  |               0  |                                              0  |
-------------------------------------------------------------------------------------------------------------------------



Starting Connectivity Check Task

Time (s): cpu = 00:00:00 ; elapsed = 00:00:00.001 . Memory (MB): peak = 1266.902 ; gain = 0.000
Ending Logic Optimization Task | Checksum: 1a803ab86

Time (s): cpu = 00:00:00 ; elapsed = 00:00:00.058 . Memory (MB): peak = 1266.902 ; gain = 0.000

Starting Power Optimization Task
INFO: [Pwropt 34-132] Skipping clock gating for clocks with a period < 2.00 ns.
Ending Power Optimization Task | Checksum: 1a803ab86

Time (s): cpu = 00:00:00 ; elapsed = 00:00:00.009 . Memory (MB): peak = 1266.902 ; gain = 0.000

Starting Final Cleanup Task
Ending Final Cleanup Task | Checksum: 1a803ab86

Time (s): cpu = 00:00:00 ; elapsed = 00:00:00 . Memory (MB): peak = 1266.902 ; gain = 0.000

Starting Netlist Obfuscation Task
Netlist sorting complete. Time (s): cpu = 00:00:00 ; elapsed = 00:00:00 . Memory (MB): peak = 1266.902 ; gain = 0.000
Ending Netlist Obfuscation Task | Checksum: 1a803ab86

Time (s): cpu = 00:00:00 ; elapsed = 00:00:00 . Memory (MB): peak = 1266.902 ; gain = 0.000
INFO: [Common 17-83] Releasing license: Implementation
23 Infos, 8 Warnings, 0 Critical Warnings and 0 Errors encountered.
opt_design completed successfully
opt_design: Time (s): cpu = 00:00:10 ; elapsed = 00:00:12 . Memory (MB): peak = 1266.902 ; gain = 685.145
Netlist sorting complete. Time (s): cpu = 00:00:00 ; elapsed = 00:00:00 . Memory (MB): peak = 1266.902 ; gain = 0.000
INFO: [Timing 38-480] Writing timing data to binary archive.
Writing placer database...
Writing XDEF routing.
Writing XDEF routing logical nets.
Writing XDEF routing special nets.
Netlist sorting complete. Time (s): cpu = 00:00:00 ; elapsed = 00:00:00 . Memory (MB): peak = 1266.902 ; gain = 0.000
Write XDEF Complete: Time (s): cpu = 00:00:00 ; elapsed = 00:00:03 . Memory (MB): peak = 1266.902 ; gain = 0.000
INFO: [Common 17-1381] The checkpoint 'F:/soc/EXPERIMENT/PC/PC.runs/impl_1/pc_opt.dcp' has been generated.
INFO: [runtcl-4] Executing : report_drc -file pc_drc_opted.rpt -pb pc_drc_opted.pb -rpx pc_drc_opted.rpx
Command: report_drc -file pc_drc_opted.rpt -pb pc_drc_opted.pb -rpx pc_drc_opted.rpx
INFO: [IP_Flow 19-234] Refreshing IP repositories
INFO: [IP_Flow 19-1704] No user IP repositories specified
INFO: [IP_Flow 19-2313] Loaded Vivado IP repository 'C:/Xilinx/Vivado/2018.3/data/ip'.
INFO: [DRC 23-27] Running DRC with 2 threads
INFO: [Coretcl 2-168] The results of DRC are in file F:/soc/EXPERIMENT/PC/PC.runs/impl_1/pc_drc_opted.rpt.
report_drc completed successfully
Command: place_design
Attempting to get a license for feature 'Implementation' and/or device 'xc7k160t'
INFO: [Common 17-349] Got license for feature 'Implementation' and/or device 'xc7k160t'
INFO: [DRC 23-27] Running DRC with 2 threads
INFO: [Vivado_Tcl 4-198] DRC finished with 0 Errors
INFO: [Vivado_Tcl 4-199] Please refer to the DRC report (report_drc) for more information.
Running DRC as a precondition to command place_design
INFO: [DRC 23-27] Running DRC with 2 threads
WARNING: [DRC RPBF-3] IO port buffering is incomplete: Device port DATA_BUS[0] expects both input and output buffering but the buffers are incomplete.
WARNING: [DRC RPBF-3] IO port buffering is incomplete: Device port DATA_BUS[1] expects both input and output buffering but the buffers are incomplete.
WARNING: [DRC RPBF-3] IO port buffering is incomplete: Device port DATA_BUS[2] expects both input and output buffering but the buffers are incomplete.
WARNING: [DRC RPBF-3] IO port buffering is incomplete: Device port DATA_BUS[3] expects both input and output buffering but the buffers are incomplete.
WARNING: [DRC RPBF-3] IO port buffering is incomplete: Device port DATA_BUS[4] expects both input and output buffering but the buffers are incomplete.
WARNING: [DRC RPBF-3] IO port buffering is incomplete: Device port DATA_BUS[5] expects both input and output buffering but the buffers are incomplete.
WARNING: [DRC RPBF-3] IO port buffering is incomplete: Device port DATA_BUS[6] expects both input and output buffering but the buffers are incomplete.
WARNING: [DRC RPBF-3] IO port buffering is incomplete: Device port DATA_BUS[7] expects both input and output buffering but the buffers are incomplete.
INFO: [Vivado_Tcl 4-198] DRC finished with 0 Errors, 8 Warnings
INFO: [Vivado_Tcl 4-199] Please refer to the DRC report (report_drc) for more information.

Starting Placer Task
INFO: [Place 30-611] Multithreading enabled for place_design using a maximum of 2 CPUs

Phase 1 Placer Initialization

Phase 1.1 Placer Initialization Netlist Sorting
Netlist sorting complete. Time (s): cpu = 00:00:00 ; elapsed = 00:00:00 . Memory (MB): peak = 1266.902 ; gain = 0.000
Phase 1.1 Placer Initialization Netlist Sorting | Checksum: 11cff3992

Time (s): cpu = 00:00:00 ; elapsed = 00:00:00.003 . Memory (MB): peak = 1266.902 ; gain = 0.000
Netlist sorting complete. Time (s): cpu = 00:00:00 ; elapsed = 00:00:00 . Memory (MB): peak = 1266.902 ; gain = 0.000

Phase 1.2 IO Placement/ Clock Placement/ Build Placer Device
INFO: [Timing 38-35] Done setting XDC timing constraints.
WARNING: [Place 30-574] Poor placement for routing between an IO pin and BUFG. This is normally an ERROR but the CLOCK_DEDICATED_ROUTE constraint is set to FALSE allowing your design to continue. The use of this override is highly discouraged as it may lead to very poor timing results. It is recommended that this error condition be corrected in the design.

	clk_PC_IBUF_inst (IBUF.O) is locked to IOB_X0Y200
	clk_PC_IBUF_BUFG_inst (BUFG.I) is provisionally placed by clockplacer on BUFGCTRL_X0Y0
Resolution: Poor placement of an IO pin and a BUFG has resulted in the router using a non-dedicated path between the two.  There are several things that could trigger this DRC, each of which can cause unpredictable clock insertion delays that result in poor timing.  This DRC could be caused by any of the following: (a) a clock port was placed on a pin that is not a CCIO-pin (b)the BUFG has not been placed in the same half of the device or SLR as the CCIO-pin (c) a single ended clock has been placed on the N-Side of a differential pair CCIO-pin.
Phase 1.2 IO Placement/ Clock Placement/ Build Placer Device | Checksum: 48ce129d

Time (s): cpu = 00:00:01 ; elapsed = 00:00:01 . Memory (MB): peak = 1270.035 ; gain = 3.133

Phase 1.3 Build Placer Netlist Model
Phase 1.3 Build Placer Netlist Model | Checksum: 9fb97150

Time (s): cpu = 00:00:01 ; elapsed = 00:00:01 . Memory (MB): peak = 1270.035 ; gain = 3.133

Phase 1.4 Constrain Clocks/Macros
Phase 1.4 Constrain Clocks/Macros | Checksum: 9fb97150

Time (s): cpu = 00:00:01 ; elapsed = 00:00:01 . Memory (MB): peak = 1270.035 ; gain = 3.133
Phase 1 Placer Initialization | Checksum: 9fb97150

Time (s): cpu = 00:00:01 ; elapsed = 00:00:01 . Memory (MB): peak = 1270.035 ; gain = 3.133

Phase 2 Global Placement

Phase 2.1 Floorplanning
Phase 2.1 Floorplanning | Checksum: 9fb97150

Time (s): cpu = 00:00:01 ; elapsed = 00:00:01 . Memory (MB): peak = 1271.539 ; gain = 4.637
WARNING: [Place 46-29] place_design is not in timing mode. Skip physical synthesis in placer
Phase 2 Global Placement | Checksum: 895c5cf5

Time (s): cpu = 00:00:02 ; elapsed = 00:00:02 . Memory (MB): peak = 1281.004 ; gain = 14.102

Phase 3 Detail Placement

Phase 3.1 Commit Multi Column Macros
Phase 3.1 Commit Multi Column Macros | Checksum: 895c5cf5

Time (s): cpu = 00:00:02 ; elapsed = 00:00:02 . Memory (MB): peak = 1281.004 ; gain = 14.102

Phase 3.2 Commit Most Macros & LUTRAMs
Phase 3.2 Commit Most Macros & LUTRAMs | Checksum: 155a99b93

Time (s): cpu = 00:00:02 ; elapsed = 00:00:02 . Memory (MB): peak = 1281.004 ; gain = 14.102

Phase 3.3 Area Swap Optimization
Phase 3.3 Area Swap Optimization | Checksum: 1714f5487

Time (s): cpu = 00:00:02 ; elapsed = 00:00:02 . Memory (MB): peak = 1281.004 ; gain = 14.102

Phase 3.4 Pipeline Register Optimization
Phase 3.4 Pipeline Register Optimization | Checksum: 1714f5487

Time (s): cpu = 00:00:02 ; elapsed = 00:00:02 . Memory (MB): peak = 1281.004 ; gain = 14.102

Phase 3.5 Small Shape Detail Placement
Phase 3.5 Small Shape Detail Placement | Checksum: 190e780a1

Time (s): cpu = 00:00:02 ; elapsed = 00:00:02 . Memory (MB): peak = 1288.293 ; gain = 21.391

Phase 3.6 Re-assign LUT pins
Phase 3.6 Re-assign LUT pins | Checksum: 190e780a1

Time (s): cpu = 00:00:02 ; elapsed = 00:00:02 . Memory (MB): peak = 1288.293 ; gain = 21.391

Phase 3.7 Pipeline Register Optimization
Phase 3.7 Pipeline Register Optimization | Checksum: 190e780a1

Time (s): cpu = 00:00:02 ; elapsed = 00:00:02 . Memory (MB): peak = 1288.293 ; gain = 21.391
Phase 3 Detail Placement | Checksum: 190e780a1

Time (s): cpu = 00:00:02 ; elapsed = 00:00:02 . Memory (MB): peak = 1288.293 ; gain = 21.391

Phase 4 Post Placement Optimization and Clean-Up

Phase 4.1 Post Commit Optimization
Phase 4.1 Post Commit Optimization | Checksum: 190e780a1

Time (s): cpu = 00:00:02 ; elapsed = 00:00:02 . Memory (MB): peak = 1288.293 ; gain = 21.391

Phase 4.2 Post Placement Cleanup
Phase 4.2 Post Placement Cleanup | Checksum: 190e780a1

Time (s): cpu = 00:00:02 ; elapsed = 00:00:02 . Memory (MB): peak = 1288.293 ; gain = 21.391

Phase 4.3 Placer Reporting
Phase 4.3 Placer Reporting | Checksum: 190e780a1

Time (s): cpu = 00:00:02 ; elapsed = 00:00:02 . Memory (MB): peak = 1288.293 ; gain = 21.391

Phase 4.4 Final Placement Cleanup
Netlist sorting complete. Time (s): cpu = 00:00:00 ; elapsed = 00:00:00.001 . Memory (MB): peak = 1288.293 ; gain = 0.000
Phase 4.4 Final Placement Cleanup | Checksum: 234737539

Time (s): cpu = 00:00:02 ; elapsed = 00:00:02 . Memory (MB): peak = 1288.293 ; gain = 21.391
Phase 4 Post Placement Optimization and Clean-Up | Checksum: 234737539

Time (s): cpu = 00:00:02 ; elapsed = 00:00:02 . Memory (MB): peak = 1288.293 ; gain = 21.391
Ending Placer Task | Checksum: 13a19a084

Time (s): cpu = 00:00:02 ; elapsed = 00:00:02 . Memory (MB): peak = 1288.293 ; gain = 21.391
INFO: [Common 17-83] Releasing license: Implementation
41 Infos, 18 Warnings, 0 Critical Warnings and 0 Errors encountered.
place_design completed successfully
Netlist sorting complete. Time (s): cpu = 00:00:00 ; elapsed = 00:00:00 . Memory (MB): peak = 1288.293 ; gain = 0.000
INFO: [Timing 38-480] Writing timing data to binary archive.
Writing placer database...
Writing XDEF routing.
Writing XDEF routing logical nets.
Writing XDEF routing special nets.
Write XDEF Complete: Time (s): cpu = 00:00:01 ; elapsed = 00:00:02 . Memory (MB): peak = 1290.871 ; gain = 2.578
Netlist sorting complete. Time (s): cpu = 00:00:00 ; elapsed = 00:00:00 . Memory (MB): peak = 1290.871 ; gain = 0.000
INFO: [Common 17-1381] The checkpoint 'F:/soc/EXPERIMENT/PC/PC.runs/impl_1/pc_placed.dcp' has been generated.
write_checkpoint: Time (s): cpu = 00:00:01 ; elapsed = 00:00:10 . Memory (MB): peak = 1290.871 ; gain = 2.578
INFO: [runtcl-4] Executing : report_io -file pc_io_placed.rpt
report_io: Time (s): cpu = 00:00:00 ; elapsed = 00:00:00.328 . Memory (MB): peak = 1290.871 ; gain = 0.000
INFO: [runtcl-4] Executing : report_utilization -file pc_utilization_placed.rpt -pb pc_utilization_placed.pb
INFO: [runtcl-4] Executing : report_control_sets -verbose -file pc_control_sets_placed.rpt
report_control_sets: Time (s): cpu = 00:00:00 ; elapsed = 00:00:00.025 . Memory (MB): peak = 1290.871 ; gain = 0.000
Command: route_design
Attempting to get a license for feature 'Implementation' and/or device 'xc7k160t'
INFO: [Common 17-349] Got license for feature 'Implementation' and/or device 'xc7k160t'
Running DRC as a precondition to command route_design
INFO: [DRC 23-27] Running DRC with 2 threads
WARNING: [DRC PLCK-12] Clock Placer Checks: Poor placement for routing between an IO pin and BUFG. 
Resolution: Poor placement of an IO pin and a BUFG has resulted in the router using a non-dedicated path between the two.  There are several things that could trigger this DRC, each of which can cause unpredictable clock insertion delays that result in poor timing.  This DRC could be caused by any of the following: (a) a clock port was placed on a pin that is not a CCIO-pin (b)the BUFG has not been placed in the same half of the device or SLR as the CCIO-pin (c) a single ended clock has been placed on the N-Side of a differential pair CCIO-pin.
 This is normally an ERROR but the CLOCK_DEDICATED_ROUTE constraint is set to FALSE allowing your design to continue. The use of this override is highly discouraged as it may lead to very poor timing results. It is recommended that this error condition be corrected in the design.

	clk_PC_IBUF_inst (IBUF.O) is locked to IOB_X0Y200
	clk_PC_IBUF_BUFG_inst (BUFG.I) is provisionally placed by clockplacer on BUFGCTRL_X0Y0
INFO: [Vivado_Tcl 4-198] DRC finished with 0 Errors, 1 Warnings
INFO: [Vivado_Tcl 4-199] Please refer to the DRC report (report_drc) for more information.


Starting Routing Task
INFO: [Route 35-254] Multithreading enabled for route_design using a maximum of 2 CPUs
Checksum: PlaceDB: 6aefbccd ConstDB: 0 ShapeSum: cf29e3b7 RouteDB: 0

Phase 1 Build RT Design
Phase 1 Build RT Design | Checksum: 55b399e0

Time (s): cpu = 00:00:22 ; elapsed = 00:00:17 . Memory (MB): peak = 1493.258 ; gain = 200.965
Post Restoration Checksum: NetGraph: ae266ee NumContArr: 4ad132f2 Constraints: 0 Timing: 0

Phase 2 Router Initialization
INFO: [Route 35-64] No timing constraints were detected. The router will operate in resource-optimization mode.

Phase 2.1 Fix Topology Constraints
Phase 2.1 Fix Topology Constraints | Checksum: 55b399e0

Time (s): cpu = 00:00:22 ; elapsed = 00:00:17 . Memory (MB): peak = 1497.852 ; gain = 205.559

Phase 2.2 Pre Route Cleanup
Phase 2.2 Pre Route Cleanup | Checksum: 55b399e0

Time (s): cpu = 00:00:22 ; elapsed = 00:00:17 . Memory (MB): peak = 1497.852 ; gain = 205.559
 Number of Nodes with overlaps = 0
Phase 2 Router Initialization | Checksum: 722549de

Time (s): cpu = 00:00:22 ; elapsed = 00:00:17 . Memory (MB): peak = 1526.715 ; gain = 234.422

Phase 3 Initial Routing
Phase 3 Initial Routing | Checksum: 12201bd9c

Time (s): cpu = 00:00:22 ; elapsed = 00:00:17 . Memory (MB): peak = 1526.715 ; gain = 234.422

Phase 4 Rip-up And Reroute

Phase 4.1 Global Iteration 0
 Number of Nodes with overlaps = 0
Phase 4.1 Global Iteration 0 | Checksum: e97e665d

Time (s): cpu = 00:00:22 ; elapsed = 00:00:17 . Memory (MB): peak = 1526.715 ; gain = 234.422
Phase 4 Rip-up And Reroute | Checksum: e97e665d

Time (s): cpu = 00:00:22 ; elapsed = 00:00:17 . Memory (MB): peak = 1526.715 ; gain = 234.422

Phase 5 Delay and Skew Optimization
Phase 5 Delay and Skew Optimization | Checksum: e97e665d

Time (s): cpu = 00:00:22 ; elapsed = 00:00:17 . Memory (MB): peak = 1526.715 ; gain = 234.422

Phase 6 Post Hold Fix

Phase 6.1 Hold Fix Iter
Phase 6.1 Hold Fix Iter | Checksum: e97e665d

Time (s): cpu = 00:00:22 ; elapsed = 00:00:17 . Memory (MB): peak = 1526.715 ; gain = 234.422
Phase 6 Post Hold Fix | Checksum: e97e665d

Time (s): cpu = 00:00:22 ; elapsed = 00:00:17 . Memory (MB): peak = 1526.715 ; gain = 234.422

Phase 7 Route finalize

Router Utilization Summary
  Global Vertical Routing Utilization    = 0.0244941 %
  Global Horizontal Routing Utilization  = 0.0152174 %
  Routable Net Status*
  *Does not include unroutable nets such as driverless and loadless.
  Run report_route_status for detailed report.
  Number of Failed Nets               = 0
  Number of Unrouted Nets             = 0
  Number of Partially Routed Nets     = 0
  Number of Node Overlaps             = 0

Congestion Report
North Dir 1x1 Area, Max Cong = 25.2252%, No Congested Regions.
South Dir 1x1 Area, Max Cong = 11.7117%, No Congested Regions.
East Dir 1x1 Area, Max Cong = 14.7059%, No Congested Regions.
West Dir 1x1 Area, Max Cong = 13.2353%, No Congested Regions.

------------------------------
Reporting congestion hotspots
------------------------------
Direction: North
----------------
Congested clusters found at Level 0
Effective congestion level: 0 Aspect Ratio: 1 Sparse Ratio: 0
Direction: South
----------------
Congested clusters found at Level 0
Effective congestion level: 0 Aspect Ratio: 1 Sparse Ratio: 0
Direction: East
----------------
Congested clusters found at Level 0
Effective congestion level: 0 Aspect Ratio: 1 Sparse Ratio: 0
Direction: West
----------------
Congested clusters found at Level 0
Effective congestion level: 0 Aspect Ratio: 1 Sparse Ratio: 0

Phase 7 Route finalize | Checksum: e97e665d

Time (s): cpu = 00:00:23 ; elapsed = 00:00:17 . Memory (MB): peak = 1526.715 ; gain = 234.422

Phase 8 Verifying routed nets

 Verification completed successfully
Phase 8 Verifying routed nets | Checksum: e97e665d

Time (s): cpu = 00:00:23 ; elapsed = 00:00:17 . Memory (MB): peak = 1526.715 ; gain = 234.422

Phase 9 Depositing Routes
Phase 9 Depositing Routes | Checksum: 8558a849

Time (s): cpu = 00:00:23 ; elapsed = 00:00:17 . Memory (MB): peak = 1526.715 ; gain = 234.422
INFO: [Route 35-16] Router Completed Successfully

Time (s): cpu = 00:00:23 ; elapsed = 00:00:17 . Memory (MB): peak = 1526.715 ; gain = 234.422

Routing Is Done.
INFO: [Common 17-83] Releasing license: Implementation
54 Infos, 19 Warnings, 0 Critical Warnings and 0 Errors encountered.
route_design completed successfully
route_design: Time (s): cpu = 00:00:24 ; elapsed = 00:00:18 . Memory (MB): peak = 1526.715 ; gain = 235.844
Netlist sorting complete. Time (s): cpu = 00:00:00 ; elapsed = 00:00:00 . Memory (MB): peak = 1526.715 ; gain = 0.000
INFO: [Timing 38-480] Writing timing data to binary archive.
Writing placer database...
Writing XDEF routing.
Writing XDEF routing logical nets.
Writing XDEF routing special nets.
Write XDEF Complete: Time (s): cpu = 00:00:00 ; elapsed = 00:00:04 . Memory (MB): peak = 1526.715 ; gain = 0.000
Netlist sorting complete. Time (s): cpu = 00:00:00 ; elapsed = 00:00:00.001 . Memory (MB): peak = 1526.715 ; gain = 0.000
INFO: [Common 17-1381] The checkpoint 'F:/soc/EXPERIMENT/PC/PC.runs/impl_1/pc_routed.dcp' has been generated.
write_checkpoint: Time (s): cpu = 00:00:00 ; elapsed = 00:00:08 . Memory (MB): peak = 1526.715 ; gain = 0.000
INFO: [runtcl-4] Executing : report_drc -file pc_drc_routed.rpt -pb pc_drc_routed.pb -rpx pc_drc_routed.rpx
Command: report_drc -file pc_drc_routed.rpt -pb pc_drc_routed.pb -rpx pc_drc_routed.rpx
INFO: [IP_Flow 19-1839] IP Catalog is up to date.
INFO: [DRC 23-27] Running DRC with 2 threads
INFO: [Coretcl 2-168] The results of DRC are in file F:/soc/EXPERIMENT/PC/PC.runs/impl_1/pc_drc_routed.rpt.
report_drc completed successfully
INFO: [runtcl-4] Executing : report_methodology -file pc_methodology_drc_routed.rpt -pb pc_methodology_drc_routed.pb -rpx pc_methodology_drc_routed.rpx
Command: report_methodology -file pc_methodology_drc_routed.rpt -pb pc_methodology_drc_routed.pb -rpx pc_methodology_drc_routed.rpx
INFO: [Timing 38-35] Done setting XDC timing constraints.
INFO: [DRC 23-133] Running Methodology with 2 threads
INFO: [Coretcl 2-1520] The results of Report Methodology are in file F:/soc/EXPERIMENT/PC/PC.runs/impl_1/pc_methodology_drc_routed.rpt.
report_methodology completed successfully
INFO: [runtcl-4] Executing : report_power -file pc_power_routed.rpt -pb pc_power_summary_routed.pb -rpx pc_power_routed.rpx
Command: report_power -file pc_power_routed.rpt -pb pc_power_summary_routed.pb -rpx pc_power_routed.rpx
WARNING: [Power 33-232] No user defined clocks were found in the design!
Resolution: Please specify clocks using create_clock/create_generated_clock for sequential elements. For pure combinatorial circuits, please specify a virtual clock, otherwise the vectorless estimation might be inaccurate
INFO: [Timing 38-35] Done setting XDC timing constraints.
Running Vector-less Activity Propagation...

Finished Running Vector-less Activity Propagation
66 Infos, 20 Warnings, 0 Critical Warnings and 0 Errors encountered.
report_power completed successfully
INFO: [runtcl-4] Executing : report_route_status -file pc_route_status.rpt -pb pc_route_status.pb
INFO: [runtcl-4] Executing : report_timing_summary -max_paths 10 -file pc_timing_summary_routed.rpt -pb pc_timing_summary_routed.pb -rpx pc_timing_summary_routed.rpx -warn_on_violation 
INFO: [Timing 38-91] UpdateTimingParams: Speed grade: -2, Delay Type: min_max.
INFO: [Timing 38-191] Multithreading enabled for timing update using a maximum of 2 CPUs
WARNING: [Timing 38-313] There are no user specified timing constraints. Timing constraints are needed for proper timing analysis.
INFO: [runtcl-4] Executing : report_incremental_reuse -file pc_incremental_reuse_routed.rpt
INFO: [Vivado_Tcl 4-1062] Incremental flow is disabled. No incremental reuse Info to report.
INFO: [runtcl-4] Executing : report_clock_utilization -file pc_clock_utilization_routed.rpt
INFO: [runtcl-4] Executing : report_bus_skew -warn_on_violation -file pc_bus_skew_routed.rpt -pb pc_bus_skew_routed.pb -rpx pc_bus_skew_routed.rpx
INFO: [Timing 38-91] UpdateTimingParams: Speed grade: -2, Delay Type: min_max.
INFO: [Timing 38-191] Multithreading enabled for timing update using a maximum of 2 CPUs
Command: write_bitstream -force pc.bit
Attempting to get a license for feature 'Implementation' and/or device 'xc7k160t'
INFO: [Common 17-349] Got license for feature 'Implementation' and/or device 'xc7k160t'
Running DRC as a precondition to command write_bitstream
INFO: [IP_Flow 19-1839] IP Catalog is up to date.
INFO: [DRC 23-27] Running DRC with 2 threads
WARNING: [DRC CFGBVS-1] Missing CFGBVS and CONFIG_VOLTAGE Design Properties: Neither the CFGBVS nor CONFIG_VOLTAGE voltage property is set in the current_design.  Configuration bank voltage select (CFGBVS) must be set to VCCO or GND, and CONFIG_VOLTAGE must be set to the correct configuration voltage, in order to determine the I/O voltage support for the pins in bank 0.  It is suggested to specify these either using the 'Edit Device Properties' function in the GUI or directly in the XDC file using the following syntax:

 set_property CFGBVS value1 [current_design]
 #where value1 is either VCCO or GND

 set_property CONFIG_VOLTAGE value2 [current_design]
 #where value2 is the voltage provided to configuration bank 0

Refer to the device configuration user guide for more information.
WARNING: [DRC PDRC-153] Gated clock check: Net ADDR_reg[0]_LDC_i_1_n_0 is a gated clock net sourced by a combinational pin ADDR_reg[0]_LDC_i_1/O, cell ADDR_reg[0]_LDC_i_1. This is not good design practice and will likely impact performance. For SLICE registers, for example, use the CE pin to control the loading of data.
WARNING: [DRC PDRC-153] Gated clock check: Net ADDR_reg[10]_LDC_i_1_n_0 is a gated clock net sourced by a combinational pin ADDR_reg[10]_LDC_i_1/O, cell ADDR_reg[10]_LDC_i_1. This is not good design practice and will likely impact performance. For SLICE registers, for example, use the CE pin to control the loading of data.
WARNING: [DRC PDRC-153] Gated clock check: Net ADDR_reg[11]_LDC_i_1_n_0 is a gated clock net sourced by a combinational pin ADDR_reg[11]_LDC_i_1/O, cell ADDR_reg[11]_LDC_i_1. This is not good design practice and will likely impact performance. For SLICE registers, for example, use the CE pin to control the loading of data.
WARNING: [DRC PDRC-153] Gated clock check: Net ADDR_reg[1]_LDC_i_1_n_0 is a gated clock net sourced by a combinational pin ADDR_reg[1]_LDC_i_1/O, cell ADDR_reg[1]_LDC_i_1. This is not good design practice and will likely impact performance. For SLICE registers, for example, use the CE pin to control the loading of data.
WARNING: [DRC PDRC-153] Gated clock check: Net ADDR_reg[2]_LDC_i_1_n_0 is a gated clock net sourced by a combinational pin ADDR_reg[2]_LDC_i_1/O, cell ADDR_reg[2]_LDC_i_1. This is not good design practice and will likely impact performance. For SLICE registers, for example, use the CE pin to control the loading of data.
WARNING: [DRC PDRC-153] Gated clock check: Net ADDR_reg[3]_LDC_i_1_n_0 is a gated clock net sourced by a combinational pin ADDR_reg[3]_LDC_i_1/O, cell ADDR_reg[3]_LDC_i_1. This is not good design practice and will likely impact performance. For SLICE registers, for example, use the CE pin to control the loading of data.
WARNING: [DRC PDRC-153] Gated clock check: Net ADDR_reg[4]_LDC_i_1_n_0 is a gated clock net sourced by a combinational pin ADDR_reg[4]_LDC_i_1/O, cell ADDR_reg[4]_LDC_i_1. This is not good design practice and will likely impact performance. For SLICE registers, for example, use the CE pin to control the loading of data.
WARNING: [DRC PDRC-153] Gated clock check: Net ADDR_reg[5]_LDC_i_1_n_0 is a gated clock net sourced by a combinational pin ADDR_reg[5]_LDC_i_1/O, cell ADDR_reg[5]_LDC_i_1. This is not good design practice and will likely impact performance. For SLICE registers, for example, use the CE pin to control the loading of data.
WARNING: [DRC PDRC-153] Gated clock check: Net ADDR_reg[6]_LDC_i_1_n_0 is a gated clock net sourced by a combinational pin ADDR_reg[6]_LDC_i_1/O, cell ADDR_reg[6]_LDC_i_1. This is not good design practice and will likely impact performance. For SLICE registers, for example, use the CE pin to control the loading of data.
WARNING: [DRC PDRC-153] Gated clock check: Net ADDR_reg[7]_LDC_i_1_n_0 is a gated clock net sourced by a combinational pin ADDR_reg[7]_LDC_i_1/O, cell ADDR_reg[7]_LDC_i_1. This is not good design practice and will likely impact performance. For SLICE registers, for example, use the CE pin to control the loading of data.
WARNING: [DRC PDRC-153] Gated clock check: Net ADDR_reg[8]_LDC_i_1_n_0 is a gated clock net sourced by a combinational pin ADDR_reg[8]_LDC_i_1/O, cell ADDR_reg[8]_LDC_i_1. This is not good design practice and will likely impact performance. For SLICE registers, for example, use the CE pin to control the loading of data.
WARNING: [DRC PDRC-153] Gated clock check: Net ADDR_reg[9]_LDC_i_1_n_0 is a gated clock net sourced by a combinational pin ADDR_reg[9]_LDC_i_1/O, cell ADDR_reg[9]_LDC_i_1. This is not good design practice and will likely impact performance. For SLICE registers, for example, use the CE pin to control the loading of data.
WARNING: [DRC PDRC-153] Gated clock check: Net pc_count_reg[0]_LDC_i_1_n_0 is a gated clock net sourced by a combinational pin pc_count_reg[0]_LDC_i_1/O, cell pc_count_reg[0]_LDC_i_1. This is not good design practice and will likely impact performance. For SLICE registers, for example, use the CE pin to control the loading of data.
WARNING: [DRC PDRC-153] Gated clock check: Net pc_count_reg[10]_LDC_i_1_n_0 is a gated clock net sourced by a combinational pin pc_count_reg[10]_LDC_i_1/O, cell pc_count_reg[10]_LDC_i_1. This is not good design practice and will likely impact performance. For SLICE registers, for example, use the CE pin to control the loading of data.
WARNING: [DRC PDRC-153] Gated clock check: Net pc_count_reg[11]_LDC_i_1_n_0 is a gated clock net sourced by a combinational pin pc_count_reg[11]_LDC_i_1/O, cell pc_count_reg[11]_LDC_i_1. This is not good design practice and will likely impact performance. For SLICE registers, for example, use the CE pin to control the loading of data.
WARNING: [DRC PDRC-153] Gated clock check: Net pc_count_reg[1]_LDC_i_1_n_0 is a gated clock net sourced by a combinational pin pc_count_reg[1]_LDC_i_1/O, cell pc_count_reg[1]_LDC_i_1. This is not good design practice and will likely impact performance. For SLICE registers, for example, use the CE pin to control the loading of data.
WARNING: [DRC PDRC-153] Gated clock check: Net pc_count_reg[2]_LDC_i_1_n_0 is a gated clock net sourced by a combinational pin pc_count_reg[2]_LDC_i_1/O, cell pc_count_reg[2]_LDC_i_1. This is not good design practice and will likely impact performance. For SLICE registers, for example, use the CE pin to control the loading of data.
WARNING: [DRC PDRC-153] Gated clock check: Net pc_count_reg[3]_LDC_i_1_n_0 is a gated clock net sourced by a combinational pin pc_count_reg[3]_LDC_i_1/O, cell pc_count_reg[3]_LDC_i_1. This is not good design practice and will likely impact performance. For SLICE registers, for example, use the CE pin to control the loading of data.
WARNING: [DRC PDRC-153] Gated clock check: Net pc_count_reg[4]_LDC_i_1_n_0 is a gated clock net sourced by a combinational pin pc_count_reg[4]_LDC_i_1/O, cell pc_count_reg[4]_LDC_i_1. This is not good design practice and will likely impact performance. For SLICE registers, for example, use the CE pin to control the loading of data.
WARNING: [DRC PDRC-153] Gated clock check: Net pc_count_reg[5]_LDC_i_1_n_0 is a gated clock net sourced by a combinational pin pc_count_reg[5]_LDC_i_1/O, cell pc_count_reg[5]_LDC_i_1. This is not good design practice and will likely impact performance. For SLICE registers, for example, use the CE pin to control the loading of data.
WARNING: [DRC PDRC-153] Gated clock check: Net pc_count_reg[6]_LDC_i_1_n_0 is a gated clock net sourced by a combinational pin pc_count_reg[6]_LDC_i_1/O, cell pc_count_reg[6]_LDC_i_1. This is not good design practice and will likely impact performance. For SLICE registers, for example, use the CE pin to control the loading of data.
WARNING: [DRC PDRC-153] Gated clock check: Net pc_count_reg[7]_LDC_i_1_n_0 is a gated clock net sourced by a combinational pin pc_count_reg[7]_LDC_i_1/O, cell pc_count_reg[7]_LDC_i_1. This is not good design practice and will likely impact performance. For SLICE registers, for example, use the CE pin to control the loading of data.
WARNING: [DRC PDRC-153] Gated clock check: Net pc_count_reg[8]_LDC_i_1_n_0 is a gated clock net sourced by a combinational pin pc_count_reg[8]_LDC_i_1/O, cell pc_count_reg[8]_LDC_i_1. This is not good design practice and will likely impact performance. For SLICE registers, for example, use the CE pin to control the loading of data.
WARNING: [DRC PDRC-153] Gated clock check: Net pc_count_reg[9]_LDC_i_1_n_0 is a gated clock net sourced by a combinational pin pc_count_reg[9]_LDC_i_1/O, cell pc_count_reg[9]_LDC_i_1. This is not good design practice and will likely impact performance. For SLICE registers, for example, use the CE pin to control the loading of data.
INFO: [Vivado 12-3199] DRC finished with 0 Errors, 25 Warnings
INFO: [Vivado 12-3200] Please refer to the DRC report (report_drc) for more information.
INFO: [Designutils 20-2272] Running write_bitstream with 2 threads.
Loading data files...
Loading site data...
Loading route data...
Processing options...
Creating bitmap...
Creating bitstream...
Writing bitstream ./pc.bit...
INFO: [Vivado 12-1842] Bitgen Completed Successfully.
INFO: [Project 1-120] WebTalk data collection is mandatory when using a WebPACK part without a full Vivado license. To see the specific WebTalk data collected for your design, open the usage_statistics_webtalk.html or usage_statistics_webtalk.xml file in the implementation directory.
INFO: [Common 17-83] Releasing license: Implementation
85 Infos, 46 Warnings, 0 Critical Warnings and 0 Errors encountered.
write_bitstream completed successfully
write_bitstream: Time (s): cpu = 00:00:17 ; elapsed = 00:00:32 . Memory (MB): peak = 2004.426 ; gain = 435.098
INFO: [Common 17-206] Exiting Vivado at Wed Apr 17 19:42:42 2024...
