#-----------------------------------------------------------
# Vivado v2018.3 (64-bit)
# SW Build 2405991 on Thu Dec  6 23:38:27 MST 2018
# IP Build 2404404 on Fri Dec  7 01:43:56 MST 2018
# Start of session at: Wed Apr 17 15:23:52 2024
# Process ID: 7116
# Current directory: C:/SOC/EXPERIMENT/array_multiplier
# Command line: vivado.exe -gui_launcher_event rodinguilauncherevent8088 C:\SOC\EXPERIMENT\array_multiplier\array_multiplier.xpr
# Log file: C:/SOC/EXPERIMENT/array_multiplier/vivado.log
# Journal file: C:/SOC/EXPERIMENT/array_multiplier\vivado.jou
#-----------------------------------------------------------
start_gui
open_project C:/SOC/EXPERIMENT/array_multiplier/array_multiplier.xpr
Scanning sources...
Finished scanning sources
INFO: [IP_Flow 19-234] Refreshing IP repositories
INFO: [IP_Flow 19-1704] No user IP repositories specified
INFO: [IP_Flow 19-2313] Loaded Vivado IP repository 'C:/Xilinx/Vivado/2018.3/data/ip'.
update_compile_order -fileset sources_1
open_hw
connect_hw_server
INFO: [Labtools 27-2285] Connecting to hw_server url TCP:localhost:3121
INFO: [Labtools 27-2222] Launching hw_server...
INFO: [Labtools 27-2221] Launch Output:

****** Xilinx hw_server v2018.3
  **** Build date : Dec  7 2018-00:40:27
    ** Copyright 1986-2018 Xilinx, Inc. All Rights Reserved.


open_hw_target
INFO: [Labtoolstcl 44-466] Opening hw_target localhost:3121/xilinx_tcf/Digilent/210203367162A
set_property PROGRAM.FILE {C:/SOC/EXPERIMENT/array_multiplier/array_multiplier.runs/impl_1/array_multiplier_seg.bit} [get_hw_devices xc7k160t_0]
INFO: [Designutils 20-2515] Parsing LTX file using non-hierarchical reader. 
set_property PROBES.FILE {C:\SOC\CSLAB_XD_test_all_2.0.xpr\CSLAB_XD_test_all_2.0\CSLAB_XD_test_all_2.0.runs\impl_1\design_1_wrapper.ltx} [get_hw_devices xc7k160t_0]
set_property FULL_PROBES.FILE {C:\SOC\CSLAB_XD_test_all_2.0.xpr\CSLAB_XD_test_all_2.0\CSLAB_XD_test_all_2.0.runs\impl_1\design_1_wrapper.ltx} [get_hw_devices xc7k160t_0]
current_hw_device [get_hw_devices xc7k160t_0]
refresh_hw_device [lindex [get_hw_devices xc7k160t_0] 0]
INFO: [Labtools 27-1434] Device xc7k160t (JTAG device index = 0) is programmed with a design that has no supported debug core(s) in it.
WARNING: [Labtools 27-3361] The debug hub core was not detected.
Resolution: 
1. Make sure the clock connected to the debug hub (dbg_hub) core is a free running clock and is active.
2. Make sure the BSCAN_SWITCH_USER_MASK device property in Vivado Hardware Manager reflects the user scan chain setting in the design and refresh the device.  To determine the user scan chain setting in the design, open the implemented design and use 'get_property C_USER_SCAN_CHAIN [get_debug_cores dbg_hub]'.
For more details on setting the scan chain property, consult the Vivado Debug and Programming User Guide (UG908).
INFO: [Designutils 20-2515] Parsing LTX file using non-hierarchical reader. 
WARNING: [Labtools 27-3413] Dropping logic core with cellname:'design_1_i/hier_2/ila_0' at location 'uuid_02679FAAA07658A0A727C4F0490F8798' from probes file, since it cannot be found on the programmed device.
WARNING: [Labtools 27-3413] Dropping logic core with cellname:'design_1_i/hier_0/ila_0' at location 'uuid_17AFDCBA442055DF98E3EFE1B7F7176F' from probes file, since it cannot be found on the programmed device.
WARNING: [Labtools 27-3413] Dropping logic core with cellname:'design_1_i/vio_1' at location 'uuid_689BA777060654C29537D1FF6FFDBF36' from probes file, since it cannot be found on the programmed device.
INFO: [Designutils 20-2515] Parsing LTX file using non-hierarchical reader. 
set_property PROBES.FILE {C:/SOC/CSLAB_XD_test_all_2.0.xpr/CSLAB_XD_test_all_2.0/CSLAB_XD_test_all_2.0.runs/impl_1/design_1_wrapper.ltx} [get_hw_devices xc7k160t_0]
set_property FULL_PROBES.FILE {C:/SOC/CSLAB_XD_test_all_2.0.xpr/CSLAB_XD_test_all_2.0/CSLAB_XD_test_all_2.0.runs/impl_1/design_1_wrapper.ltx} [get_hw_devices xc7k160t_0]
set_property PROGRAM.FILE {C:/SOC/EXPERIMENT/array_multiplier/array_multiplier.runs/impl_1/array_multiplier_seg.bit} [get_hw_devices xc7k160t_0]
program_hw_devices [get_hw_devices xc7k160t_0]
INFO: [Labtools 27-3164] End of startup status: HIGH
refresh_hw_device [lindex [get_hw_devices xc7k160t_0] 0]
INFO: [Labtools 27-1434] Device xc7k160t (JTAG device index = 0) is programmed with a design that has no supported debug core(s) in it.
WARNING: [Labtools 27-3361] The debug hub core was not detected.
Resolution: 
1. Make sure the clock connected to the debug hub (dbg_hub) core is a free running clock and is active.
2. Make sure the BSCAN_SWITCH_USER_MASK device property in Vivado Hardware Manager reflects the user scan chain setting in the design and refresh the device.  To determine the user scan chain setting in the design, open the implemented design and use 'get_property C_USER_SCAN_CHAIN [get_debug_cores dbg_hub]'.
For more details on setting the scan chain property, consult the Vivado Debug and Programming User Guide (UG908).
INFO: [Designutils 20-2515] Parsing LTX file using non-hierarchical reader. 
WARNING: [Labtools 27-3413] Dropping logic core with cellname:'design_1_i/hier_2/ila_0' at location 'uuid_02679FAAA07658A0A727C4F0490F8798' from probes file, since it cannot be found on the programmed device.
WARNING: [Labtools 27-3413] Dropping logic core with cellname:'design_1_i/hier_0/ila_0' at location 'uuid_17AFDCBA442055DF98E3EFE1B7F7176F' from probes file, since it cannot be found on the programmed device.
WARNING: [Labtools 27-3413] Dropping logic core with cellname:'design_1_i/vio_1' at location 'uuid_689BA777060654C29537D1FF6FFDBF36' from probes file, since it cannot be found on the programmed device.
reset_run synth_1
launch_runs impl_1 -to_step write_bitstream -jobs 6
[Wed Apr 17 15:45:23 2024] Launched synth_1...
Run output will be captured here: C:/SOC/EXPERIMENT/array_multiplier/array_multiplier.runs/synth_1/runme.log
[Wed Apr 17 15:45:23 2024] Launched impl_1...
Run output will be captured here: C:/SOC/EXPERIMENT/array_multiplier/array_multiplier.runs/impl_1/runme.log
INFO: [Designutils 20-2515] Parsing LTX file using non-hierarchical reader. 
set_property PROBES.FILE {C:/SOC/CSLAB_XD_test_all_2.0.xpr/CSLAB_XD_test_all_2.0/CSLAB_XD_test_all_2.0.runs/impl_1/design_1_wrapper.ltx} [get_hw_devices xc7k160t_0]
set_property FULL_PROBES.FILE {C:/SOC/CSLAB_XD_test_all_2.0.xpr/CSLAB_XD_test_all_2.0/CSLAB_XD_test_all_2.0.runs/impl_1/design_1_wrapper.ltx} [get_hw_devices xc7k160t_0]
set_property PROGRAM.FILE {C:/SOC/EXPERIMENT/array_multiplier/array_multiplier.runs/impl_1/array_multiplier_seg.bit} [get_hw_devices xc7k160t_0]
program_hw_devices [get_hw_devices xc7k160t_0]
INFO: [Labtools 27-3164] End of startup status: HIGH
refresh_hw_device [lindex [get_hw_devices xc7k160t_0] 0]
INFO: [Labtools 27-1434] Device xc7k160t (JTAG device index = 0) is programmed with a design that has no supported debug core(s) in it.
WARNING: [Labtools 27-3361] The debug hub core was not detected.
Resolution: 
1. Make sure the clock connected to the debug hub (dbg_hub) core is a free running clock and is active.
2. Make sure the BSCAN_SWITCH_USER_MASK device property in Vivado Hardware Manager reflects the user scan chain setting in the design and refresh the device.  To determine the user scan chain setting in the design, open the implemented design and use 'get_property C_USER_SCAN_CHAIN [get_debug_cores dbg_hub]'.
For more details on setting the scan chain property, consult the Vivado Debug and Programming User Guide (UG908).
INFO: [Designutils 20-2515] Parsing LTX file using non-hierarchical reader. 
WARNING: [Labtools 27-3413] Dropping logic core with cellname:'design_1_i/hier_2/ila_0' at location 'uuid_02679FAAA07658A0A727C4F0490F8798' from probes file, since it cannot be found on the programmed device.
WARNING: [Labtools 27-3413] Dropping logic core with cellname:'design_1_i/hier_0/ila_0' at location 'uuid_17AFDCBA442055DF98E3EFE1B7F7176F' from probes file, since it cannot be found on the programmed device.
WARNING: [Labtools 27-3413] Dropping logic core with cellname:'design_1_i/vio_1' at location 'uuid_689BA777060654C29537D1FF6FFDBF36' from probes file, since it cannot be found on the programmed device.
reset_run synth_1
launch_runs impl_1 -to_step write_bitstream -jobs 6
[Wed Apr 17 15:48:07 2024] Launched synth_1...
Run output will be captured here: C:/SOC/EXPERIMENT/array_multiplier/array_multiplier.runs/synth_1/runme.log
[Wed Apr 17 15:48:07 2024] Launched impl_1...
Run output will be captured here: C:/SOC/EXPERIMENT/array_multiplier/array_multiplier.runs/impl_1/runme.log
reset_run synth_1
launch_runs impl_1 -to_step write_bitstream -jobs 6
[Wed Apr 17 15:50:20 2024] Launched synth_1...
Run output will be captured here: C:/SOC/EXPERIMENT/array_multiplier/array_multiplier.runs/synth_1/runme.log
[Wed Apr 17 15:50:20 2024] Launched impl_1...
Run output will be captured here: C:/SOC/EXPERIMENT/array_multiplier/array_multiplier.runs/impl_1/runme.log
reset_run synth_1
launch_runs impl_1 -to_step write_bitstream -jobs 6
[Wed Apr 17 15:57:52 2024] Launched synth_1...
Run output will be captured here: C:/SOC/EXPERIMENT/array_multiplier/array_multiplier.runs/synth_1/runme.log
[Wed Apr 17 15:57:52 2024] Launched impl_1...
Run output will be captured here: C:/SOC/EXPERIMENT/array_multiplier/array_multiplier.runs/impl_1/runme.log
reset_run synth_1
launch_runs impl_1 -to_step write_bitstream -jobs 6
[Wed Apr 17 16:00:19 2024] Launched synth_1...
Run output will be captured here: C:/SOC/EXPERIMENT/array_multiplier/array_multiplier.runs/synth_1/runme.log
[Wed Apr 17 16:00:19 2024] Launched impl_1...
Run output will be captured here: C:/SOC/EXPERIMENT/array_multiplier/array_multiplier.runs/impl_1/runme.log
reset_run synth_1
launch_runs impl_1 -to_step write_bitstream -jobs 6
[Wed Apr 17 16:02:02 2024] Launched synth_1...
Run output will be captured here: C:/SOC/EXPERIMENT/array_multiplier/array_multiplier.runs/synth_1/runme.log
[Wed Apr 17 16:02:02 2024] Launched impl_1...
Run output will be captured here: C:/SOC/EXPERIMENT/array_multiplier/array_multiplier.runs/impl_1/runme.log
reset_run synth_1
launch_runs impl_1 -to_step write_bitstream -jobs 6
[Wed Apr 17 16:06:02 2024] Launched synth_1...
Run output will be captured here: C:/SOC/EXPERIMENT/array_multiplier/array_multiplier.runs/synth_1/runme.log
[Wed Apr 17 16:06:02 2024] Launched impl_1...
Run output will be captured here: C:/SOC/EXPERIMENT/array_multiplier/array_multiplier.runs/impl_1/runme.log
INFO: [Designutils 20-2515] Parsing LTX file using non-hierarchical reader. 
set_property PROBES.FILE {C:/SOC/CSLAB_XD_test_all_2.0.xpr/CSLAB_XD_test_all_2.0/CSLAB_XD_test_all_2.0.runs/impl_1/design_1_wrapper.ltx} [get_hw_devices xc7k160t_0]
set_property FULL_PROBES.FILE {C:/SOC/CSLAB_XD_test_all_2.0.xpr/CSLAB_XD_test_all_2.0/CSLAB_XD_test_all_2.0.runs/impl_1/design_1_wrapper.ltx} [get_hw_devices xc7k160t_0]
set_property PROGRAM.FILE {C:/SOC/EXPERIMENT/array_multiplier/array_multiplier.runs/impl_1/array_multiplier_seg.bit} [get_hw_devices xc7k160t_0]
program_hw_devices [get_hw_devices xc7k160t_0]
INFO: [Labtools 27-3164] End of startup status: HIGH
refresh_hw_device [lindex [get_hw_devices xc7k160t_0] 0]
INFO: [Labtools 27-1434] Device xc7k160t (JTAG device index = 0) is programmed with a design that has no supported debug core(s) in it.
WARNING: [Labtools 27-3361] The debug hub core was not detected.
Resolution: 
1. Make sure the clock connected to the debug hub (dbg_hub) core is a free running clock and is active.
2. Make sure the BSCAN_SWITCH_USER_MASK device property in Vivado Hardware Manager reflects the user scan chain setting in the design and refresh the device.  To determine the user scan chain setting in the design, open the implemented design and use 'get_property C_USER_SCAN_CHAIN [get_debug_cores dbg_hub]'.
For more details on setting the scan chain property, consult the Vivado Debug and Programming User Guide (UG908).
INFO: [Designutils 20-2515] Parsing LTX file using non-hierarchical reader. 
WARNING: [Labtools 27-3413] Dropping logic core with cellname:'design_1_i/hier_2/ila_0' at location 'uuid_02679FAAA07658A0A727C4F0490F8798' from probes file, since it cannot be found on the programmed device.
WARNING: [Labtools 27-3413] Dropping logic core with cellname:'design_1_i/hier_0/ila_0' at location 'uuid_17AFDCBA442055DF98E3EFE1B7F7176F' from probes file, since it cannot be found on the programmed device.
WARNING: [Labtools 27-3413] Dropping logic core with cellname:'design_1_i/vio_1' at location 'uuid_689BA777060654C29537D1FF6FFDBF36' from probes file, since it cannot be found on the programmed device.
INFO: [Designutils 20-2515] Parsing LTX file using non-hierarchical reader. 
set_property PROBES.FILE {C:/SOC/CSLAB_XD_test_all_2.0.xpr/CSLAB_XD_test_all_2.0/CSLAB_XD_test_all_2.0.runs/impl_1/design_1_wrapper.ltx} [get_hw_devices xc7k160t_0]
set_property FULL_PROBES.FILE {C:/SOC/CSLAB_XD_test_all_2.0.xpr/CSLAB_XD_test_all_2.0/CSLAB_XD_test_all_2.0.runs/impl_1/design_1_wrapper.ltx} [get_hw_devices xc7k160t_0]
set_property PROGRAM.FILE {C:/SOC/EXPERIMENT/array_multiplier/array_multiplier.runs/impl_1/array_multiplier_seg.bit} [get_hw_devices xc7k160t_0]
program_hw_devices [get_hw_devices xc7k160t_0]
INFO: [Labtools 27-3164] End of startup status: HIGH
refresh_hw_device [lindex [get_hw_devices xc7k160t_0] 0]
INFO: [Labtools 27-1434] Device xc7k160t (JTAG device index = 0) is programmed with a design that has no supported debug core(s) in it.
WARNING: [Labtools 27-3361] The debug hub core was not detected.
Resolution: 
1. Make sure the clock connected to the debug hub (dbg_hub) core is a free running clock and is active.
2. Make sure the BSCAN_SWITCH_USER_MASK device property in Vivado Hardware Manager reflects the user scan chain setting in the design and refresh the device.  To determine the user scan chain setting in the design, open the implemented design and use 'get_property C_USER_SCAN_CHAIN [get_debug_cores dbg_hub]'.
For more details on setting the scan chain property, consult the Vivado Debug and Programming User Guide (UG908).
INFO: [Designutils 20-2515] Parsing LTX file using non-hierarchical reader. 
WARNING: [Labtools 27-3413] Dropping logic core with cellname:'design_1_i/hier_2/ila_0' at location 'uuid_02679FAAA07658A0A727C4F0490F8798' from probes file, since it cannot be found on the programmed device.
WARNING: [Labtools 27-3413] Dropping logic core with cellname:'design_1_i/hier_0/ila_0' at location 'uuid_17AFDCBA442055DF98E3EFE1B7F7176F' from probes file, since it cannot be found on the programmed device.
WARNING: [Labtools 27-3413] Dropping logic core with cellname:'design_1_i/vio_1' at location 'uuid_689BA777060654C29537D1FF6FFDBF36' from probes file, since it cannot be found on the programmed device.
set_property needs_refresh false [get_runs synth_1]
set_property needs_refresh false [get_runs impl_1]
INFO: [Designutils 20-2515] Parsing LTX file using non-hierarchical reader. 
set_property PROBES.FILE {C:/SOC/CSLAB_XD_test_all_2.0.xpr/CSLAB_XD_test_all_2.0/CSLAB_XD_test_all_2.0.runs/impl_1/design_1_wrapper.ltx} [get_hw_devices xc7k160t_0]
set_property FULL_PROBES.FILE {C:/SOC/CSLAB_XD_test_all_2.0.xpr/CSLAB_XD_test_all_2.0/CSLAB_XD_test_all_2.0.runs/impl_1/design_1_wrapper.ltx} [get_hw_devices xc7k160t_0]
set_property PROGRAM.FILE {C:/SOC/EXPERIMENT/array_multiplier/array_multiplier.runs/impl_1/array_multiplier_seg.bit} [get_hw_devices xc7k160t_0]
program_hw_devices [get_hw_devices xc7k160t_0]
INFO: [Labtools 27-3164] End of startup status: HIGH
refresh_hw_device [lindex [get_hw_devices xc7k160t_0] 0]
INFO: [Labtools 27-1434] Device xc7k160t (JTAG device index = 0) is programmed with a design that has no supported debug core(s) in it.
WARNING: [Labtools 27-3361] The debug hub core was not detected.
Resolution: 
1. Make sure the clock connected to the debug hub (dbg_hub) core is a free running clock and is active.
2. Make sure the BSCAN_SWITCH_USER_MASK device property in Vivado Hardware Manager reflects the user scan chain setting in the design and refresh the device.  To determine the user scan chain setting in the design, open the implemented design and use 'get_property C_USER_SCAN_CHAIN [get_debug_cores dbg_hub]'.
For more details on setting the scan chain property, consult the Vivado Debug and Programming User Guide (UG908).
INFO: [Designutils 20-2515] Parsing LTX file using non-hierarchical reader. 
WARNING: [Labtools 27-3413] Dropping logic core with cellname:'design_1_i/hier_2/ila_0' at location 'uuid_02679FAAA07658A0A727C4F0490F8798' from probes file, since it cannot be found on the programmed device.
WARNING: [Labtools 27-3413] Dropping logic core with cellname:'design_1_i/hier_0/ila_0' at location 'uuid_17AFDCBA442055DF98E3EFE1B7F7176F' from probes file, since it cannot be found on the programmed device.
WARNING: [Labtools 27-3413] Dropping logic core with cellname:'design_1_i/vio_1' at location 'uuid_689BA777060654C29537D1FF6FFDBF36' from probes file, since it cannot be found on the programmed device.
add_files -norecurse C:/SOC/EXPERIMENT/array_multiplier/array_multiplier.srcs/sources_1/new/clk_div.vhd
update_compile_order -fileset sources_1
reset_run synth_1
launch_runs impl_1 -to_step write_bitstream -jobs 6
[Wed Apr 17 16:37:23 2024] Launched synth_1...
Run output will be captured here: C:/SOC/EXPERIMENT/array_multiplier/array_multiplier.runs/synth_1/runme.log
[Wed Apr 17 16:37:23 2024] Launched impl_1...
Run output will be captured here: C:/SOC/EXPERIMENT/array_multiplier/array_multiplier.runs/impl_1/runme.log
set_property needs_refresh false [get_runs synth_1]
set_property needs_refresh false [get_runs impl_1]
reset_run impl_1
launch_runs impl_1 -to_step write_bitstream -jobs 6 -scripts_only
reset_run synth_1
launch_runs impl_1 -to_step write_bitstream -jobs 6 -scripts_only
reset_run synth_1
launch_runs impl_1 -to_step write_bitstream -jobs 6
[Wed Apr 17 16:42:49 2024] Launched synth_1...
Run output will be captured here: C:/SOC/EXPERIMENT/array_multiplier/array_multiplier.runs/synth_1/runme.log
[Wed Apr 17 16:42:49 2024] Launched impl_1...
Run output will be captured here: C:/SOC/EXPERIMENT/array_multiplier/array_multiplier.runs/impl_1/runme.log
INFO: [Designutils 20-2515] Parsing LTX file using non-hierarchical reader. 
set_property PROBES.FILE {C:/SOC/CSLAB_XD_test_all_2.0.xpr/CSLAB_XD_test_all_2.0/CSLAB_XD_test_all_2.0.runs/impl_1/design_1_wrapper.ltx} [get_hw_devices xc7k160t_0]
set_property FULL_PROBES.FILE {C:/SOC/CSLAB_XD_test_all_2.0.xpr/CSLAB_XD_test_all_2.0/CSLAB_XD_test_all_2.0.runs/impl_1/design_1_wrapper.ltx} [get_hw_devices xc7k160t_0]
set_property PROGRAM.FILE {C:/SOC/EXPERIMENT/array_multiplier/array_multiplier.runs/impl_1/array_multiplier_seg.bit} [get_hw_devices xc7k160t_0]
program_hw_devices [get_hw_devices xc7k160t_0]
INFO: [Labtools 27-3164] End of startup status: HIGH
refresh_hw_device [lindex [get_hw_devices xc7k160t_0] 0]
INFO: [Labtools 27-1434] Device xc7k160t (JTAG device index = 0) is programmed with a design that has no supported debug core(s) in it.
WARNING: [Labtools 27-3361] The debug hub core was not detected.
Resolution: 
1. Make sure the clock connected to the debug hub (dbg_hub) core is a free running clock and is active.
2. Make sure the BSCAN_SWITCH_USER_MASK device property in Vivado Hardware Manager reflects the user scan chain setting in the design and refresh the device.  To determine the user scan chain setting in the design, open the implemented design and use 'get_property C_USER_SCAN_CHAIN [get_debug_cores dbg_hub]'.
For more details on setting the scan chain property, consult the Vivado Debug and Programming User Guide (UG908).
INFO: [Designutils 20-2515] Parsing LTX file using non-hierarchical reader. 
WARNING: [Labtools 27-3413] Dropping logic core with cellname:'design_1_i/hier_2/ila_0' at location 'uuid_02679FAAA07658A0A727C4F0490F8798' from probes file, since it cannot be found on the programmed device.
WARNING: [Labtools 27-3413] Dropping logic core with cellname:'design_1_i/hier_0/ila_0' at location 'uuid_17AFDCBA442055DF98E3EFE1B7F7176F' from probes file, since it cannot be found on the programmed device.
WARNING: [Labtools 27-3413] Dropping logic core with cellname:'design_1_i/vio_1' at location 'uuid_689BA777060654C29537D1FF6FFDBF36' from probes file, since it cannot be found on the programmed device.
INFO: [Designutils 20-2515] Parsing LTX file using non-hierarchical reader. 
set_property PROBES.FILE {C:/SOC/CSLAB_XD_test_all_2.0.xpr/CSLAB_XD_test_all_2.0/CSLAB_XD_test_all_2.0.runs/impl_1/design_1_wrapper.ltx} [get_hw_devices xc7k160t_0]
set_property FULL_PROBES.FILE {C:/SOC/CSLAB_XD_test_all_2.0.xpr/CSLAB_XD_test_all_2.0/CSLAB_XD_test_all_2.0.runs/impl_1/design_1_wrapper.ltx} [get_hw_devices xc7k160t_0]
set_property PROGRAM.FILE {C:/SOC/EXPERIMENT/array_multiplier/array_multiplier.runs/impl_1/array_multiplier_seg.bit} [get_hw_devices xc7k160t_0]
program_hw_devices [get_hw_devices xc7k160t_0]
INFO: [Labtools 27-3164] End of startup status: HIGH
refresh_hw_device [lindex [get_hw_devices xc7k160t_0] 0]
INFO: [Labtools 27-1434] Device xc7k160t (JTAG device index = 0) is programmed with a design that has no supported debug core(s) in it.
WARNING: [Labtools 27-3361] The debug hub core was not detected.
Resolution: 
1. Make sure the clock connected to the debug hub (dbg_hub) core is a free running clock and is active.
2. Make sure the BSCAN_SWITCH_USER_MASK device property in Vivado Hardware Manager reflects the user scan chain setting in the design and refresh the device.  To determine the user scan chain setting in the design, open the implemented design and use 'get_property C_USER_SCAN_CHAIN [get_debug_cores dbg_hub]'.
For more details on setting the scan chain property, consult the Vivado Debug and Programming User Guide (UG908).
INFO: [Designutils 20-2515] Parsing LTX file using non-hierarchical reader. 
WARNING: [Labtools 27-3413] Dropping logic core with cellname:'design_1_i/hier_2/ila_0' at location 'uuid_02679FAAA07658A0A727C4F0490F8798' from probes file, since it cannot be found on the programmed device.
WARNING: [Labtools 27-3413] Dropping logic core with cellname:'design_1_i/hier_0/ila_0' at location 'uuid_17AFDCBA442055DF98E3EFE1B7F7176F' from probes file, since it cannot be found on the programmed device.
WARNING: [Labtools 27-3413] Dropping logic core with cellname:'design_1_i/vio_1' at location 'uuid_689BA777060654C29537D1FF6FFDBF36' from probes file, since it cannot be found on the programmed device.
reset_run synth_1
launch_runs impl_1 -to_step write_bitstream -jobs 6
[Wed Apr 17 16:53:09 2024] Launched synth_1...
Run output will be captured here: C:/SOC/EXPERIMENT/array_multiplier/array_multiplier.runs/synth_1/runme.log
[Wed Apr 17 16:53:09 2024] Launched impl_1...
Run output will be captured here: C:/SOC/EXPERIMENT/array_multiplier/array_multiplier.runs/impl_1/runme.log
INFO: [Designutils 20-2515] Parsing LTX file using non-hierarchical reader. 
set_property PROBES.FILE {C:/SOC/CSLAB_XD_test_all_2.0.xpr/CSLAB_XD_test_all_2.0/CSLAB_XD_test_all_2.0.runs/impl_1/design_1_wrapper.ltx} [get_hw_devices xc7k160t_0]
set_property FULL_PROBES.FILE {C:/SOC/CSLAB_XD_test_all_2.0.xpr/CSLAB_XD_test_all_2.0/CSLAB_XD_test_all_2.0.runs/impl_1/design_1_wrapper.ltx} [get_hw_devices xc7k160t_0]
set_property PROGRAM.FILE {C:/SOC/EXPERIMENT/array_multiplier/array_multiplier.runs/impl_1/array_multiplier_seg.bit} [get_hw_devices xc7k160t_0]
program_hw_devices [get_hw_devices xc7k160t_0]
INFO: [Labtools 27-3164] End of startup status: HIGH
refresh_hw_device [lindex [get_hw_devices xc7k160t_0] 0]
INFO: [Labtools 27-1434] Device xc7k160t (JTAG device index = 0) is programmed with a design that has no supported debug core(s) in it.
WARNING: [Labtools 27-3361] The debug hub core was not detected.
Resolution: 
1. Make sure the clock connected to the debug hub (dbg_hub) core is a free running clock and is active.
2. Make sure the BSCAN_SWITCH_USER_MASK device property in Vivado Hardware Manager reflects the user scan chain setting in the design and refresh the device.  To determine the user scan chain setting in the design, open the implemented design and use 'get_property C_USER_SCAN_CHAIN [get_debug_cores dbg_hub]'.
For more details on setting the scan chain property, consult the Vivado Debug and Programming User Guide (UG908).
INFO: [Designutils 20-2515] Parsing LTX file using non-hierarchical reader. 
WARNING: [Labtools 27-3413] Dropping logic core with cellname:'design_1_i/hier_2/ila_0' at location 'uuid_02679FAAA07658A0A727C4F0490F8798' from probes file, since it cannot be found on the programmed device.
WARNING: [Labtools 27-3413] Dropping logic core with cellname:'design_1_i/hier_0/ila_0' at location 'uuid_17AFDCBA442055DF98E3EFE1B7F7176F' from probes file, since it cannot be found on the programmed device.
WARNING: [Labtools 27-3413] Dropping logic core with cellname:'design_1_i/vio_1' at location 'uuid_689BA777060654C29537D1FF6FFDBF36' from probes file, since it cannot be found on the programmed device.
exit
INFO: [Common 17-206] Exiting Vivado at Wed Apr 17 16:55:08 2024...
