
*** Running vivado
    with args -log divider_origin_test.vdi -applog -m64 -product Vivado -messageDb vivado.pb -mode batch -source divider_origin_test.tcl -notrace


****** Vivado v2018.3 (64-bit)
  **** SW Build 2405991 on Thu Dec  6 23:38:27 MST 2018
  **** IP Build 2404404 on Fri Dec  7 01:43:56 MST 2018
    ** Copyright 1986-2018 Xilinx, Inc. All Rights Reserved.

source divider_origin_test.tcl -notrace
Command: link_design -top divider_origin_test -part xc7k160tfbg676-2
Design is defaulting to srcset: sources_1
Design is defaulting to constrset: constrs_1
INFO: [Netlist 29-17] Analyzing 23 Unisim elements for replacement
INFO: [Netlist 29-28] Unisim Transformation completed in 0 CPU seconds
INFO: [Project 1-479] Netlist was created with Vivado 2018.3
INFO: [Device 21-403] Loading part xc7k160tfbg676-2
INFO: [Project 1-570] Preparing netlist for logic optimization
Parsing XDC File [D:/soc/EXPERIMENT/divider_origin/divider_origin.srcs/constrs_1/new/pin.xdc]
Finished Parsing XDC File [D:/soc/EXPERIMENT/divider_origin/divider_origin.srcs/constrs_1/new/pin.xdc]
INFO: [Opt 31-138] Pushed 0 inverter(s) to 0 load pin(s).
Netlist sorting complete. Time (s): cpu = 00:00:00 ; elapsed = 00:00:00 . Memory (MB): peak = 665.684 ; gain = 0.000
INFO: [Project 1-111] Unisim Transformation Summary:
No Unisim elements were transformed.

7 Infos, 0 Warnings, 0 Critical Warnings and 0 Errors encountered.
link_design completed successfully
link_design: Time (s): cpu = 00:00:06 ; elapsed = 00:00:06 . Memory (MB): peak = 669.695 ; gain = 344.250
Command: opt_design
Attempting to get a license for feature 'Implementation' and/or device 'xc7k160t'
INFO: [Common 17-349] Got license for feature 'Implementation' and/or device 'xc7k160t'
Running DRC as a precondition to command opt_design

Starting DRC Task
INFO: [DRC 23-27] Running DRC with 2 threads
INFO: [Project 1-461] DRC finished with 0 Errors
INFO: [Project 1-462] Please refer to the DRC report (report_drc) for more information.

Time (s): cpu = 00:00:01 ; elapsed = 00:00:00.504 . Memory (MB): peak = 681.941 ; gain = 12.246

Starting Cache Timing Information Task
INFO: [Timing 38-35] Done setting XDC timing constraints.
Ending Cache Timing Information Task | Checksum: 1f7e5564a

Time (s): cpu = 00:00:06 ; elapsed = 00:00:06 . Memory (MB): peak = 1258.242 ; gain = 576.301

Starting Logic Optimization Task

Phase 1 Retarget
INFO: [Opt 31-138] Pushed 0 inverter(s) to 0 load pin(s).
INFO: [Opt 31-49] Retargeted 0 cell(s).
Phase 1 Retarget | Checksum: 1f7e5564a

Time (s): cpu = 00:00:00 ; elapsed = 00:00:00.016 . Memory (MB): peak = 1357.168 ; gain = 0.000
INFO: [Opt 31-389] Phase Retarget created 0 cells and removed 0 cells

Phase 2 Constant propagation
INFO: [Opt 31-138] Pushed 0 inverter(s) to 0 load pin(s).
Phase 2 Constant propagation | Checksum: 1f7e5564a

Time (s): cpu = 00:00:00 ; elapsed = 00:00:00.020 . Memory (MB): peak = 1357.168 ; gain = 0.000
INFO: [Opt 31-389] Phase Constant propagation created 0 cells and removed 0 cells

Phase 3 Sweep
Phase 3 Sweep | Checksum: 1753862d6

Time (s): cpu = 00:00:00 ; elapsed = 00:00:00.026 . Memory (MB): peak = 1357.168 ; gain = 0.000
INFO: [Opt 31-389] Phase Sweep created 0 cells and removed 0 cells

Phase 4 BUFG optimization
Phase 4 BUFG optimization | Checksum: 1753862d6

Time (s): cpu = 00:00:00 ; elapsed = 00:00:00.035 . Memory (MB): peak = 1357.168 ; gain = 0.000
INFO: [Opt 31-662] Phase BUFG optimization created 0 cells of which 0 are BUFGs and removed 0 cells.

Phase 5 Shift Register Optimization
Phase 5 Shift Register Optimization | Checksum: 178390be6

Time (s): cpu = 00:00:00 ; elapsed = 00:00:00.085 . Memory (MB): peak = 1357.168 ; gain = 0.000
INFO: [Opt 31-389] Phase Shift Register Optimization created 0 cells and removed 0 cells

Phase 6 Post Processing Netlist
Phase 6 Post Processing Netlist | Checksum: 178390be6

Time (s): cpu = 00:00:00 ; elapsed = 00:00:00.088 . Memory (MB): peak = 1357.168 ; gain = 0.000
INFO: [Opt 31-389] Phase Post Processing Netlist created 0 cells and removed 0 cells
Opt_design Change Summary
=========================


-------------------------------------------------------------------------------------------------------------------------
|  Phase                        |  #Cells created  |  #Cells Removed  |  #Constrained objects preventing optimizations  |
-------------------------------------------------------------------------------------------------------------------------
|  Retarget                     |               0  |               0  |                                              0  |
|  Constant propagation         |               0  |               0  |                                              0  |
|  Sweep                        |               0  |               0  |                                              0  |
|  BUFG optimization            |               0  |               0  |                                              0  |
|  Shift Register Optimization  |               0  |               0  |                                              0  |
|  Post Processing Netlist      |               0  |               0  |                                              0  |
-------------------------------------------------------------------------------------------------------------------------



Starting Connectivity Check Task

Time (s): cpu = 00:00:00 ; elapsed = 00:00:00.001 . Memory (MB): peak = 1357.168 ; gain = 0.000
Ending Logic Optimization Task | Checksum: 178390be6

Time (s): cpu = 00:00:00 ; elapsed = 00:00:00.091 . Memory (MB): peak = 1357.168 ; gain = 0.000

Starting Power Optimization Task
INFO: [Pwropt 34-132] Skipping clock gating for clocks with a period < 2.00 ns.
Ending Power Optimization Task | Checksum: 178390be6

Time (s): cpu = 00:00:00 ; elapsed = 00:00:00.006 . Memory (MB): peak = 1357.168 ; gain = 0.000

Starting Final Cleanup Task
Ending Final Cleanup Task | Checksum: 178390be6

Time (s): cpu = 00:00:00 ; elapsed = 00:00:00 . Memory (MB): peak = 1357.168 ; gain = 0.000

Starting Netlist Obfuscation Task
Netlist sorting complete. Time (s): cpu = 00:00:00 ; elapsed = 00:00:00 . Memory (MB): peak = 1357.168 ; gain = 0.000
Ending Netlist Obfuscation Task | Checksum: 178390be6

Time (s): cpu = 00:00:00 ; elapsed = 00:00:00 . Memory (MB): peak = 1357.168 ; gain = 0.000
INFO: [Common 17-83] Releasing license: Implementation
23 Infos, 0 Warnings, 0 Critical Warnings and 0 Errors encountered.
opt_design completed successfully
opt_design: Time (s): cpu = 00:00:07 ; elapsed = 00:00:08 . Memory (MB): peak = 1357.168 ; gain = 687.473
Netlist sorting complete. Time (s): cpu = 00:00:00 ; elapsed = 00:00:00 . Memory (MB): peak = 1357.168 ; gain = 0.000
INFO: [Timing 38-480] Writing timing data to binary archive.
Writing placer database...
Writing XDEF routing.
Writing XDEF routing logical nets.
Writing XDEF routing special nets.
Write XDEF Complete: Time (s): cpu = 00:00:01 ; elapsed = 00:00:00.027 . Memory (MB): peak = 1357.168 ; gain = 0.000
Netlist sorting complete. Time (s): cpu = 00:00:00 ; elapsed = 00:00:00 . Memory (MB): peak = 1357.168 ; gain = 0.000
INFO: [Common 17-1381] The checkpoint 'D:/soc/EXPERIMENT/divider_origin/divider_origin.runs/impl_1/divider_origin_test_opt.dcp' has been generated.
INFO: [runtcl-4] Executing : report_drc -file divider_origin_test_drc_opted.rpt -pb divider_origin_test_drc_opted.pb -rpx divider_origin_test_drc_opted.rpx
Command: report_drc -file divider_origin_test_drc_opted.rpt -pb divider_origin_test_drc_opted.pb -rpx divider_origin_test_drc_opted.rpx
INFO: [IP_Flow 19-234] Refreshing IP repositories
INFO: [IP_Flow 19-1704] No user IP repositories specified
INFO: [IP_Flow 19-2313] Loaded Vivado IP repository 'E:/software/work/xilinx/Vivado/2018.3/data/ip'.
INFO: [DRC 23-27] Running DRC with 2 threads
INFO: [Coretcl 2-168] The results of DRC are in file D:/soc/EXPERIMENT/divider_origin/divider_origin.runs/impl_1/divider_origin_test_drc_opted.rpt.
report_drc completed successfully
Command: place_design
Attempting to get a license for feature 'Implementation' and/or device 'xc7k160t'
INFO: [Common 17-349] Got license for feature 'Implementation' and/or device 'xc7k160t'
INFO: [DRC 23-27] Running DRC with 2 threads
INFO: [Vivado_Tcl 4-198] DRC finished with 0 Errors
INFO: [Vivado_Tcl 4-199] Please refer to the DRC report (report_drc) for more information.
Running DRC as a precondition to command place_design
INFO: [DRC 23-27] Running DRC with 2 threads
INFO: [Vivado_Tcl 4-198] DRC finished with 0 Errors
INFO: [Vivado_Tcl 4-199] Please refer to the DRC report (report_drc) for more information.

Starting Placer Task
INFO: [Place 30-611] Multithreading enabled for place_design using a maximum of 2 CPUs

Phase 1 Placer Initialization

Phase 1.1 Placer Initialization Netlist Sorting
Netlist sorting complete. Time (s): cpu = 00:00:00 ; elapsed = 00:00:00 . Memory (MB): peak = 1357.168 ; gain = 0.000
Phase 1.1 Placer Initialization Netlist Sorting | Checksum: 17352641f

Time (s): cpu = 00:00:00 ; elapsed = 00:00:00.003 . Memory (MB): peak = 1357.168 ; gain = 0.000
Netlist sorting complete. Time (s): cpu = 00:00:00 ; elapsed = 00:00:00 . Memory (MB): peak = 1357.168 ; gain = 0.000

Phase 1.2 IO Placement/ Clock Placement/ Build Placer Device
INFO: [Timing 38-35] Done setting XDC timing constraints.
Phase 1.2 IO Placement/ Clock Placement/ Build Placer Device | Checksum: 1296d242f

Time (s): cpu = 00:00:01 ; elapsed = 00:00:00.828 . Memory (MB): peak = 1366.832 ; gain = 9.664

Phase 1.3 Build Placer Netlist Model
Phase 1.3 Build Placer Netlist Model | Checksum: 1baf429c1

Time (s): cpu = 00:00:01 ; elapsed = 00:00:00.849 . Memory (MB): peak = 1366.832 ; gain = 9.664

Phase 1.4 Constrain Clocks/Macros
Phase 1.4 Constrain Clocks/Macros | Checksum: 1baf429c1

Time (s): cpu = 00:00:01 ; elapsed = 00:00:00.852 . Memory (MB): peak = 1366.832 ; gain = 9.664
Phase 1 Placer Initialization | Checksum: 1baf429c1

Time (s): cpu = 00:00:01 ; elapsed = 00:00:00.853 . Memory (MB): peak = 1366.832 ; gain = 9.664

Phase 2 Global Placement

Phase 2.1 Floorplanning
Phase 2.1 Floorplanning | Checksum: 1baf429c1

Time (s): cpu = 00:00:01 ; elapsed = 00:00:00.857 . Memory (MB): peak = 1368.527 ; gain = 11.359
WARNING: [Place 46-29] place_design is not in timing mode. Skip physical synthesis in placer
Phase 2 Global Placement | Checksum: 14b10bce7

Time (s): cpu = 00:00:02 ; elapsed = 00:00:01 . Memory (MB): peak = 1377.844 ; gain = 20.676

Phase 3 Detail Placement

Phase 3.1 Commit Multi Column Macros
Phase 3.1 Commit Multi Column Macros | Checksum: 14b10bce7

Time (s): cpu = 00:00:02 ; elapsed = 00:00:01 . Memory (MB): peak = 1377.844 ; gain = 20.676

Phase 3.2 Commit Most Macros & LUTRAMs
Phase 3.2 Commit Most Macros & LUTRAMs | Checksum: d6fdef3d

Time (s): cpu = 00:00:02 ; elapsed = 00:00:01 . Memory (MB): peak = 1378.738 ; gain = 21.570

Phase 3.3 Area Swap Optimization
Phase 3.3 Area Swap Optimization | Checksum: 12d5a567c

Time (s): cpu = 00:00:02 ; elapsed = 00:00:01 . Memory (MB): peak = 1378.773 ; gain = 21.605

Phase 3.4 Pipeline Register Optimization
Phase 3.4 Pipeline Register Optimization | Checksum: 12d5a567c

Time (s): cpu = 00:00:02 ; elapsed = 00:00:01 . Memory (MB): peak = 1378.773 ; gain = 21.605

Phase 3.5 Small Shape Detail Placement
Phase 3.5 Small Shape Detail Placement | Checksum: 1c56e1c35

Time (s): cpu = 00:00:02 ; elapsed = 00:00:01 . Memory (MB): peak = 1385.832 ; gain = 28.664

Phase 3.6 Re-assign LUT pins
Phase 3.6 Re-assign LUT pins | Checksum: 1c56e1c35

Time (s): cpu = 00:00:02 ; elapsed = 00:00:01 . Memory (MB): peak = 1385.832 ; gain = 28.664

Phase 3.7 Pipeline Register Optimization
Phase 3.7 Pipeline Register Optimization | Checksum: 1c56e1c35

Time (s): cpu = 00:00:02 ; elapsed = 00:00:01 . Memory (MB): peak = 1385.832 ; gain = 28.664
Phase 3 Detail Placement | Checksum: 1c56e1c35

Time (s): cpu = 00:00:02 ; elapsed = 00:00:01 . Memory (MB): peak = 1385.832 ; gain = 28.664

Phase 4 Post Placement Optimization and Clean-Up

Phase 4.1 Post Commit Optimization
Phase 4.1 Post Commit Optimization | Checksum: 1c56e1c35

Time (s): cpu = 00:00:02 ; elapsed = 00:00:01 . Memory (MB): peak = 1385.832 ; gain = 28.664

Phase 4.2 Post Placement Cleanup
Phase 4.2 Post Placement Cleanup | Checksum: 1c56e1c35

Time (s): cpu = 00:00:02 ; elapsed = 00:00:01 . Memory (MB): peak = 1385.832 ; gain = 28.664

Phase 4.3 Placer Reporting
Phase 4.3 Placer Reporting | Checksum: 1c56e1c35

Time (s): cpu = 00:00:02 ; elapsed = 00:00:01 . Memory (MB): peak = 1385.832 ; gain = 28.664

Phase 4.4 Final Placement Cleanup
Netlist sorting complete. Time (s): cpu = 00:00:00 ; elapsed = 00:00:00 . Memory (MB): peak = 1385.832 ; gain = 0.000
Phase 4.4 Final Placement Cleanup | Checksum: 2218445d0

Time (s): cpu = 00:00:02 ; elapsed = 00:00:01 . Memory (MB): peak = 1385.832 ; gain = 28.664
Phase 4 Post Placement Optimization and Clean-Up | Checksum: 2218445d0

Time (s): cpu = 00:00:02 ; elapsed = 00:00:01 . Memory (MB): peak = 1385.832 ; gain = 28.664
Ending Placer Task | Checksum: 1589cc117

Time (s): cpu = 00:00:02 ; elapsed = 00:00:01 . Memory (MB): peak = 1385.832 ; gain = 28.664
INFO: [Common 17-83] Releasing license: Implementation
41 Infos, 1 Warnings, 0 Critical Warnings and 0 Errors encountered.
place_design completed successfully
Netlist sorting complete. Time (s): cpu = 00:00:00 ; elapsed = 00:00:00.001 . Memory (MB): peak = 1385.832 ; gain = 0.000
INFO: [Timing 38-480] Writing timing data to binary archive.
Writing placer database...
Writing XDEF routing.
Writing XDEF routing logical nets.
Writing XDEF routing special nets.
Write XDEF Complete: Time (s): cpu = 00:00:00 ; elapsed = 00:00:00.082 . Memory (MB): peak = 1388.695 ; gain = 2.863
Netlist sorting complete. Time (s): cpu = 00:00:00 ; elapsed = 00:00:00.001 . Memory (MB): peak = 1388.695 ; gain = 0.000
INFO: [Common 17-1381] The checkpoint 'D:/soc/EXPERIMENT/divider_origin/divider_origin.runs/impl_1/divider_origin_test_placed.dcp' has been generated.
INFO: [runtcl-4] Executing : report_io -file divider_origin_test_io_placed.rpt
report_io: Time (s): cpu = 00:00:01 ; elapsed = 00:00:00.085 . Memory (MB): peak = 1388.695 ; gain = 0.000
INFO: [runtcl-4] Executing : report_utilization -file divider_origin_test_utilization_placed.rpt -pb divider_origin_test_utilization_placed.pb
INFO: [runtcl-4] Executing : report_control_sets -verbose -file divider_origin_test_control_sets_placed.rpt
report_control_sets: Time (s): cpu = 00:00:00 ; elapsed = 00:00:00.004 . Memory (MB): peak = 1388.695 ; gain = 0.000
Command: route_design
Attempting to get a license for feature 'Implementation' and/or device 'xc7k160t'
INFO: [Common 17-349] Got license for feature 'Implementation' and/or device 'xc7k160t'
Running DRC as a precondition to command route_design
INFO: [DRC 23-27] Running DRC with 2 threads
INFO: [Vivado_Tcl 4-198] DRC finished with 0 Errors
INFO: [Vivado_Tcl 4-199] Please refer to the DRC report (report_drc) for more information.


Starting Routing Task
INFO: [Route 35-254] Multithreading enabled for route_design using a maximum of 2 CPUs
Checksum: PlaceDB: 728eb08d ConstDB: 0 ShapeSum: e60e108a RouteDB: 0

Phase 1 Build RT Design
Phase 1 Build RT Design | Checksum: 1006b4d3f

Time (s): cpu = 00:00:21 ; elapsed = 00:00:15 . Memory (MB): peak = 1602.340 ; gain = 212.711
Post Restoration Checksum: NetGraph: 10c59de3 NumContArr: efa5af5c Constraints: 0 Timing: 0

Phase 2 Router Initialization
INFO: [Route 35-64] No timing constraints were detected. The router will operate in resource-optimization mode.

Phase 2.1 Fix Topology Constraints
Phase 2.1 Fix Topology Constraints | Checksum: 1006b4d3f

Time (s): cpu = 00:00:21 ; elapsed = 00:00:15 . Memory (MB): peak = 1606.742 ; gain = 217.113

Phase 2.2 Pre Route Cleanup
Phase 2.2 Pre Route Cleanup | Checksum: 1006b4d3f

Time (s): cpu = 00:00:21 ; elapsed = 00:00:15 . Memory (MB): peak = 1606.742 ; gain = 217.113
 Number of Nodes with overlaps = 0
Phase 2 Router Initialization | Checksum: e3184d1c

Time (s): cpu = 00:00:22 ; elapsed = 00:00:15 . Memory (MB): peak = 1636.457 ; gain = 246.828

Phase 3 Initial Routing
Phase 3 Initial Routing | Checksum: 19f8865f0

Time (s): cpu = 00:00:22 ; elapsed = 00:00:16 . Memory (MB): peak = 1636.457 ; gain = 246.828

Phase 4 Rip-up And Reroute

Phase 4.1 Global Iteration 0
 Number of Nodes with overlaps = 8
 Number of Nodes with overlaps = 0
Phase 4.1 Global Iteration 0 | Checksum: c21c6d31

Time (s): cpu = 00:00:22 ; elapsed = 00:00:16 . Memory (MB): peak = 1636.457 ; gain = 246.828
Phase 4 Rip-up And Reroute | Checksum: c21c6d31

Time (s): cpu = 00:00:22 ; elapsed = 00:00:16 . Memory (MB): peak = 1636.457 ; gain = 246.828

Phase 5 Delay and Skew Optimization
Phase 5 Delay and Skew Optimization | Checksum: c21c6d31

Time (s): cpu = 00:00:22 ; elapsed = 00:00:16 . Memory (MB): peak = 1636.457 ; gain = 246.828

Phase 6 Post Hold Fix

Phase 6.1 Hold Fix Iter
Phase 6.1 Hold Fix Iter | Checksum: c21c6d31

Time (s): cpu = 00:00:22 ; elapsed = 00:00:16 . Memory (MB): peak = 1636.457 ; gain = 246.828
Phase 6 Post Hold Fix | Checksum: c21c6d31

Time (s): cpu = 00:00:22 ; elapsed = 00:00:16 . Memory (MB): peak = 1636.457 ; gain = 246.828

Phase 7 Route finalize

Router Utilization Summary
  Global Vertical Routing Utilization    = 0.0663533 %
  Global Horizontal Routing Utilization  = 0.0268968 %
  Routable Net Status*
  *Does not include unroutable nets such as driverless and loadless.
  Run report_route_status for detailed report.
  Number of Failed Nets               = 0
  Number of Unrouted Nets             = 0
  Number of Partially Routed Nets     = 0
  Number of Node Overlaps             = 0

Congestion Report
North Dir 1x1 Area, Max Cong = 28.8288%, No Congested Regions.
South Dir 1x1 Area, Max Cong = 21.6216%, No Congested Regions.
East Dir 1x1 Area, Max Cong = 17.6471%, No Congested Regions.
West Dir 1x1 Area, Max Cong = 13.2353%, No Congested Regions.

------------------------------
Reporting congestion hotspots
------------------------------
Direction: North
----------------
Congested clusters found at Level 0
Effective congestion level: 0 Aspect Ratio: 1 Sparse Ratio: 0
Direction: South
----------------
Congested clusters found at Level 0
Effective congestion level: 0 Aspect Ratio: 1 Sparse Ratio: 0
Direction: East
----------------
Congested clusters found at Level 0
Effective congestion level: 0 Aspect Ratio: 1 Sparse Ratio: 0
Direction: West
----------------
Congested clusters found at Level 0
Effective congestion level: 0 Aspect Ratio: 1 Sparse Ratio: 0

Phase 7 Route finalize | Checksum: c21c6d31

Time (s): cpu = 00:00:22 ; elapsed = 00:00:16 . Memory (MB): peak = 1636.457 ; gain = 246.828

Phase 8 Verifying routed nets

 Verification completed successfully
Phase 8 Verifying routed nets | Checksum: c21c6d31

Time (s): cpu = 00:00:22 ; elapsed = 00:00:16 . Memory (MB): peak = 1636.457 ; gain = 246.828

Phase 9 Depositing Routes
Phase 9 Depositing Routes | Checksum: 9d571289

Time (s): cpu = 00:00:22 ; elapsed = 00:00:16 . Memory (MB): peak = 1636.457 ; gain = 246.828
INFO: [Route 35-16] Router Completed Successfully

Time (s): cpu = 00:00:22 ; elapsed = 00:00:16 . Memory (MB): peak = 1636.457 ; gain = 246.828

Routing Is Done.
INFO: [Common 17-83] Releasing license: Implementation
54 Infos, 1 Warnings, 0 Critical Warnings and 0 Errors encountered.
route_design completed successfully
route_design: Time (s): cpu = 00:00:23 ; elapsed = 00:00:17 . Memory (MB): peak = 1636.457 ; gain = 247.762
Netlist sorting complete. Time (s): cpu = 00:00:00 ; elapsed = 00:00:00 . Memory (MB): peak = 1636.457 ; gain = 0.000
INFO: [Timing 38-480] Writing timing data to binary archive.
Writing placer database...
Writing XDEF routing.
Writing XDEF routing logical nets.
Writing XDEF routing special nets.
Write XDEF Complete: Time (s): cpu = 00:00:00 ; elapsed = 00:00:00.046 . Memory (MB): peak = 1636.457 ; gain = 0.000
Netlist sorting complete. Time (s): cpu = 00:00:00 ; elapsed = 00:00:00 . Memory (MB): peak = 1636.457 ; gain = 0.000
INFO: [Common 17-1381] The checkpoint 'D:/soc/EXPERIMENT/divider_origin/divider_origin.runs/impl_1/divider_origin_test_routed.dcp' has been generated.
INFO: [runtcl-4] Executing : report_drc -file divider_origin_test_drc_routed.rpt -pb divider_origin_test_drc_routed.pb -rpx divider_origin_test_drc_routed.rpx
Command: report_drc -file divider_origin_test_drc_routed.rpt -pb divider_origin_test_drc_routed.pb -rpx divider_origin_test_drc_routed.rpx
INFO: [IP_Flow 19-1839] IP Catalog is up to date.
INFO: [DRC 23-27] Running DRC with 2 threads
INFO: [Coretcl 2-168] The results of DRC are in file D:/soc/EXPERIMENT/divider_origin/divider_origin.runs/impl_1/divider_origin_test_drc_routed.rpt.
report_drc completed successfully
INFO: [runtcl-4] Executing : report_methodology -file divider_origin_test_methodology_drc_routed.rpt -pb divider_origin_test_methodology_drc_routed.pb -rpx divider_origin_test_methodology_drc_routed.rpx
Command: report_methodology -file divider_origin_test_methodology_drc_routed.rpt -pb divider_origin_test_methodology_drc_routed.pb -rpx divider_origin_test_methodology_drc_routed.rpx
INFO: [Timing 38-35] Done setting XDC timing constraints.
INFO: [DRC 23-133] Running Methodology with 2 threads
INFO: [Coretcl 2-1520] The results of Report Methodology are in file D:/soc/EXPERIMENT/divider_origin/divider_origin.runs/impl_1/divider_origin_test_methodology_drc_routed.rpt.
report_methodology completed successfully
INFO: [runtcl-4] Executing : report_power -file divider_origin_test_power_routed.rpt -pb divider_origin_test_power_summary_routed.pb -rpx divider_origin_test_power_routed.rpx
Command: report_power -file divider_origin_test_power_routed.rpt -pb divider_origin_test_power_summary_routed.pb -rpx divider_origin_test_power_routed.rpx
WARNING: [Power 33-232] No user defined clocks were found in the design!
Resolution: Please specify clocks using create_clock/create_generated_clock for sequential elements. For pure combinatorial circuits, please specify a virtual clock, otherwise the vectorless estimation might be inaccurate
INFO: [Timing 38-35] Done setting XDC timing constraints.
Running Vector-less Activity Propagation...

Finished Running Vector-less Activity Propagation
66 Infos, 2 Warnings, 0 Critical Warnings and 0 Errors encountered.
report_power completed successfully
INFO: [runtcl-4] Executing : report_route_status -file divider_origin_test_route_status.rpt -pb divider_origin_test_route_status.pb
INFO: [runtcl-4] Executing : report_timing_summary -max_paths 10 -file divider_origin_test_timing_summary_routed.rpt -pb divider_origin_test_timing_summary_routed.pb -rpx divider_origin_test_timing_summary_routed.rpx -warn_on_violation 
INFO: [Timing 38-91] UpdateTimingParams: Speed grade: -2, Delay Type: min_max.
INFO: [Timing 38-191] Multithreading enabled for timing update using a maximum of 2 CPUs
WARNING: [Timing 38-313] There are no user specified timing constraints. Timing constraints are needed for proper timing analysis.
INFO: [runtcl-4] Executing : report_incremental_reuse -file divider_origin_test_incremental_reuse_routed.rpt
INFO: [Vivado_Tcl 4-1062] Incremental flow is disabled. No incremental reuse Info to report.
INFO: [runtcl-4] Executing : report_clock_utilization -file divider_origin_test_clock_utilization_routed.rpt
INFO: [runtcl-4] Executing : report_bus_skew -warn_on_violation -file divider_origin_test_bus_skew_routed.rpt -pb divider_origin_test_bus_skew_routed.pb -rpx divider_origin_test_bus_skew_routed.rpx
INFO: [Timing 38-91] UpdateTimingParams: Speed grade: -2, Delay Type: min_max.
INFO: [Timing 38-191] Multithreading enabled for timing update using a maximum of 2 CPUs
Command: write_bitstream -force divider_origin_test.bit
Attempting to get a license for feature 'Implementation' and/or device 'xc7k160t'
INFO: [Common 17-349] Got license for feature 'Implementation' and/or device 'xc7k160t'
Running DRC as a precondition to command write_bitstream
INFO: [IP_Flow 19-1839] IP Catalog is up to date.
INFO: [DRC 23-27] Running DRC with 2 threads
WARNING: [DRC CFGBVS-1] Missing CFGBVS and CONFIG_VOLTAGE Design Properties: Neither the CFGBVS nor CONFIG_VOLTAGE voltage property is set in the current_design.  Configuration bank voltage select (CFGBVS) must be set to VCCO or GND, and CONFIG_VOLTAGE must be set to the correct configuration voltage, in order to determine the I/O voltage support for the pins in bank 0.  It is suggested to specify these either using the 'Edit Device Properties' function in the GUI or directly in the XDC file using the following syntax:

 set_property CFGBVS value1 [current_design]
 #where value1 is either VCCO or GND

 set_property CONFIG_VOLTAGE value2 [current_design]
 #where value2 is the voltage provided to configuration bank 0

Refer to the device configuration user guide for more information.
WARNING: [DRC PDRC-153] Gated clock check: Net divider_origin_inst/divider_origin_16bitreg_inst/c_out_reg_LDC_i_1_n_0 is a gated clock net sourced by a combinational pin divider_origin_inst/divider_origin_16bitreg_inst/c_out_reg_LDC_i_1/O, cell divider_origin_inst/divider_origin_16bitreg_inst/c_out_reg_LDC_i_1. This is not good design practice and will likely impact performance. For SLICE registers, for example, use the CE pin to control the loading of data.
WARNING: [DRC PDRC-153] Gated clock check: Net divider_origin_inst/divider_origin_16bitreg_inst/sr16b_reg[10]_LDC_i_1_n_0 is a gated clock net sourced by a combinational pin divider_origin_inst/divider_origin_16bitreg_inst/sr16b_reg[10]_LDC_i_1/O, cell divider_origin_inst/divider_origin_16bitreg_inst/sr16b_reg[10]_LDC_i_1. This is not good design practice and will likely impact performance. For SLICE registers, for example, use the CE pin to control the loading of data.
WARNING: [DRC PDRC-153] Gated clock check: Net divider_origin_inst/divider_origin_16bitreg_inst/sr16b_reg[11]_LDC_i_1_n_0 is a gated clock net sourced by a combinational pin divider_origin_inst/divider_origin_16bitreg_inst/sr16b_reg[11]_LDC_i_1/O, cell divider_origin_inst/divider_origin_16bitreg_inst/sr16b_reg[11]_LDC_i_1. This is not good design practice and will likely impact performance. For SLICE registers, for example, use the CE pin to control the loading of data.
WARNING: [DRC PDRC-153] Gated clock check: Net divider_origin_inst/divider_origin_16bitreg_inst/sr16b_reg[12]_LDC_i_1_n_0 is a gated clock net sourced by a combinational pin divider_origin_inst/divider_origin_16bitreg_inst/sr16b_reg[12]_LDC_i_1/O, cell divider_origin_inst/divider_origin_16bitreg_inst/sr16b_reg[12]_LDC_i_1. This is not good design practice and will likely impact performance. For SLICE registers, for example, use the CE pin to control the loading of data.
WARNING: [DRC PDRC-153] Gated clock check: Net divider_origin_inst/divider_origin_16bitreg_inst/sr16b_reg[13]_LDC_i_1_n_0 is a gated clock net sourced by a combinational pin divider_origin_inst/divider_origin_16bitreg_inst/sr16b_reg[13]_LDC_i_1/O, cell divider_origin_inst/divider_origin_16bitreg_inst/sr16b_reg[13]_LDC_i_1. This is not good design practice and will likely impact performance. For SLICE registers, for example, use the CE pin to control the loading of data.
WARNING: [DRC PDRC-153] Gated clock check: Net divider_origin_inst/divider_origin_16bitreg_inst/sr16b_reg[14]_LDC_i_1_n_0 is a gated clock net sourced by a combinational pin divider_origin_inst/divider_origin_16bitreg_inst/sr16b_reg[14]_LDC_i_1/O, cell divider_origin_inst/divider_origin_16bitreg_inst/sr16b_reg[14]_LDC_i_1. This is not good design practice and will likely impact performance. For SLICE registers, for example, use the CE pin to control the loading of data.
WARNING: [DRC PDRC-153] Gated clock check: Net divider_origin_inst/divider_origin_16bitreg_inst/sr16b_reg[15]_LDC_i_1_n_0 is a gated clock net sourced by a combinational pin divider_origin_inst/divider_origin_16bitreg_inst/sr16b_reg[15]_LDC_i_1/O, cell divider_origin_inst/divider_origin_16bitreg_inst/sr16b_reg[15]_LDC_i_1. This is not good design practice and will likely impact performance. For SLICE registers, for example, use the CE pin to control the loading of data.
WARNING: [DRC PDRC-153] Gated clock check: Net divider_origin_inst/divider_origin_16bitreg_inst/sr16b_reg[1]_LDC_i_1_n_0 is a gated clock net sourced by a combinational pin divider_origin_inst/divider_origin_16bitreg_inst/sr16b_reg[1]_LDC_i_1/O, cell divider_origin_inst/divider_origin_16bitreg_inst/sr16b_reg[1]_LDC_i_1. This is not good design practice and will likely impact performance. For SLICE registers, for example, use the CE pin to control the loading of data.
WARNING: [DRC PDRC-153] Gated clock check: Net divider_origin_inst/divider_origin_16bitreg_inst/sr16b_reg[2]_LDC_i_1_n_0 is a gated clock net sourced by a combinational pin divider_origin_inst/divider_origin_16bitreg_inst/sr16b_reg[2]_LDC_i_1/O, cell divider_origin_inst/divider_origin_16bitreg_inst/sr16b_reg[2]_LDC_i_1. This is not good design practice and will likely impact performance. For SLICE registers, for example, use the CE pin to control the loading of data.
WARNING: [DRC PDRC-153] Gated clock check: Net divider_origin_inst/divider_origin_16bitreg_inst/sr16b_reg[3]_LDC_i_1_n_0 is a gated clock net sourced by a combinational pin divider_origin_inst/divider_origin_16bitreg_inst/sr16b_reg[3]_LDC_i_1/O, cell divider_origin_inst/divider_origin_16bitreg_inst/sr16b_reg[3]_LDC_i_1. This is not good design practice and will likely impact performance. For SLICE registers, for example, use the CE pin to control the loading of data.
WARNING: [DRC PDRC-153] Gated clock check: Net divider_origin_inst/divider_origin_16bitreg_inst/sr16b_reg[4]_LDC_i_1_n_0 is a gated clock net sourced by a combinational pin divider_origin_inst/divider_origin_16bitreg_inst/sr16b_reg[4]_LDC_i_1/O, cell divider_origin_inst/divider_origin_16bitreg_inst/sr16b_reg[4]_LDC_i_1. This is not good design practice and will likely impact performance. For SLICE registers, for example, use the CE pin to control the loading of data.
WARNING: [DRC PDRC-153] Gated clock check: Net divider_origin_inst/divider_origin_16bitreg_inst/sr16b_reg[5]_LDC_i_1_n_0 is a gated clock net sourced by a combinational pin divider_origin_inst/divider_origin_16bitreg_inst/sr16b_reg[5]_LDC_i_1/O, cell divider_origin_inst/divider_origin_16bitreg_inst/sr16b_reg[5]_LDC_i_1. This is not good design practice and will likely impact performance. For SLICE registers, for example, use the CE pin to control the loading of data.
WARNING: [DRC PDRC-153] Gated clock check: Net divider_origin_inst/divider_origin_16bitreg_inst/sr16b_reg[6]_LDC_i_1_n_0 is a gated clock net sourced by a combinational pin divider_origin_inst/divider_origin_16bitreg_inst/sr16b_reg[6]_LDC_i_1/O, cell divider_origin_inst/divider_origin_16bitreg_inst/sr16b_reg[6]_LDC_i_1. This is not good design practice and will likely impact performance. For SLICE registers, for example, use the CE pin to control the loading of data.
WARNING: [DRC PDRC-153] Gated clock check: Net divider_origin_inst/divider_origin_16bitreg_inst/sr16b_reg[7]_LDC_i_1_n_0 is a gated clock net sourced by a combinational pin divider_origin_inst/divider_origin_16bitreg_inst/sr16b_reg[7]_LDC_i_1/O, cell divider_origin_inst/divider_origin_16bitreg_inst/sr16b_reg[7]_LDC_i_1. This is not good design practice and will likely impact performance. For SLICE registers, for example, use the CE pin to control the loading of data.
WARNING: [DRC PDRC-153] Gated clock check: Net divider_origin_inst/divider_origin_16bitreg_inst/sr16b_reg[8]_LDC_i_1_n_0 is a gated clock net sourced by a combinational pin divider_origin_inst/divider_origin_16bitreg_inst/sr16b_reg[8]_LDC_i_1/O, cell divider_origin_inst/divider_origin_16bitreg_inst/sr16b_reg[8]_LDC_i_1. This is not good design practice and will likely impact performance. For SLICE registers, for example, use the CE pin to control the loading of data.
WARNING: [DRC PDRC-153] Gated clock check: Net divider_origin_inst/divider_origin_16bitreg_inst/sr16b_reg[9]_LDC_i_1_n_0 is a gated clock net sourced by a combinational pin divider_origin_inst/divider_origin_16bitreg_inst/sr16b_reg[9]_LDC_i_1/O, cell divider_origin_inst/divider_origin_16bitreg_inst/sr16b_reg[9]_LDC_i_1. This is not good design practice and will likely impact performance. For SLICE registers, for example, use the CE pin to control the loading of data.
WARNING: [DRC PDRC-153] Gated clock check: Net divider_origin_inst/divider_origin_ctrl_inst/E[0] is a gated clock net sourced by a combinational pin divider_origin_inst/divider_origin_ctrl_inst/sout_reg[8]_i_1/O, cell divider_origin_inst/divider_origin_ctrl_inst/sout_reg[8]_i_1. This is not good design practice and will likely impact performance. For SLICE registers, for example, use the CE pin to control the loading of data.
WARNING: [DRC PDRC-153] Gated clock check: Net divider_origin_inst/divider_origin_selector_inst/dout_reg[0]_LDC_i_1_n_0 is a gated clock net sourced by a combinational pin divider_origin_inst/divider_origin_selector_inst/dout_reg[0]_LDC_i_1/O, cell divider_origin_inst/divider_origin_selector_inst/dout_reg[0]_LDC_i_1. This is not good design practice and will likely impact performance. For SLICE registers, for example, use the CE pin to control the loading of data.
WARNING: [DRC PDRC-153] Gated clock check: Net divider_origin_inst/divider_origin_selector_inst/dout_reg[1]_LDC_i_1_n_0 is a gated clock net sourced by a combinational pin divider_origin_inst/divider_origin_selector_inst/dout_reg[1]_LDC_i_1/O, cell divider_origin_inst/divider_origin_selector_inst/dout_reg[1]_LDC_i_1. This is not good design practice and will likely impact performance. For SLICE registers, for example, use the CE pin to control the loading of data.
WARNING: [DRC PDRC-153] Gated clock check: Net divider_origin_inst/divider_origin_selector_inst/dout_reg[2]_LDC_i_1_n_0 is a gated clock net sourced by a combinational pin divider_origin_inst/divider_origin_selector_inst/dout_reg[2]_LDC_i_1/O, cell divider_origin_inst/divider_origin_selector_inst/dout_reg[2]_LDC_i_1. This is not good design practice and will likely impact performance. For SLICE registers, for example, use the CE pin to control the loading of data.
WARNING: [DRC PDRC-153] Gated clock check: Net divider_origin_inst/divider_origin_selector_inst/dout_reg[3]_LDC_i_1_n_0 is a gated clock net sourced by a combinational pin divider_origin_inst/divider_origin_selector_inst/dout_reg[3]_LDC_i_1/O, cell divider_origin_inst/divider_origin_selector_inst/dout_reg[3]_LDC_i_1. This is not good design practice and will likely impact performance. For SLICE registers, for example, use the CE pin to control the loading of data.
WARNING: [DRC PDRC-153] Gated clock check: Net divider_origin_inst/divider_origin_selector_inst/dout_reg[4]_LDC_i_1_n_0 is a gated clock net sourced by a combinational pin divider_origin_inst/divider_origin_selector_inst/dout_reg[4]_LDC_i_1/O, cell divider_origin_inst/divider_origin_selector_inst/dout_reg[4]_LDC_i_1. This is not good design practice and will likely impact performance. For SLICE registers, for example, use the CE pin to control the loading of data.
WARNING: [DRC PDRC-153] Gated clock check: Net divider_origin_inst/divider_origin_selector_inst/dout_reg[5]_LDC_i_1_n_0 is a gated clock net sourced by a combinational pin divider_origin_inst/divider_origin_selector_inst/dout_reg[5]_LDC_i_1/O, cell divider_origin_inst/divider_origin_selector_inst/dout_reg[5]_LDC_i_1. This is not good design practice and will likely impact performance. For SLICE registers, for example, use the CE pin to control the loading of data.
WARNING: [DRC PDRC-153] Gated clock check: Net divider_origin_inst/divider_origin_selector_inst/dout_reg[6]_LDC_i_1_n_0 is a gated clock net sourced by a combinational pin divider_origin_inst/divider_origin_selector_inst/dout_reg[6]_LDC_i_1/O, cell divider_origin_inst/divider_origin_selector_inst/dout_reg[6]_LDC_i_1. This is not good design practice and will likely impact performance. For SLICE registers, for example, use the CE pin to control the loading of data.
WARNING: [DRC PDRC-153] Gated clock check: Net divider_origin_inst/divider_origin_selector_inst/dout_reg[7]_LDC_i_1_n_0 is a gated clock net sourced by a combinational pin divider_origin_inst/divider_origin_selector_inst/dout_reg[7]_LDC_i_1/O, cell divider_origin_inst/divider_origin_selector_inst/dout_reg[7]_LDC_i_1. This is not good design practice and will likely impact performance. For SLICE registers, for example, use the CE pin to control the loading of data.
INFO: [Vivado 12-3199] DRC finished with 0 Errors, 26 Warnings
INFO: [Vivado 12-3200] Please refer to the DRC report (report_drc) for more information.
INFO: [Designutils 20-2272] Running write_bitstream with 2 threads.
Loading data files...
Loading site data...
Loading route data...
Processing options...
Creating bitmap...
Creating bitstream...
Writing bitstream ./divider_origin_test.bit...
INFO: [Vivado 12-1842] Bitgen Completed Successfully.
INFO: [Project 1-120] WebTalk data collection is mandatory when using a WebPACK part without a full Vivado license. To see the specific WebTalk data collected for your design, open the usage_statistics_webtalk.html or usage_statistics_webtalk.xml file in the implementation directory.
INFO: [Common 17-83] Releasing license: Implementation
85 Infos, 29 Warnings, 0 Critical Warnings and 0 Errors encountered.
write_bitstream completed successfully
write_bitstream: Time (s): cpu = 00:00:15 ; elapsed = 00:00:14 . Memory (MB): peak = 2130.496 ; gain = 449.664
INFO: [Common 17-206] Exiting Vivado at Wed Apr 24 08:53:03 2024...
