
*** Running vivado
    with args -log SP_test.vdi -applog -m64 -product Vivado -messageDb vivado.pb -mode batch -source SP_test.tcl -notrace


****** Vivado v2018.3 (64-bit)
  **** SW Build 2405991 on Thu Dec  6 23:38:27 MST 2018
  **** IP Build 2404404 on Fri Dec  7 01:43:56 MST 2018
    ** Copyright 1986-2018 Xilinx, Inc. All Rights Reserved.

source SP_test.tcl -notrace
Command: link_design -top SP_test -part xc7k160tfbg676-2
Design is defaulting to srcset: sources_1
Design is defaulting to constrset: constrs_1
INFO: [Netlist 29-17] Analyzing 14 Unisim elements for replacement
INFO: [Netlist 29-28] Unisim Transformation completed in 0 CPU seconds
INFO: [Project 1-479] Netlist was created with Vivado 2018.3
INFO: [Device 21-403] Loading part xc7k160tfbg676-2
INFO: [Project 1-570] Preparing netlist for logic optimization
Parsing XDC File [D:/soc/EXPERIMENT/SP/SP.srcs/constrs_1/new/pin.xdc]
Finished Parsing XDC File [D:/soc/EXPERIMENT/SP/SP.srcs/constrs_1/new/pin.xdc]
INFO: [Opt 31-138] Pushed 0 inverter(s) to 0 load pin(s).
Netlist sorting complete. Time (s): cpu = 00:00:00 ; elapsed = 00:00:00 . Memory (MB): peak = 665.055 ; gain = 0.000
INFO: [Project 1-111] Unisim Transformation Summary:
No Unisim elements were transformed.

7 Infos, 0 Warnings, 0 Critical Warnings and 0 Errors encountered.
link_design completed successfully
link_design: Time (s): cpu = 00:00:06 ; elapsed = 00:00:06 . Memory (MB): peak = 669.031 ; gain = 344.066
Command: opt_design
Attempting to get a license for feature 'Implementation' and/or device 'xc7k160t'
INFO: [Common 17-349] Got license for feature 'Implementation' and/or device 'xc7k160t'
Running DRC as a precondition to command opt_design

Starting DRC Task
INFO: [DRC 23-27] Running DRC with 2 threads
WARNING: [DRC RPBF-3] IO port buffering is incomplete: Device port DATA_BUS[0] expects both input and output buffering but the buffers are incomplete.
WARNING: [DRC RPBF-3] IO port buffering is incomplete: Device port DATA_BUS[1] expects both input and output buffering but the buffers are incomplete.
WARNING: [DRC RPBF-3] IO port buffering is incomplete: Device port DATA_BUS[2] expects both input and output buffering but the buffers are incomplete.
WARNING: [DRC RPBF-3] IO port buffering is incomplete: Device port DATA_BUS[3] expects both input and output buffering but the buffers are incomplete.
WARNING: [DRC RPBF-3] IO port buffering is incomplete: Device port DATA_BUS[4] expects both input and output buffering but the buffers are incomplete.
WARNING: [DRC RPBF-3] IO port buffering is incomplete: Device port DATA_BUS[5] expects both input and output buffering but the buffers are incomplete.
WARNING: [DRC RPBF-3] IO port buffering is incomplete: Device port DATA_BUS[6] expects both input and output buffering but the buffers are incomplete.
INFO: [Project 1-461] DRC finished with 0 Errors, 7 Warnings
INFO: [Project 1-462] Please refer to the DRC report (report_drc) for more information.

Time (s): cpu = 00:00:01 ; elapsed = 00:00:00.469 . Memory (MB): peak = 679.805 ; gain = 10.773

Starting Cache Timing Information Task
INFO: [Timing 38-35] Done setting XDC timing constraints.
Ending Cache Timing Information Task | Checksum: f62452ce

Time (s): cpu = 00:00:06 ; elapsed = 00:00:06 . Memory (MB): peak = 1250.883 ; gain = 571.078

Starting Logic Optimization Task

Phase 1 Retarget
INFO: [Opt 31-138] Pushed 0 inverter(s) to 0 load pin(s).
INFO: [Opt 31-49] Retargeted 0 cell(s).
Phase 1 Retarget | Checksum: f62452ce

Time (s): cpu = 00:00:00 ; elapsed = 00:00:00.009 . Memory (MB): peak = 1345.410 ; gain = 0.000
INFO: [Opt 31-389] Phase Retarget created 0 cells and removed 0 cells

Phase 2 Constant propagation
INFO: [Opt 31-138] Pushed 0 inverter(s) to 0 load pin(s).
Phase 2 Constant propagation | Checksum: f62452ce

Time (s): cpu = 00:00:00 ; elapsed = 00:00:00.011 . Memory (MB): peak = 1345.410 ; gain = 0.000
INFO: [Opt 31-389] Phase Constant propagation created 0 cells and removed 0 cells

Phase 3 Sweep
Phase 3 Sweep | Checksum: e8c54a87

Time (s): cpu = 00:00:00 ; elapsed = 00:00:00.016 . Memory (MB): peak = 1345.410 ; gain = 0.000
INFO: [Opt 31-389] Phase Sweep created 6 cells and removed 0 cells

Phase 4 BUFG optimization
Phase 4 BUFG optimization | Checksum: e8c54a87

Time (s): cpu = 00:00:00 ; elapsed = 00:00:00.019 . Memory (MB): peak = 1345.410 ; gain = 0.000
INFO: [Opt 31-662] Phase BUFG optimization created 0 cells of which 0 are BUFGs and removed 0 cells.

Phase 5 Shift Register Optimization
Phase 5 Shift Register Optimization | Checksum: 16bd6a56b

Time (s): cpu = 00:00:00 ; elapsed = 00:00:00.047 . Memory (MB): peak = 1345.410 ; gain = 0.000
INFO: [Opt 31-389] Phase Shift Register Optimization created 0 cells and removed 0 cells

Phase 6 Post Processing Netlist
Phase 6 Post Processing Netlist | Checksum: 16bd6a56b

Time (s): cpu = 00:00:00 ; elapsed = 00:00:00.049 . Memory (MB): peak = 1345.410 ; gain = 0.000
INFO: [Opt 31-389] Phase Post Processing Netlist created 0 cells and removed 0 cells
Opt_design Change Summary
=========================


-------------------------------------------------------------------------------------------------------------------------
|  Phase                        |  #Cells created  |  #Cells Removed  |  #Constrained objects preventing optimizations  |
-------------------------------------------------------------------------------------------------------------------------
|  Retarget                     |               0  |               0  |                                              0  |
|  Constant propagation         |               0  |               0  |                                              0  |
|  Sweep                        |               6  |               0  |                                              0  |
|  BUFG optimization            |               0  |               0  |                                              0  |
|  Shift Register Optimization  |               0  |               0  |                                              0  |
|  Post Processing Netlist      |               0  |               0  |                                              0  |
-------------------------------------------------------------------------------------------------------------------------



Starting Connectivity Check Task

Time (s): cpu = 00:00:00 ; elapsed = 00:00:00 . Memory (MB): peak = 1345.410 ; gain = 0.000
Ending Logic Optimization Task | Checksum: 16bd6a56b

Time (s): cpu = 00:00:00 ; elapsed = 00:00:00.052 . Memory (MB): peak = 1345.410 ; gain = 0.000

Starting Power Optimization Task
INFO: [Pwropt 34-132] Skipping clock gating for clocks with a period < 2.00 ns.
Ending Power Optimization Task | Checksum: 16bd6a56b

Time (s): cpu = 00:00:00 ; elapsed = 00:00:00.005 . Memory (MB): peak = 1345.410 ; gain = 0.000

Starting Final Cleanup Task
Ending Final Cleanup Task | Checksum: 16bd6a56b

Time (s): cpu = 00:00:00 ; elapsed = 00:00:00 . Memory (MB): peak = 1345.410 ; gain = 0.000

Starting Netlist Obfuscation Task
Netlist sorting complete. Time (s): cpu = 00:00:00 ; elapsed = 00:00:00 . Memory (MB): peak = 1345.410 ; gain = 0.000
Ending Netlist Obfuscation Task | Checksum: 16bd6a56b

Time (s): cpu = 00:00:00 ; elapsed = 00:00:00 . Memory (MB): peak = 1345.410 ; gain = 0.000
INFO: [Common 17-83] Releasing license: Implementation
23 Infos, 7 Warnings, 0 Critical Warnings and 0 Errors encountered.
opt_design completed successfully
opt_design: Time (s): cpu = 00:00:07 ; elapsed = 00:00:08 . Memory (MB): peak = 1345.410 ; gain = 676.379
Netlist sorting complete. Time (s): cpu = 00:00:00 ; elapsed = 00:00:00 . Memory (MB): peak = 1345.410 ; gain = 0.000
INFO: [Timing 38-480] Writing timing data to binary archive.
Writing placer database...
Writing XDEF routing.
Writing XDEF routing logical nets.
Writing XDEF routing special nets.
Write XDEF Complete: Time (s): cpu = 00:00:01 ; elapsed = 00:00:00.018 . Memory (MB): peak = 1345.410 ; gain = 0.000
Netlist sorting complete. Time (s): cpu = 00:00:00 ; elapsed = 00:00:00 . Memory (MB): peak = 1345.410 ; gain = 0.000
INFO: [Common 17-1381] The checkpoint 'D:/soc/EXPERIMENT/SP/SP.runs/impl_1/SP_test_opt.dcp' has been generated.
INFO: [runtcl-4] Executing : report_drc -file SP_test_drc_opted.rpt -pb SP_test_drc_opted.pb -rpx SP_test_drc_opted.rpx
Command: report_drc -file SP_test_drc_opted.rpt -pb SP_test_drc_opted.pb -rpx SP_test_drc_opted.rpx
INFO: [IP_Flow 19-234] Refreshing IP repositories
INFO: [IP_Flow 19-1704] No user IP repositories specified
INFO: [IP_Flow 19-2313] Loaded Vivado IP repository 'E:/software/work/xilinx/Vivado/2018.3/data/ip'.
INFO: [DRC 23-27] Running DRC with 2 threads
INFO: [Coretcl 2-168] The results of DRC are in file D:/soc/EXPERIMENT/SP/SP.runs/impl_1/SP_test_drc_opted.rpt.
report_drc completed successfully
Command: place_design
Attempting to get a license for feature 'Implementation' and/or device 'xc7k160t'
INFO: [Common 17-349] Got license for feature 'Implementation' and/or device 'xc7k160t'
INFO: [DRC 23-27] Running DRC with 2 threads
INFO: [Vivado_Tcl 4-198] DRC finished with 0 Errors
INFO: [Vivado_Tcl 4-199] Please refer to the DRC report (report_drc) for more information.
Running DRC as a precondition to command place_design
INFO: [DRC 23-27] Running DRC with 2 threads
WARNING: [DRC RPBF-3] IO port buffering is incomplete: Device port DATA_BUS[0] expects both input and output buffering but the buffers are incomplete.
WARNING: [DRC RPBF-3] IO port buffering is incomplete: Device port DATA_BUS[1] expects both input and output buffering but the buffers are incomplete.
WARNING: [DRC RPBF-3] IO port buffering is incomplete: Device port DATA_BUS[2] expects both input and output buffering but the buffers are incomplete.
WARNING: [DRC RPBF-3] IO port buffering is incomplete: Device port DATA_BUS[3] expects both input and output buffering but the buffers are incomplete.
WARNING: [DRC RPBF-3] IO port buffering is incomplete: Device port DATA_BUS[4] expects both input and output buffering but the buffers are incomplete.
WARNING: [DRC RPBF-3] IO port buffering is incomplete: Device port DATA_BUS[5] expects both input and output buffering but the buffers are incomplete.
WARNING: [DRC RPBF-3] IO port buffering is incomplete: Device port DATA_BUS[6] expects both input and output buffering but the buffers are incomplete.
INFO: [Vivado_Tcl 4-198] DRC finished with 0 Errors, 7 Warnings
INFO: [Vivado_Tcl 4-199] Please refer to the DRC report (report_drc) for more information.

Starting Placer Task
INFO: [Place 30-611] Multithreading enabled for place_design using a maximum of 2 CPUs

Phase 1 Placer Initialization

Phase 1.1 Placer Initialization Netlist Sorting
Netlist sorting complete. Time (s): cpu = 00:00:00 ; elapsed = 00:00:00 . Memory (MB): peak = 1345.410 ; gain = 0.000
Phase 1.1 Placer Initialization Netlist Sorting | Checksum: 149466d50

Time (s): cpu = 00:00:00 ; elapsed = 00:00:00.003 . Memory (MB): peak = 1345.410 ; gain = 0.000
Netlist sorting complete. Time (s): cpu = 00:00:00 ; elapsed = 00:00:00.001 . Memory (MB): peak = 1345.410 ; gain = 0.000

Phase 1.2 IO Placement/ Clock Placement/ Build Placer Device
INFO: [Timing 38-35] Done setting XDC timing constraints.
Phase 1.2 IO Placement/ Clock Placement/ Build Placer Device | Checksum: eb18680a

Time (s): cpu = 00:00:01 ; elapsed = 00:00:00.709 . Memory (MB): peak = 1360.410 ; gain = 15.000

Phase 1.3 Build Placer Netlist Model
Phase 1.3 Build Placer Netlist Model | Checksum: 158cd6dd4

Time (s): cpu = 00:00:01 ; elapsed = 00:00:00.724 . Memory (MB): peak = 1360.410 ; gain = 15.000

Phase 1.4 Constrain Clocks/Macros
Phase 1.4 Constrain Clocks/Macros | Checksum: 158cd6dd4

Time (s): cpu = 00:00:01 ; elapsed = 00:00:00.726 . Memory (MB): peak = 1360.410 ; gain = 15.000
Phase 1 Placer Initialization | Checksum: 158cd6dd4

Time (s): cpu = 00:00:01 ; elapsed = 00:00:00.727 . Memory (MB): peak = 1360.410 ; gain = 15.000

Phase 2 Global Placement

Phase 2.1 Floorplanning
Phase 2.1 Floorplanning | Checksum: 158cd6dd4

Time (s): cpu = 00:00:01 ; elapsed = 00:00:00.730 . Memory (MB): peak = 1361.562 ; gain = 16.152
WARNING: [Place 46-29] place_design is not in timing mode. Skip physical synthesis in placer
Phase 2 Global Placement | Checksum: 137ebbab2

Time (s): cpu = 00:00:02 ; elapsed = 00:00:00.962 . Memory (MB): peak = 1370.879 ; gain = 25.469

Phase 3 Detail Placement

Phase 3.1 Commit Multi Column Macros
Phase 3.1 Commit Multi Column Macros | Checksum: 137ebbab2

Time (s): cpu = 00:00:02 ; elapsed = 00:00:00.964 . Memory (MB): peak = 1370.879 ; gain = 25.469

Phase 3.2 Commit Most Macros & LUTRAMs
Phase 3.2 Commit Most Macros & LUTRAMs | Checksum: 1d48903b2

Time (s): cpu = 00:00:02 ; elapsed = 00:00:00.975 . Memory (MB): peak = 1370.879 ; gain = 25.469

Phase 3.3 Area Swap Optimization
Phase 3.3 Area Swap Optimization | Checksum: 1f42d4d44

Time (s): cpu = 00:00:02 ; elapsed = 00:00:00.985 . Memory (MB): peak = 1370.879 ; gain = 25.469

Phase 3.4 Pipeline Register Optimization
Phase 3.4 Pipeline Register Optimization | Checksum: 1f42d4d44

Time (s): cpu = 00:00:02 ; elapsed = 00:00:00.985 . Memory (MB): peak = 1370.879 ; gain = 25.469

Phase 3.5 Small Shape Detail Placement
Phase 3.5 Small Shape Detail Placement | Checksum: 1e98b758e

Time (s): cpu = 00:00:02 ; elapsed = 00:00:01 . Memory (MB): peak = 1381.051 ; gain = 35.641

Phase 3.6 Re-assign LUT pins
Phase 3.6 Re-assign LUT pins | Checksum: 1e98b758e

Time (s): cpu = 00:00:02 ; elapsed = 00:00:01 . Memory (MB): peak = 1381.051 ; gain = 35.641

Phase 3.7 Pipeline Register Optimization
Phase 3.7 Pipeline Register Optimization | Checksum: 1e98b758e

Time (s): cpu = 00:00:02 ; elapsed = 00:00:01 . Memory (MB): peak = 1381.051 ; gain = 35.641
Phase 3 Detail Placement | Checksum: 1e98b758e

Time (s): cpu = 00:00:02 ; elapsed = 00:00:01 . Memory (MB): peak = 1381.051 ; gain = 35.641

Phase 4 Post Placement Optimization and Clean-Up

Phase 4.1 Post Commit Optimization
Phase 4.1 Post Commit Optimization | Checksum: 1e98b758e

Time (s): cpu = 00:00:02 ; elapsed = 00:00:01 . Memory (MB): peak = 1381.051 ; gain = 35.641

Phase 4.2 Post Placement Cleanup
Phase 4.2 Post Placement Cleanup | Checksum: 1e98b758e

Time (s): cpu = 00:00:02 ; elapsed = 00:00:01 . Memory (MB): peak = 1381.051 ; gain = 35.641

Phase 4.3 Placer Reporting
Phase 4.3 Placer Reporting | Checksum: 1e98b758e

Time (s): cpu = 00:00:02 ; elapsed = 00:00:01 . Memory (MB): peak = 1381.051 ; gain = 35.641

Phase 4.4 Final Placement Cleanup
Netlist sorting complete. Time (s): cpu = 00:00:00 ; elapsed = 00:00:00 . Memory (MB): peak = 1381.051 ; gain = 0.000
Phase 4.4 Final Placement Cleanup | Checksum: 17f5c6663

Time (s): cpu = 00:00:02 ; elapsed = 00:00:01 . Memory (MB): peak = 1381.051 ; gain = 35.641
Phase 4 Post Placement Optimization and Clean-Up | Checksum: 17f5c6663

Time (s): cpu = 00:00:02 ; elapsed = 00:00:01 . Memory (MB): peak = 1381.051 ; gain = 35.641
Ending Placer Task | Checksum: 8f00b22b

Time (s): cpu = 00:00:02 ; elapsed = 00:00:01 . Memory (MB): peak = 1381.051 ; gain = 35.641
INFO: [Common 17-83] Releasing license: Implementation
41 Infos, 15 Warnings, 0 Critical Warnings and 0 Errors encountered.
place_design completed successfully
Netlist sorting complete. Time (s): cpu = 00:00:00 ; elapsed = 00:00:00 . Memory (MB): peak = 1381.051 ; gain = 0.000
INFO: [Timing 38-480] Writing timing data to binary archive.
Writing placer database...
Writing XDEF routing.
Writing XDEF routing logical nets.
Writing XDEF routing special nets.
Write XDEF Complete: Time (s): cpu = 00:00:00 ; elapsed = 00:00:00.027 . Memory (MB): peak = 1381.051 ; gain = 0.000
Netlist sorting complete. Time (s): cpu = 00:00:00 ; elapsed = 00:00:00 . Memory (MB): peak = 1383.715 ; gain = 0.000
INFO: [Common 17-1381] The checkpoint 'D:/soc/EXPERIMENT/SP/SP.runs/impl_1/SP_test_placed.dcp' has been generated.
INFO: [runtcl-4] Executing : report_io -file SP_test_io_placed.rpt
report_io: Time (s): cpu = 00:00:00 ; elapsed = 00:00:00.060 . Memory (MB): peak = 1383.715 ; gain = 0.000
INFO: [runtcl-4] Executing : report_utilization -file SP_test_utilization_placed.rpt -pb SP_test_utilization_placed.pb
INFO: [runtcl-4] Executing : report_control_sets -verbose -file SP_test_control_sets_placed.rpt
report_control_sets: Time (s): cpu = 00:00:00 ; elapsed = 00:00:00.001 . Memory (MB): peak = 1383.715 ; gain = 0.000
Command: route_design
Attempting to get a license for feature 'Implementation' and/or device 'xc7k160t'
INFO: [Common 17-349] Got license for feature 'Implementation' and/or device 'xc7k160t'
Running DRC as a precondition to command route_design
INFO: [DRC 23-27] Running DRC with 2 threads
INFO: [Vivado_Tcl 4-198] DRC finished with 0 Errors
INFO: [Vivado_Tcl 4-199] Please refer to the DRC report (report_drc) for more information.


Starting Routing Task
INFO: [Route 35-254] Multithreading enabled for route_design using a maximum of 2 CPUs
Checksum: PlaceDB: 25e6e9c9 ConstDB: 0 ShapeSum: 6919c862 RouteDB: 0

Phase 1 Build RT Design
Phase 1 Build RT Design | Checksum: 19496c7f5

Time (s): cpu = 00:00:21 ; elapsed = 00:00:15 . Memory (MB): peak = 1593.562 ; gain = 208.414
Post Restoration Checksum: NetGraph: c528482c NumContArr: cf6e7fc9 Constraints: 0 Timing: 0

Phase 2 Router Initialization
INFO: [Route 35-64] No timing constraints were detected. The router will operate in resource-optimization mode.

Phase 2.1 Fix Topology Constraints
Phase 2.1 Fix Topology Constraints | Checksum: 19496c7f5

Time (s): cpu = 00:00:21 ; elapsed = 00:00:15 . Memory (MB): peak = 1598.227 ; gain = 213.078

Phase 2.2 Pre Route Cleanup
Phase 2.2 Pre Route Cleanup | Checksum: 19496c7f5

Time (s): cpu = 00:00:21 ; elapsed = 00:00:15 . Memory (MB): peak = 1598.227 ; gain = 213.078
 Number of Nodes with overlaps = 0
Phase 2 Router Initialization | Checksum: a0a6e3d8

Time (s): cpu = 00:00:21 ; elapsed = 00:00:15 . Memory (MB): peak = 1625.988 ; gain = 240.840

Phase 3 Initial Routing
Phase 3 Initial Routing | Checksum: 12eb52f14

Time (s): cpu = 00:00:22 ; elapsed = 00:00:15 . Memory (MB): peak = 1625.988 ; gain = 240.840

Phase 4 Rip-up And Reroute

Phase 4.1 Global Iteration 0
 Number of Nodes with overlaps = 1
 Number of Nodes with overlaps = 0
Phase 4.1 Global Iteration 0 | Checksum: 158fbaad8

Time (s): cpu = 00:00:22 ; elapsed = 00:00:15 . Memory (MB): peak = 1625.988 ; gain = 240.840
Phase 4 Rip-up And Reroute | Checksum: 158fbaad8

Time (s): cpu = 00:00:22 ; elapsed = 00:00:15 . Memory (MB): peak = 1625.988 ; gain = 240.840

Phase 5 Delay and Skew Optimization
Phase 5 Delay and Skew Optimization | Checksum: 158fbaad8

Time (s): cpu = 00:00:22 ; elapsed = 00:00:15 . Memory (MB): peak = 1625.988 ; gain = 240.840

Phase 6 Post Hold Fix

Phase 6.1 Hold Fix Iter
Phase 6.1 Hold Fix Iter | Checksum: 158fbaad8

Time (s): cpu = 00:00:22 ; elapsed = 00:00:15 . Memory (MB): peak = 1625.988 ; gain = 240.840
Phase 6 Post Hold Fix | Checksum: 158fbaad8

Time (s): cpu = 00:00:22 ; elapsed = 00:00:15 . Memory (MB): peak = 1625.988 ; gain = 240.840

Phase 7 Route finalize

Router Utilization Summary
  Global Vertical Routing Utilization    = 0.0177047 %
  Global Horizontal Routing Utilization  = 0.00677749 %
  Routable Net Status*
  *Does not include unroutable nets such as driverless and loadless.
  Run report_route_status for detailed report.
  Number of Failed Nets               = 0
  Number of Unrouted Nets             = 0
  Number of Partially Routed Nets     = 0
  Number of Node Overlaps             = 0

Congestion Report
North Dir 1x1 Area, Max Cong = 29.7297%, No Congested Regions.
South Dir 1x1 Area, Max Cong = 8.10811%, No Congested Regions.
East Dir 1x1 Area, Max Cong = 11.7647%, No Congested Regions.
West Dir 1x1 Area, Max Cong = 10.2941%, No Congested Regions.

------------------------------
Reporting congestion hotspots
------------------------------
Direction: North
----------------
Congested clusters found at Level 0
Effective congestion level: 0 Aspect Ratio: 1 Sparse Ratio: 0
Direction: South
----------------
Congested clusters found at Level 0
Effective congestion level: 0 Aspect Ratio: 1 Sparse Ratio: 0
Direction: East
----------------
Congested clusters found at Level 0
Effective congestion level: 0 Aspect Ratio: 1 Sparse Ratio: 0
Direction: West
----------------
Congested clusters found at Level 0
Effective congestion level: 0 Aspect Ratio: 1 Sparse Ratio: 0

Phase 7 Route finalize | Checksum: 158fbaad8

Time (s): cpu = 00:00:22 ; elapsed = 00:00:15 . Memory (MB): peak = 1625.988 ; gain = 240.840

Phase 8 Verifying routed nets

 Verification completed successfully
Phase 8 Verifying routed nets | Checksum: 158fbaad8

Time (s): cpu = 00:00:22 ; elapsed = 00:00:15 . Memory (MB): peak = 1625.988 ; gain = 240.840

Phase 9 Depositing Routes
Phase 9 Depositing Routes | Checksum: 14cd09af0

Time (s): cpu = 00:00:22 ; elapsed = 00:00:15 . Memory (MB): peak = 1625.988 ; gain = 240.840
INFO: [Route 35-16] Router Completed Successfully

Time (s): cpu = 00:00:22 ; elapsed = 00:00:15 . Memory (MB): peak = 1625.988 ; gain = 240.840

Routing Is Done.
INFO: [Common 17-83] Releasing license: Implementation
54 Infos, 15 Warnings, 0 Critical Warnings and 0 Errors encountered.
route_design completed successfully
route_design: Time (s): cpu = 00:00:23 ; elapsed = 00:00:16 . Memory (MB): peak = 1625.988 ; gain = 242.273
Netlist sorting complete. Time (s): cpu = 00:00:00 ; elapsed = 00:00:00.001 . Memory (MB): peak = 1625.988 ; gain = 0.000
INFO: [Timing 38-480] Writing timing data to binary archive.
Writing placer database...
Writing XDEF routing.
Writing XDEF routing logical nets.
Writing XDEF routing special nets.
Write XDEF Complete: Time (s): cpu = 00:00:00 ; elapsed = 00:00:00.027 . Memory (MB): peak = 1625.988 ; gain = 0.000
Netlist sorting complete. Time (s): cpu = 00:00:00 ; elapsed = 00:00:00 . Memory (MB): peak = 1625.988 ; gain = 0.000
INFO: [Common 17-1381] The checkpoint 'D:/soc/EXPERIMENT/SP/SP.runs/impl_1/SP_test_routed.dcp' has been generated.
INFO: [runtcl-4] Executing : report_drc -file SP_test_drc_routed.rpt -pb SP_test_drc_routed.pb -rpx SP_test_drc_routed.rpx
Command: report_drc -file SP_test_drc_routed.rpt -pb SP_test_drc_routed.pb -rpx SP_test_drc_routed.rpx
INFO: [IP_Flow 19-1839] IP Catalog is up to date.
INFO: [DRC 23-27] Running DRC with 2 threads
INFO: [Coretcl 2-168] The results of DRC are in file D:/soc/EXPERIMENT/SP/SP.runs/impl_1/SP_test_drc_routed.rpt.
report_drc completed successfully
INFO: [runtcl-4] Executing : report_methodology -file SP_test_methodology_drc_routed.rpt -pb SP_test_methodology_drc_routed.pb -rpx SP_test_methodology_drc_routed.rpx
Command: report_methodology -file SP_test_methodology_drc_routed.rpt -pb SP_test_methodology_drc_routed.pb -rpx SP_test_methodology_drc_routed.rpx
INFO: [Timing 38-35] Done setting XDC timing constraints.
INFO: [DRC 23-133] Running Methodology with 2 threads
INFO: [Coretcl 2-1520] The results of Report Methodology are in file D:/soc/EXPERIMENT/SP/SP.runs/impl_1/SP_test_methodology_drc_routed.rpt.
report_methodology completed successfully
INFO: [runtcl-4] Executing : report_power -file SP_test_power_routed.rpt -pb SP_test_power_summary_routed.pb -rpx SP_test_power_routed.rpx
Command: report_power -file SP_test_power_routed.rpt -pb SP_test_power_summary_routed.pb -rpx SP_test_power_routed.rpx
WARNING: [Power 33-232] No user defined clocks were found in the design!
Resolution: Please specify clocks using create_clock/create_generated_clock for sequential elements. For pure combinatorial circuits, please specify a virtual clock, otherwise the vectorless estimation might be inaccurate
INFO: [Timing 38-35] Done setting XDC timing constraints.
Running Vector-less Activity Propagation...

Finished Running Vector-less Activity Propagation
66 Infos, 16 Warnings, 0 Critical Warnings and 0 Errors encountered.
report_power completed successfully
INFO: [runtcl-4] Executing : report_route_status -file SP_test_route_status.rpt -pb SP_test_route_status.pb
INFO: [runtcl-4] Executing : report_timing_summary -max_paths 10 -file SP_test_timing_summary_routed.rpt -pb SP_test_timing_summary_routed.pb -rpx SP_test_timing_summary_routed.rpx -warn_on_violation 
INFO: [Timing 38-91] UpdateTimingParams: Speed grade: -2, Delay Type: min_max.
INFO: [Timing 38-191] Multithreading enabled for timing update using a maximum of 2 CPUs
WARNING: [Timing 38-313] There are no user specified timing constraints. Timing constraints are needed for proper timing analysis.
INFO: [runtcl-4] Executing : report_incremental_reuse -file SP_test_incremental_reuse_routed.rpt
INFO: [Vivado_Tcl 4-1062] Incremental flow is disabled. No incremental reuse Info to report.
INFO: [runtcl-4] Executing : report_clock_utilization -file SP_test_clock_utilization_routed.rpt
INFO: [runtcl-4] Executing : report_bus_skew -warn_on_violation -file SP_test_bus_skew_routed.rpt -pb SP_test_bus_skew_routed.pb -rpx SP_test_bus_skew_routed.rpx
INFO: [Timing 38-91] UpdateTimingParams: Speed grade: -2, Delay Type: min_max.
INFO: [Timing 38-191] Multithreading enabled for timing update using a maximum of 2 CPUs
Command: write_bitstream -force SP_test.bit
Attempting to get a license for feature 'Implementation' and/or device 'xc7k160t'
INFO: [Common 17-349] Got license for feature 'Implementation' and/or device 'xc7k160t'
Running DRC as a precondition to command write_bitstream
INFO: [IP_Flow 19-1839] IP Catalog is up to date.
INFO: [DRC 23-27] Running DRC with 2 threads
WARNING: [DRC CFGBVS-1] Missing CFGBVS and CONFIG_VOLTAGE Design Properties: Neither the CFGBVS nor CONFIG_VOLTAGE voltage property is set in the current_design.  Configuration bank voltage select (CFGBVS) must be set to VCCO or GND, and CONFIG_VOLTAGE must be set to the correct configuration voltage, in order to determine the I/O voltage support for the pins in bank 0.  It is suggested to specify these either using the 'Edit Device Properties' function in the GUI or directly in the XDC file using the following syntax:

 set_property CFGBVS value1 [current_design]
 #where value1 is either VCCO or GND

 set_property CONFIG_VOLTAGE value2 [current_design]
 #where value2 is the voltage provided to configuration bank 0

Refer to the device configuration user guide for more information.
INFO: [Vivado 12-3199] DRC finished with 0 Errors, 1 Warnings
INFO: [Vivado 12-3200] Please refer to the DRC report (report_drc) for more information.
INFO: [Designutils 20-2272] Running write_bitstream with 2 threads.
Loading data files...
Loading site data...
Loading route data...
Processing options...
Creating bitmap...
Creating bitstream...
Writing bitstream ./SP_test.bit...
INFO: [Vivado 12-1842] Bitgen Completed Successfully.
INFO: [Project 1-120] WebTalk data collection is mandatory when using a WebPACK part without a full Vivado license. To see the specific WebTalk data collected for your design, open the usage_statistics_webtalk.html or usage_statistics_webtalk.xml file in the implementation directory.
INFO: [Common 17-83] Releasing license: Implementation
85 Infos, 18 Warnings, 0 Critical Warnings and 0 Errors encountered.
write_bitstream completed successfully
write_bitstream: Time (s): cpu = 00:00:13 ; elapsed = 00:00:13 . Memory (MB): peak = 2122.637 ; gain = 454.027
INFO: [Common 17-206] Exiting Vivado at Thu Apr 25 15:32:42 2024...
