
*** Running vivado
    with args -log ROM.vds -m64 -product Vivado -mode batch -messageDb vivado.pb -notrace -source ROM.tcl


****** Vivado v2018.3 (64-bit)
  **** SW Build 2405991 on Thu Dec  6 23:38:27 MST 2018
  **** IP Build 2404404 on Fri Dec  7 01:43:56 MST 2018
    ** Copyright 1986-2018 Xilinx, Inc. All Rights Reserved.

source ROM.tcl -notrace
Command: synth_design -top ROM -part xc7k160tfbg676-2
Starting synth_design
Attempting to get a license for feature 'Synthesis' and/or device 'xc7k160t'
INFO: [Common 17-349] Got license for feature 'Synthesis' and/or device 'xc7k160t'
INFO: Launching helper process for spawning children vivado processes
INFO: Helper process launched with PID 6152 
---------------------------------------------------------------------------------
Starting RTL Elaboration : Time (s): cpu = 00:00:02 ; elapsed = 00:00:01 . Memory (MB): peak = 430.430 ; gain = 97.656
---------------------------------------------------------------------------------
INFO: [Synth 8-638] synthesizing module 'ROM' [D:/soc/EXPERIMENT/ROM/ROM.srcs/sources_1/new/ROM.vhd:23]
	Parameter depth bound to: 12 - type: integer 
	Parameter width bound to: 8 - type: integer 
WARNING: [Synth 8-3848] Net rom[75] in module/entity ROM does not have driver. [D:/soc/EXPERIMENT/ROM/ROM.srcs/sources_1/new/ROM.vhd:25]
WARNING: [Synth 8-3848] Net rom[76] in module/entity ROM does not have driver. [D:/soc/EXPERIMENT/ROM/ROM.srcs/sources_1/new/ROM.vhd:25]
WARNING: [Synth 8-3848] Net rom[77] in module/entity ROM does not have driver. [D:/soc/EXPERIMENT/ROM/ROM.srcs/sources_1/new/ROM.vhd:25]
WARNING: [Synth 8-3848] Net rom[78] in module/entity ROM does not have driver. [D:/soc/EXPERIMENT/ROM/ROM.srcs/sources_1/new/ROM.vhd:25]
WARNING: [Synth 8-3848] Net rom[79] in module/entity ROM does not have driver. [D:/soc/EXPERIMENT/ROM/ROM.srcs/sources_1/new/ROM.vhd:25]
WARNING: [Synth 8-3848] Net rom[80] in module/entity ROM does not have driver. [D:/soc/EXPERIMENT/ROM/ROM.srcs/sources_1/new/ROM.vhd:25]
WARNING: [Synth 8-3848] Net rom[81] in module/entity ROM does not have driver. [D:/soc/EXPERIMENT/ROM/ROM.srcs/sources_1/new/ROM.vhd:25]
WARNING: [Synth 8-3848] Net rom[82] in module/entity ROM does not have driver. [D:/soc/EXPERIMENT/ROM/ROM.srcs/sources_1/new/ROM.vhd:25]
WARNING: [Synth 8-3848] Net rom[83] in module/entity ROM does not have driver. [D:/soc/EXPERIMENT/ROM/ROM.srcs/sources_1/new/ROM.vhd:25]
WARNING: [Synth 8-3848] Net rom[84] in module/entity ROM does not have driver. [D:/soc/EXPERIMENT/ROM/ROM.srcs/sources_1/new/ROM.vhd:25]
WARNING: [Synth 8-3848] Net rom[85] in module/entity ROM does not have driver. [D:/soc/EXPERIMENT/ROM/ROM.srcs/sources_1/new/ROM.vhd:25]
WARNING: [Synth 8-3848] Net rom[86] in module/entity ROM does not have driver. [D:/soc/EXPERIMENT/ROM/ROM.srcs/sources_1/new/ROM.vhd:25]
WARNING: [Synth 8-3848] Net rom[87] in module/entity ROM does not have driver. [D:/soc/EXPERIMENT/ROM/ROM.srcs/sources_1/new/ROM.vhd:25]
WARNING: [Synth 8-3848] Net rom[88] in module/entity ROM does not have driver. [D:/soc/EXPERIMENT/ROM/ROM.srcs/sources_1/new/ROM.vhd:25]
WARNING: [Synth 8-3848] Net rom[89] in module/entity ROM does not have driver. [D:/soc/EXPERIMENT/ROM/ROM.srcs/sources_1/new/ROM.vhd:25]
WARNING: [Synth 8-3848] Net rom[90] in module/entity ROM does not have driver. [D:/soc/EXPERIMENT/ROM/ROM.srcs/sources_1/new/ROM.vhd:25]
WARNING: [Synth 8-3848] Net rom[91] in module/entity ROM does not have driver. [D:/soc/EXPERIMENT/ROM/ROM.srcs/sources_1/new/ROM.vhd:25]
WARNING: [Synth 8-3848] Net rom[92] in module/entity ROM does not have driver. [D:/soc/EXPERIMENT/ROM/ROM.srcs/sources_1/new/ROM.vhd:25]
WARNING: [Synth 8-3848] Net rom[93] in module/entity ROM does not have driver. [D:/soc/EXPERIMENT/ROM/ROM.srcs/sources_1/new/ROM.vhd:25]
WARNING: [Synth 8-3848] Net rom[94] in module/entity ROM does not have driver. [D:/soc/EXPERIMENT/ROM/ROM.srcs/sources_1/new/ROM.vhd:25]
WARNING: [Synth 8-3848] Net rom[95] in module/entity ROM does not have driver. [D:/soc/EXPERIMENT/ROM/ROM.srcs/sources_1/new/ROM.vhd:25]
WARNING: [Synth 8-3848] Net rom[96] in module/entity ROM does not have driver. [D:/soc/EXPERIMENT/ROM/ROM.srcs/sources_1/new/ROM.vhd:25]
WARNING: [Synth 8-3848] Net rom[97] in module/entity ROM does not have driver. [D:/soc/EXPERIMENT/ROM/ROM.srcs/sources_1/new/ROM.vhd:25]
WARNING: [Synth 8-3848] Net rom[98] in module/entity ROM does not have driver. [D:/soc/EXPERIMENT/ROM/ROM.srcs/sources_1/new/ROM.vhd:25]
WARNING: [Synth 8-3848] Net rom[99] in module/entity ROM does not have driver. [D:/soc/EXPERIMENT/ROM/ROM.srcs/sources_1/new/ROM.vhd:25]
WARNING: [Synth 8-3848] Net rom[100] in module/entity ROM does not have driver. [D:/soc/EXPERIMENT/ROM/ROM.srcs/sources_1/new/ROM.vhd:25]
WARNING: [Synth 8-3848] Net rom[101] in module/entity ROM does not have driver. [D:/soc/EXPERIMENT/ROM/ROM.srcs/sources_1/new/ROM.vhd:25]
WARNING: [Synth 8-3848] Net rom[102] in module/entity ROM does not have driver. [D:/soc/EXPERIMENT/ROM/ROM.srcs/sources_1/new/ROM.vhd:25]
WARNING: [Synth 8-3848] Net rom[103] in module/entity ROM does not have driver. [D:/soc/EXPERIMENT/ROM/ROM.srcs/sources_1/new/ROM.vhd:25]
WARNING: [Synth 8-3848] Net rom[104] in module/entity ROM does not have driver. [D:/soc/EXPERIMENT/ROM/ROM.srcs/sources_1/new/ROM.vhd:25]
WARNING: [Synth 8-3848] Net rom[105] in module/entity ROM does not have driver. [D:/soc/EXPERIMENT/ROM/ROM.srcs/sources_1/new/ROM.vhd:25]
WARNING: [Synth 8-3848] Net rom[106] in module/entity ROM does not have driver. [D:/soc/EXPERIMENT/ROM/ROM.srcs/sources_1/new/ROM.vhd:25]
WARNING: [Synth 8-3848] Net rom[107] in module/entity ROM does not have driver. [D:/soc/EXPERIMENT/ROM/ROM.srcs/sources_1/new/ROM.vhd:25]
WARNING: [Synth 8-3848] Net rom[108] in module/entity ROM does not have driver. [D:/soc/EXPERIMENT/ROM/ROM.srcs/sources_1/new/ROM.vhd:25]
WARNING: [Synth 8-3848] Net rom[109] in module/entity ROM does not have driver. [D:/soc/EXPERIMENT/ROM/ROM.srcs/sources_1/new/ROM.vhd:25]
WARNING: [Synth 8-3848] Net rom[110] in module/entity ROM does not have driver. [D:/soc/EXPERIMENT/ROM/ROM.srcs/sources_1/new/ROM.vhd:25]
WARNING: [Synth 8-3848] Net rom[111] in module/entity ROM does not have driver. [D:/soc/EXPERIMENT/ROM/ROM.srcs/sources_1/new/ROM.vhd:25]
WARNING: [Synth 8-3848] Net rom[112] in module/entity ROM does not have driver. [D:/soc/EXPERIMENT/ROM/ROM.srcs/sources_1/new/ROM.vhd:25]
WARNING: [Synth 8-3848] Net rom[113] in module/entity ROM does not have driver. [D:/soc/EXPERIMENT/ROM/ROM.srcs/sources_1/new/ROM.vhd:25]
WARNING: [Synth 8-3848] Net rom[114] in module/entity ROM does not have driver. [D:/soc/EXPERIMENT/ROM/ROM.srcs/sources_1/new/ROM.vhd:25]
WARNING: [Synth 8-3848] Net rom[115] in module/entity ROM does not have driver. [D:/soc/EXPERIMENT/ROM/ROM.srcs/sources_1/new/ROM.vhd:25]
WARNING: [Synth 8-3848] Net rom[116] in module/entity ROM does not have driver. [D:/soc/EXPERIMENT/ROM/ROM.srcs/sources_1/new/ROM.vhd:25]
WARNING: [Synth 8-3848] Net rom[117] in module/entity ROM does not have driver. [D:/soc/EXPERIMENT/ROM/ROM.srcs/sources_1/new/ROM.vhd:25]
WARNING: [Synth 8-3848] Net rom[118] in module/entity ROM does not have driver. [D:/soc/EXPERIMENT/ROM/ROM.srcs/sources_1/new/ROM.vhd:25]
WARNING: [Synth 8-3848] Net rom[119] in module/entity ROM does not have driver. [D:/soc/EXPERIMENT/ROM/ROM.srcs/sources_1/new/ROM.vhd:25]
WARNING: [Synth 8-3848] Net rom[120] in module/entity ROM does not have driver. [D:/soc/EXPERIMENT/ROM/ROM.srcs/sources_1/new/ROM.vhd:25]
WARNING: [Synth 8-3848] Net rom[121] in module/entity ROM does not have driver. [D:/soc/EXPERIMENT/ROM/ROM.srcs/sources_1/new/ROM.vhd:25]
WARNING: [Synth 8-3848] Net rom[122] in module/entity ROM does not have driver. [D:/soc/EXPERIMENT/ROM/ROM.srcs/sources_1/new/ROM.vhd:25]
WARNING: [Synth 8-3848] Net rom[123] in module/entity ROM does not have driver. [D:/soc/EXPERIMENT/ROM/ROM.srcs/sources_1/new/ROM.vhd:25]
WARNING: [Synth 8-3848] Net rom[124] in module/entity ROM does not have driver. [D:/soc/EXPERIMENT/ROM/ROM.srcs/sources_1/new/ROM.vhd:25]
WARNING: [Synth 8-3848] Net rom[125] in module/entity ROM does not have driver. [D:/soc/EXPERIMENT/ROM/ROM.srcs/sources_1/new/ROM.vhd:25]
WARNING: [Synth 8-3848] Net rom[126] in module/entity ROM does not have driver. [D:/soc/EXPERIMENT/ROM/ROM.srcs/sources_1/new/ROM.vhd:25]
WARNING: [Synth 8-3848] Net rom[127] in module/entity ROM does not have driver. [D:/soc/EXPERIMENT/ROM/ROM.srcs/sources_1/new/ROM.vhd:25]
WARNING: [Synth 8-3848] Net rom[128] in module/entity ROM does not have driver. [D:/soc/EXPERIMENT/ROM/ROM.srcs/sources_1/new/ROM.vhd:25]
WARNING: [Synth 8-3848] Net rom[129] in module/entity ROM does not have driver. [D:/soc/EXPERIMENT/ROM/ROM.srcs/sources_1/new/ROM.vhd:25]
WARNING: [Synth 8-3848] Net rom[130] in module/entity ROM does not have driver. [D:/soc/EXPERIMENT/ROM/ROM.srcs/sources_1/new/ROM.vhd:25]
WARNING: [Synth 8-3848] Net rom[131] in module/entity ROM does not have driver. [D:/soc/EXPERIMENT/ROM/ROM.srcs/sources_1/new/ROM.vhd:25]
WARNING: [Synth 8-3848] Net rom[132] in module/entity ROM does not have driver. [D:/soc/EXPERIMENT/ROM/ROM.srcs/sources_1/new/ROM.vhd:25]
WARNING: [Synth 8-3848] Net rom[133] in module/entity ROM does not have driver. [D:/soc/EXPERIMENT/ROM/ROM.srcs/sources_1/new/ROM.vhd:25]
WARNING: [Synth 8-3848] Net rom[134] in module/entity ROM does not have driver. [D:/soc/EXPERIMENT/ROM/ROM.srcs/sources_1/new/ROM.vhd:25]
WARNING: [Synth 8-3848] Net rom[135] in module/entity ROM does not have driver. [D:/soc/EXPERIMENT/ROM/ROM.srcs/sources_1/new/ROM.vhd:25]
WARNING: [Synth 8-3848] Net rom[136] in module/entity ROM does not have driver. [D:/soc/EXPERIMENT/ROM/ROM.srcs/sources_1/new/ROM.vhd:25]
WARNING: [Synth 8-3848] Net rom[137] in module/entity ROM does not have driver. [D:/soc/EXPERIMENT/ROM/ROM.srcs/sources_1/new/ROM.vhd:25]
WARNING: [Synth 8-3848] Net rom[138] in module/entity ROM does not have driver. [D:/soc/EXPERIMENT/ROM/ROM.srcs/sources_1/new/ROM.vhd:25]
WARNING: [Synth 8-3848] Net rom[139] in module/entity ROM does not have driver. [D:/soc/EXPERIMENT/ROM/ROM.srcs/sources_1/new/ROM.vhd:25]
WARNING: [Synth 8-3848] Net rom[140] in module/entity ROM does not have driver. [D:/soc/EXPERIMENT/ROM/ROM.srcs/sources_1/new/ROM.vhd:25]
WARNING: [Synth 8-3848] Net rom[141] in module/entity ROM does not have driver. [D:/soc/EXPERIMENT/ROM/ROM.srcs/sources_1/new/ROM.vhd:25]
WARNING: [Synth 8-3848] Net rom[142] in module/entity ROM does not have driver. [D:/soc/EXPERIMENT/ROM/ROM.srcs/sources_1/new/ROM.vhd:25]
WARNING: [Synth 8-3848] Net rom[143] in module/entity ROM does not have driver. [D:/soc/EXPERIMENT/ROM/ROM.srcs/sources_1/new/ROM.vhd:25]
WARNING: [Synth 8-3848] Net rom[144] in module/entity ROM does not have driver. [D:/soc/EXPERIMENT/ROM/ROM.srcs/sources_1/new/ROM.vhd:25]
WARNING: [Synth 8-3848] Net rom[145] in module/entity ROM does not have driver. [D:/soc/EXPERIMENT/ROM/ROM.srcs/sources_1/new/ROM.vhd:25]
WARNING: [Synth 8-3848] Net rom[146] in module/entity ROM does not have driver. [D:/soc/EXPERIMENT/ROM/ROM.srcs/sources_1/new/ROM.vhd:25]
WARNING: [Synth 8-3848] Net rom[147] in module/entity ROM does not have driver. [D:/soc/EXPERIMENT/ROM/ROM.srcs/sources_1/new/ROM.vhd:25]
WARNING: [Synth 8-3848] Net rom[148] in module/entity ROM does not have driver. [D:/soc/EXPERIMENT/ROM/ROM.srcs/sources_1/new/ROM.vhd:25]
WARNING: [Synth 8-3848] Net rom[149] in module/entity ROM does not have driver. [D:/soc/EXPERIMENT/ROM/ROM.srcs/sources_1/new/ROM.vhd:25]
WARNING: [Synth 8-3848] Net rom[150] in module/entity ROM does not have driver. [D:/soc/EXPERIMENT/ROM/ROM.srcs/sources_1/new/ROM.vhd:25]
WARNING: [Synth 8-3848] Net rom[151] in module/entity ROM does not have driver. [D:/soc/EXPERIMENT/ROM/ROM.srcs/sources_1/new/ROM.vhd:25]
WARNING: [Synth 8-3848] Net rom[152] in module/entity ROM does not have driver. [D:/soc/EXPERIMENT/ROM/ROM.srcs/sources_1/new/ROM.vhd:25]
WARNING: [Synth 8-3848] Net rom[153] in module/entity ROM does not have driver. [D:/soc/EXPERIMENT/ROM/ROM.srcs/sources_1/new/ROM.vhd:25]
WARNING: [Synth 8-3848] Net rom[154] in module/entity ROM does not have driver. [D:/soc/EXPERIMENT/ROM/ROM.srcs/sources_1/new/ROM.vhd:25]
WARNING: [Synth 8-3848] Net rom[155] in module/entity ROM does not have driver. [D:/soc/EXPERIMENT/ROM/ROM.srcs/sources_1/new/ROM.vhd:25]
WARNING: [Synth 8-3848] Net rom[156] in module/entity ROM does not have driver. [D:/soc/EXPERIMENT/ROM/ROM.srcs/sources_1/new/ROM.vhd:25]
WARNING: [Synth 8-3848] Net rom[157] in module/entity ROM does not have driver. [D:/soc/EXPERIMENT/ROM/ROM.srcs/sources_1/new/ROM.vhd:25]
WARNING: [Synth 8-3848] Net rom[158] in module/entity ROM does not have driver. [D:/soc/EXPERIMENT/ROM/ROM.srcs/sources_1/new/ROM.vhd:25]
WARNING: [Synth 8-3848] Net rom[159] in module/entity ROM does not have driver. [D:/soc/EXPERIMENT/ROM/ROM.srcs/sources_1/new/ROM.vhd:25]
WARNING: [Synth 8-3848] Net rom[160] in module/entity ROM does not have driver. [D:/soc/EXPERIMENT/ROM/ROM.srcs/sources_1/new/ROM.vhd:25]
WARNING: [Synth 8-3848] Net rom[161] in module/entity ROM does not have driver. [D:/soc/EXPERIMENT/ROM/ROM.srcs/sources_1/new/ROM.vhd:25]
WARNING: [Synth 8-3848] Net rom[162] in module/entity ROM does not have driver. [D:/soc/EXPERIMENT/ROM/ROM.srcs/sources_1/new/ROM.vhd:25]
WARNING: [Synth 8-3848] Net rom[163] in module/entity ROM does not have driver. [D:/soc/EXPERIMENT/ROM/ROM.srcs/sources_1/new/ROM.vhd:25]
WARNING: [Synth 8-3848] Net rom[164] in module/entity ROM does not have driver. [D:/soc/EXPERIMENT/ROM/ROM.srcs/sources_1/new/ROM.vhd:25]
WARNING: [Synth 8-3848] Net rom[165] in module/entity ROM does not have driver. [D:/soc/EXPERIMENT/ROM/ROM.srcs/sources_1/new/ROM.vhd:25]
WARNING: [Synth 8-3848] Net rom[166] in module/entity ROM does not have driver. [D:/soc/EXPERIMENT/ROM/ROM.srcs/sources_1/new/ROM.vhd:25]
WARNING: [Synth 8-3848] Net rom[167] in module/entity ROM does not have driver. [D:/soc/EXPERIMENT/ROM/ROM.srcs/sources_1/new/ROM.vhd:25]
WARNING: [Synth 8-3848] Net rom[168] in module/entity ROM does not have driver. [D:/soc/EXPERIMENT/ROM/ROM.srcs/sources_1/new/ROM.vhd:25]
WARNING: [Synth 8-3848] Net rom[169] in module/entity ROM does not have driver. [D:/soc/EXPERIMENT/ROM/ROM.srcs/sources_1/new/ROM.vhd:25]
WARNING: [Synth 8-3848] Net rom[170] in module/entity ROM does not have driver. [D:/soc/EXPERIMENT/ROM/ROM.srcs/sources_1/new/ROM.vhd:25]
WARNING: [Synth 8-3848] Net rom[171] in module/entity ROM does not have driver. [D:/soc/EXPERIMENT/ROM/ROM.srcs/sources_1/new/ROM.vhd:25]
WARNING: [Synth 8-3848] Net rom[172] in module/entity ROM does not have driver. [D:/soc/EXPERIMENT/ROM/ROM.srcs/sources_1/new/ROM.vhd:25]
WARNING: [Synth 8-3848] Net rom[173] in module/entity ROM does not have driver. [D:/soc/EXPERIMENT/ROM/ROM.srcs/sources_1/new/ROM.vhd:25]
WARNING: [Synth 8-3848] Net rom[174] in module/entity ROM does not have driver. [D:/soc/EXPERIMENT/ROM/ROM.srcs/sources_1/new/ROM.vhd:25]
INFO: [Common 17-14] Message 'Synth 8-3848' appears 100 times and further instances of the messages will be disabled. Use the Tcl command set_msg_config to change the current settings.
INFO: [Synth 8-256] done synthesizing module 'ROM' (1#1) [D:/soc/EXPERIMENT/ROM/ROM.srcs/sources_1/new/ROM.vhd:23]
---------------------------------------------------------------------------------
Finished RTL Elaboration : Time (s): cpu = 00:00:04 ; elapsed = 00:00:05 . Memory (MB): peak = 509.637 ; gain = 176.863
---------------------------------------------------------------------------------

Report Check Netlist: 
+------+------------------+-------+---------+-------+------------------+
|      |Item              |Errors |Warnings |Status |Description       |
+------+------------------+-------+---------+-------+------------------+
|1     |multi_driven_nets |      0|        0|Passed |Multi driven nets |
+------+------------------+-------+---------+-------+------------------+
---------------------------------------------------------------------------------
Start Handling Custom Attributes
---------------------------------------------------------------------------------
---------------------------------------------------------------------------------
Finished Handling Custom Attributes : Time (s): cpu = 00:00:05 ; elapsed = 00:00:05 . Memory (MB): peak = 509.637 ; gain = 176.863
---------------------------------------------------------------------------------
---------------------------------------------------------------------------------
Finished RTL Optimization Phase 1 : Time (s): cpu = 00:00:05 ; elapsed = 00:00:05 . Memory (MB): peak = 509.637 ; gain = 176.863
---------------------------------------------------------------------------------
INFO: [Device 21-403] Loading part xc7k160tfbg676-2
INFO: [Project 1-570] Preparing netlist for logic optimization

Processing XDC Constraints
Initializing timing engine
Parsing XDC File [D:/soc/EXPERIMENT/ROM/ROM.srcs/constrs_1/new/pin.xdc]
Finished Parsing XDC File [D:/soc/EXPERIMENT/ROM/ROM.srcs/constrs_1/new/pin.xdc]
INFO: [Project 1-236] Implementation specific constraints were found while reading constraint file [D:/soc/EXPERIMENT/ROM/ROM.srcs/constrs_1/new/pin.xdc]. These constraints will be ignored for synthesis but will be used in implementation. Impacted constraints are listed in the file [.Xil/ROM_propImpl.xdc].
Resolution: To avoid this warning, move constraints listed in [.Xil/ROM_propImpl.xdc] to another XDC file and exclude this new file from synthesis with the used_in_synthesis property (File Properties dialog in GUI) and re-run elaboration/synthesis.
Netlist sorting complete. Time (s): cpu = 00:00:00 ; elapsed = 00:00:00 . Memory (MB): peak = 822.535 ; gain = 0.000
Completed Processing XDC Constraints

Netlist sorting complete. Time (s): cpu = 00:00:00 ; elapsed = 00:00:00 . Memory (MB): peak = 822.535 ; gain = 0.000
INFO: [Project 1-111] Unisim Transformation Summary:
No Unisim elements were transformed.

Netlist sorting complete. Time (s): cpu = 00:00:00 ; elapsed = 00:00:00 . Memory (MB): peak = 822.535 ; gain = 0.000
Constraint Validation Runtime : Time (s): cpu = 00:00:00 ; elapsed = 00:00:00.001 . Memory (MB): peak = 822.535 ; gain = 0.000
---------------------------------------------------------------------------------
Finished Constraint Validation : Time (s): cpu = 00:00:12 ; elapsed = 00:00:12 . Memory (MB): peak = 822.535 ; gain = 489.762
---------------------------------------------------------------------------------
---------------------------------------------------------------------------------
Start Loading Part and Timing Information
---------------------------------------------------------------------------------
Loading part: xc7k160tfbg676-2
---------------------------------------------------------------------------------
Finished Loading Part and Timing Information : Time (s): cpu = 00:00:12 ; elapsed = 00:00:12 . Memory (MB): peak = 822.535 ; gain = 489.762
---------------------------------------------------------------------------------
---------------------------------------------------------------------------------
Start Applying 'set_property' XDC Constraints
---------------------------------------------------------------------------------
---------------------------------------------------------------------------------
Finished applying 'set_property' XDC Constraints : Time (s): cpu = 00:00:12 ; elapsed = 00:00:12 . Memory (MB): peak = 822.535 ; gain = 489.762
---------------------------------------------------------------------------------
---------------------------------------------------------------------------------
Finished RTL Optimization Phase 2 : Time (s): cpu = 00:00:14 ; elapsed = 00:00:15 . Memory (MB): peak = 822.535 ; gain = 489.762
---------------------------------------------------------------------------------

Report RTL Partitions: 
+-+--------------+------------+----------+
| |RTL Partition |Replication |Instances |
+-+--------------+------------+----------+
+-+--------------+------------+----------+
---------------------------------------------------------------------------------
Start RTL Component Statistics 
---------------------------------------------------------------------------------
Detailed RTL Component Info : 
---------------------------------------------------------------------------------
Finished RTL Component Statistics 
---------------------------------------------------------------------------------
---------------------------------------------------------------------------------
Start RTL Hierarchical Component Statistics 
---------------------------------------------------------------------------------
Hierarchical RTL Component report 
---------------------------------------------------------------------------------
Finished RTL Hierarchical Component Statistics
---------------------------------------------------------------------------------
---------------------------------------------------------------------------------
Start Part Resource Summary
---------------------------------------------------------------------------------
Part Resources:
DSPs: 600 (col length:100)
BRAMs: 650 (col length: RAMB18 100 RAMB36 50)
---------------------------------------------------------------------------------
Finished Part Resource Summary
---------------------------------------------------------------------------------
---------------------------------------------------------------------------------
Start Cross Boundary and Area Optimization
---------------------------------------------------------------------------------
Warning: Parallel synthesis criteria is not met 
INFO: [Synth 8-3886] merging instance 'DATA_BUS_reg__0i_15' (FD) to 'DATA_BUS_reg__0i_8'
INFO: [Synth 8-3886] merging instance 'DATA_BUS_reg__0i_14' (FD) to 'DATA_BUS_reg__0i_8'
INFO: [Synth 8-3886] merging instance 'DATA_BUS_reg__0i_13' (FD) to 'DATA_BUS_reg__0i_8'
INFO: [Synth 8-3886] merging instance 'DATA_BUS_reg__0i_12' (FD) to 'DATA_BUS_reg__0i_8'
INFO: [Synth 8-3886] merging instance 'DATA_BUS_tristate_oe_reg[3]' (FD) to 'DATA_BUS_tristate_oe_reg[7]'
INFO: [Synth 8-3886] merging instance 'DATA_BUS_reg__0i_11' (FD) to 'DATA_BUS_reg__0i_8'
INFO: [Synth 8-3886] merging instance 'DATA_BUS_tristate_oe_reg[4]' (FD) to 'DATA_BUS_tristate_oe_reg[7]'
INFO: [Synth 8-3886] merging instance 'DATA_BUS_reg__0i_10' (FD) to 'DATA_BUS_reg__0i_8'
INFO: [Synth 8-3886] merging instance 'DATA_BUS_tristate_oe_reg[5]' (FD) to 'DATA_BUS_tristate_oe_reg[7]'
INFO: [Synth 8-3886] merging instance 'DATA_BUS_reg__0i_9' (FD) to 'DATA_BUS_reg__0i_8'
INFO: [Synth 8-3886] merging instance 'DATA_BUS_tristate_oe_reg[6]' (FD) to 'DATA_BUS_tristate_oe_reg[7]'
INFO: [Synth 8-3333] propagating constant 0 across sequential element (\DATA_BUS_tristate_oe_reg[7] )
---------------------------------------------------------------------------------
Finished Cross Boundary and Area Optimization : Time (s): cpu = 00:00:21 ; elapsed = 00:00:22 . Memory (MB): peak = 822.535 ; gain = 489.762
---------------------------------------------------------------------------------

Report RTL Partitions: 
+-+--------------+------------+----------+
| |RTL Partition |Replication |Instances |
+-+--------------+------------+----------+
+-+--------------+------------+----------+
---------------------------------------------------------------------------------
Start Applying XDC Timing Constraints
---------------------------------------------------------------------------------
---------------------------------------------------------------------------------
Finished Applying XDC Timing Constraints : Time (s): cpu = 00:00:26 ; elapsed = 00:00:27 . Memory (MB): peak = 856.375 ; gain = 523.602
---------------------------------------------------------------------------------
---------------------------------------------------------------------------------
Start Timing Optimization
---------------------------------------------------------------------------------
---------------------------------------------------------------------------------
Finished Timing Optimization : Time (s): cpu = 00:00:26 ; elapsed = 00:00:27 . Memory (MB): peak = 856.375 ; gain = 523.602
---------------------------------------------------------------------------------

Report RTL Partitions: 
+-+--------------+------------+----------+
| |RTL Partition |Replication |Instances |
+-+--------------+------------+----------+
+-+--------------+------------+----------+
---------------------------------------------------------------------------------
Start Technology Mapping
---------------------------------------------------------------------------------
---------------------------------------------------------------------------------
Finished Technology Mapping : Time (s): cpu = 00:00:26 ; elapsed = 00:00:27 . Memory (MB): peak = 863.484 ; gain = 530.711
---------------------------------------------------------------------------------

Report RTL Partitions: 
+-+--------------+------------+----------+
| |RTL Partition |Replication |Instances |
+-+--------------+------------+----------+
+-+--------------+------------+----------+
---------------------------------------------------------------------------------
Start IO Insertion
---------------------------------------------------------------------------------
---------------------------------------------------------------------------------
Start Flattening Before IO Insertion
---------------------------------------------------------------------------------
---------------------------------------------------------------------------------
Finished Flattening Before IO Insertion
---------------------------------------------------------------------------------
---------------------------------------------------------------------------------
Start Final Netlist Cleanup
---------------------------------------------------------------------------------
---------------------------------------------------------------------------------
Finished Final Netlist Cleanup
---------------------------------------------------------------------------------
---------------------------------------------------------------------------------
Finished IO Insertion : Time (s): cpu = 00:00:27 ; elapsed = 00:00:27 . Memory (MB): peak = 863.484 ; gain = 530.711
---------------------------------------------------------------------------------

Report Check Netlist: 
+------+------------------+-------+---------+-------+------------------+
|      |Item              |Errors |Warnings |Status |Description       |
+------+------------------+-------+---------+-------+------------------+
|1     |multi_driven_nets |      0|        0|Passed |Multi driven nets |
+------+------------------+-------+---------+-------+------------------+
---------------------------------------------------------------------------------
Start Renaming Generated Instances
---------------------------------------------------------------------------------
---------------------------------------------------------------------------------
Finished Renaming Generated Instances : Time (s): cpu = 00:00:27 ; elapsed = 00:00:27 . Memory (MB): peak = 863.484 ; gain = 530.711
---------------------------------------------------------------------------------

Report RTL Partitions: 
+-+--------------+------------+----------+
| |RTL Partition |Replication |Instances |
+-+--------------+------------+----------+
+-+--------------+------------+----------+
---------------------------------------------------------------------------------
Start Rebuilding User Hierarchy
---------------------------------------------------------------------------------
---------------------------------------------------------------------------------
Finished Rebuilding User Hierarchy : Time (s): cpu = 00:00:27 ; elapsed = 00:00:27 . Memory (MB): peak = 863.484 ; gain = 530.711
---------------------------------------------------------------------------------
---------------------------------------------------------------------------------
Start Renaming Generated Ports
---------------------------------------------------------------------------------
---------------------------------------------------------------------------------
Finished Renaming Generated Ports : Time (s): cpu = 00:00:27 ; elapsed = 00:00:27 . Memory (MB): peak = 863.484 ; gain = 530.711
---------------------------------------------------------------------------------
---------------------------------------------------------------------------------
Start Handling Custom Attributes
---------------------------------------------------------------------------------
---------------------------------------------------------------------------------
Finished Handling Custom Attributes : Time (s): cpu = 00:00:27 ; elapsed = 00:00:27 . Memory (MB): peak = 863.484 ; gain = 530.711
---------------------------------------------------------------------------------
---------------------------------------------------------------------------------
Start Renaming Generated Nets
---------------------------------------------------------------------------------
---------------------------------------------------------------------------------
Finished Renaming Generated Nets : Time (s): cpu = 00:00:27 ; elapsed = 00:00:27 . Memory (MB): peak = 863.484 ; gain = 530.711
---------------------------------------------------------------------------------
---------------------------------------------------------------------------------
Start Writing Synthesis Report
---------------------------------------------------------------------------------

Report BlackBoxes: 
+-+--------------+----------+
| |BlackBox name |Instances |
+-+--------------+----------+
+-+--------------+----------+

Report Cell Usage: 
+------+------+------+
|      |Cell  |Count |
+------+------+------+
|1     |BUFG  |     1|
|2     |LUT1  |     1|
|3     |LUT2  |     1|
|4     |LUT4  |     4|
|5     |LUT6  |     3|
|6     |FDRE  |     4|
|7     |IBUF  |    15|
|8     |OBUFT |     8|
+------+------+------+

Report Instance Areas: 
+------+---------+-------+------+
|      |Instance |Module |Cells |
+------+---------+-------+------+
|1     |top      |       |    37|
+------+---------+-------+------+
---------------------------------------------------------------------------------
Finished Writing Synthesis Report : Time (s): cpu = 00:00:27 ; elapsed = 00:00:27 . Memory (MB): peak = 863.484 ; gain = 530.711
---------------------------------------------------------------------------------
Synthesis finished with 0 errors, 0 critical warnings and 0 warnings.
Synthesis Optimization Runtime : Time (s): cpu = 00:00:17 ; elapsed = 00:00:22 . Memory (MB): peak = 863.484 ; gain = 217.812
Synthesis Optimization Complete : Time (s): cpu = 00:00:27 ; elapsed = 00:00:27 . Memory (MB): peak = 863.484 ; gain = 530.711
INFO: [Project 1-571] Translating synthesized netlist
INFO: [Project 1-570] Preparing netlist for logic optimization
INFO: [Opt 31-138] Pushed 0 inverter(s) to 0 load pin(s).
Netlist sorting complete. Time (s): cpu = 00:00:00 ; elapsed = 00:00:00 . Memory (MB): peak = 871.809 ; gain = 0.000
INFO: [Project 1-111] Unisim Transformation Summary:
No Unisim elements were transformed.

INFO: [Common 17-83] Releasing license: Synthesis
25 Infos, 100 Warnings, 0 Critical Warnings and 0 Errors encountered.
synth_design completed successfully
synth_design: Time (s): cpu = 00:00:28 ; elapsed = 00:00:29 . Memory (MB): peak = 871.809 ; gain = 552.109
Netlist sorting complete. Time (s): cpu = 00:00:00 ; elapsed = 00:00:00 . Memory (MB): peak = 871.809 ; gain = 0.000
WARNING: [Constraints 18-5210] No constraints selected for write.
Resolution: This message can indicate that there are no constraints for the design, or it can indicate that the used_in flags are set such that the constraints are ignored. This later case is used when running synth_design to not write synthesis constraints to the resulting checkpoint. Instead, project constraints are read when the synthesized design is opened.
INFO: [Common 17-1381] The checkpoint 'D:/soc/EXPERIMENT/ROM/ROM.runs/synth_1/ROM.dcp' has been generated.
INFO: [runtcl-4] Executing : report_utilization -file ROM_utilization_synth.rpt -pb ROM_utilization_synth.pb
INFO: [Common 17-206] Exiting Vivado at Wed Apr 24 09:12:21 2024...
