#-----------------------------------------------------------
# Vivado v2018.3 (64-bit)
# SW Build 2405991 on Thu Dec  6 23:38:27 MST 2018
# IP Build 2404404 on Fri Dec  7 01:43:56 MST 2018
# Start of session at: Wed Apr 17 15:34:45 2024
# Process ID: 6840
# Current directory: C:/SOC/adder
# Command line: vivado.exe -gui_launcher_event rodinguilauncherevent9684 C:\SOC\adder\adder.xpr
# Log file: C:/SOC/adder/vivado.log
# Journal file: C:/SOC/adder\vivado.jou
#-----------------------------------------------------------
start_gui
open_project C:/SOC/adder/adder.xpr
INFO: [Project 1-313] Project file moved from 'D:/soc/EXPERIMENT/adder' since last save.
Scanning sources...
Finished scanning sources
INFO: [IP_Flow 19-234] Refreshing IP repositories
INFO: [IP_Flow 19-1704] No user IP repositories specified
INFO: [IP_Flow 19-2313] Loaded Vivado IP repository 'C:/Xilinx/Vivado/2018.3/data/ip'.
update_compile_order -fileset sources_1
launch_simulation
INFO: [Vivado 12-5682] Launching behavioral simulation in 'C:/SOC/adder/adder.sim/sim_1/behav/xsim'
INFO: [SIM-utils-51] Simulation object is 'sim_1'
INFO: [SIM-utils-54] Inspecting design source files for 'adder_tb' in fileset 'sim_1'...
INFO: [USF-XSim-97] Finding global include files...
INFO: [USF-XSim-98] Fetching design files from 'sim_1'...
INFO: [USF-XSim-2] XSim::Compile design
INFO: [USF-XSim-61] Executing 'COMPILE and ANALYZE' step in 'C:/SOC/adder/adder.sim/sim_1/behav/xsim'
"xvhdl --incr --relax -prj adder_tb_vhdl.prj"
INFO: [VRFC 10-163] Analyzing VHDL file "C:/SOC/adder/adder.srcs/sources_1/new/adder.vhd" into library xil_defaultlib
INFO: [VRFC 10-3107] analyzing entity 'adder'
INFO: [VRFC 10-163] Analyzing VHDL file "C:/SOC/adder/adder.srcs/sources_1/new/data2seg.vhd" into library xil_defaultlib
INFO: [VRFC 10-3107] analyzing entity 'data2seg'
INFO: [VRFC 10-163] Analyzing VHDL file "C:/SOC/adder/adder.srcs/sources_1/new/decoder4_16.vhd" into library xil_defaultlib
INFO: [VRFC 10-3107] analyzing entity 'decoder4_16'
INFO: [VRFC 10-163] Analyzing VHDL file "C:/SOC/adder/adder.srcs/sources_1/new/seg_dis.vhd" into library xil_defaultlib
INFO: [VRFC 10-3107] analyzing entity 'seg_dis'
INFO: [VRFC 10-163] Analyzing VHDL file "C:/SOC/adder/adder.srcs/sim_1/new/adder_tb.vhd" into library xil_defaultlib
INFO: [VRFC 10-3107] analyzing entity 'adder_tb'
INFO: [USF-XSim-69] 'compile' step finished in '1' seconds
INFO: [USF-XSim-3] XSim::Elaborate design
INFO: [USF-XSim-61] Executing 'ELABORATE' step in 'C:/SOC/adder/adder.sim/sim_1/behav/xsim'
Vivado Simulator 2018.3
Copyright 1986-1999, 2001-2018 Xilinx, Inc. All Rights Reserved.
Running: C:/Xilinx/Vivado/2018.3/bin/unwrapped/win64.o/xelab.exe -wto 00c8c7e5e7c94519b20a9b1ad29b8d48 --incr --debug typical --relax --mt 2 -L xil_defaultlib -L secureip --snapshot adder_tb_behav xil_defaultlib.adder_tb -log elaborate.log 
Using 2 slave threads.
Starting static elaboration
Completed static elaboration
Starting simulation data flow analysis
Completed simulation data flow analysis
Time Resolution for simulation is 1ps
Compiling package std.standard
Compiling package std.textio
Compiling package ieee.std_logic_1164
Compiling package ieee.std_logic_arith
Compiling package ieee.std_logic_unsigned
Compiling architecture behavioral of entity xil_defaultlib.data2seg [data2seg_default]
Compiling architecture behavioral of entity xil_defaultlib.seg_dis [seg_dis_default]
Compiling architecture behavioral of entity xil_defaultlib.decoder4_16 [decoder4_16_default]
Compiling architecture behavioral of entity xil_defaultlib.adder [adder_default]
Compiling architecture behavioral of entity xil_defaultlib.adder_tb
Built simulation snapshot adder_tb_behav
INFO: [USF-XSim-69] 'elaborate' step finished in '1' seconds
INFO: [USF-XSim-4] XSim::Simulate design
INFO: [USF-XSim-61] Executing 'SIMULATE' step in 'C:/SOC/adder/adder.sim/sim_1/behav/xsim'
INFO: [USF-XSim-98] *** Running xsim
   with args "adder_tb_behav -key {Behavioral:sim_1:Functional:adder_tb} -tclbatch {adder_tb.tcl} -log {simulate.log}"
INFO: [USF-XSim-8] Loading simulator feature
Vivado Simulator 2018.3
Time resolution is 1 ps
source adder_tb.tcl
# set curr_wave [current_wave_config]
# if { [string length $curr_wave] == 0 } {
#   if { [llength [get_objects]] > 0} {
#     add_wave /
#     set_property needs_save false [current_wave_config]
#   } else {
#      send_msg_id Add_Wave-1 WARNING "No top level signals found. Simulator will start without a wave window. If you want to open a wave window go to 'File->New Waveform Configuration' or type 'create_wave_config' in the TCL console."
#   }
# }
# run 1000ns
INFO: [USF-XSim-96] XSim completed. Design snapshot 'adder_tb_behav' loaded.
INFO: [USF-XSim-97] XSim simulation ran for 1000ns
close_sim
INFO: [Simtcl 6-16] Simulation closed
launch_simulation
INFO: [Vivado 12-5682] Launching behavioral simulation in 'C:/SOC/adder/adder.sim/sim_1/behav/xsim'
INFO: [SIM-utils-51] Simulation object is 'sim_1'
INFO: [SIM-utils-54] Inspecting design source files for 'adder_tb' in fileset 'sim_1'...
INFO: [USF-XSim-97] Finding global include files...
INFO: [USF-XSim-98] Fetching design files from 'sim_1'...
INFO: [USF-XSim-2] XSim::Compile design
INFO: [USF-XSim-61] Executing 'COMPILE and ANALYZE' step in 'C:/SOC/adder/adder.sim/sim_1/behav/xsim'
"xvhdl --incr --relax -prj adder_tb_vhdl.prj"
INFO: [VRFC 10-163] Analyzing VHDL file "C:/SOC/adder/adder.srcs/sources_1/new/decoder4_16.vhd" into library xil_defaultlib
INFO: [VRFC 10-3107] analyzing entity 'decoder4_16'
INFO: [USF-XSim-69] 'compile' step finished in '1' seconds
INFO: [USF-XSim-3] XSim::Elaborate design
INFO: [USF-XSim-61] Executing 'ELABORATE' step in 'C:/SOC/adder/adder.sim/sim_1/behav/xsim'
Vivado Simulator 2018.3
Copyright 1986-1999, 2001-2018 Xilinx, Inc. All Rights Reserved.
Running: C:/Xilinx/Vivado/2018.3/bin/unwrapped/win64.o/xelab.exe -wto 00c8c7e5e7c94519b20a9b1ad29b8d48 --incr --debug typical --relax --mt 2 -L xil_defaultlib -L secureip --snapshot adder_tb_behav xil_defaultlib.adder_tb -log elaborate.log 
Using 2 slave threads.
Starting static elaboration
Completed static elaboration
Starting simulation data flow analysis
Completed simulation data flow analysis
Time Resolution for simulation is 1ps
Compiling package std.standard
Compiling package std.textio
Compiling package ieee.std_logic_1164
Compiling package ieee.std_logic_arith
Compiling package ieee.std_logic_unsigned
Compiling architecture behavioral of entity xil_defaultlib.data2seg [data2seg_default]
Compiling architecture behavioral of entity xil_defaultlib.seg_dis [seg_dis_default]
Compiling architecture behavioral of entity xil_defaultlib.decoder4_16 [decoder4_16_default]
Compiling architecture behavioral of entity xil_defaultlib.adder [adder_default]
Compiling architecture behavioral of entity xil_defaultlib.adder_tb
Built simulation snapshot adder_tb_behav
INFO: [USF-XSim-69] 'elaborate' step finished in '1' seconds
INFO: [USF-XSim-4] XSim::Simulate design
INFO: [USF-XSim-61] Executing 'SIMULATE' step in 'C:/SOC/adder/adder.sim/sim_1/behav/xsim'
INFO: [USF-XSim-98] *** Running xsim
   with args "adder_tb_behav -key {Behavioral:sim_1:Functional:adder_tb} -tclbatch {adder_tb.tcl} -log {simulate.log}"
INFO: [USF-XSim-8] Loading simulator feature
Vivado Simulator 2018.3
Time resolution is 1 ps
source adder_tb.tcl
# set curr_wave [current_wave_config]
# if { [string length $curr_wave] == 0 } {
#   if { [llength [get_objects]] > 0} {
#     add_wave /
#     set_property needs_save false [current_wave_config]
#   } else {
#      send_msg_id Add_Wave-1 WARNING "No top level signals found. Simulator will start without a wave window. If you want to open a wave window go to 'File->New Waveform Configuration' or type 'create_wave_config' in the TCL console."
#   }
# }
# run 1000ns
INFO: [USF-XSim-96] XSim completed. Design snapshot 'adder_tb_behav' loaded.
INFO: [USF-XSim-97] XSim simulation ran for 1000ns
reset_run synth_1
WARNING: [Vivado 12-1017] Problems encountered:
1. Failed to delete one or more files in run directory C:/SOC/adder/adder.runs/synth_1

launch_runs impl_1 -to_step write_bitstream -jobs 6
[Wed Apr 17 15:38:03 2024] Launched synth_1...
Run output will be captured here: C:/SOC/adder/adder.runs/synth_1/runme.log
[Wed Apr 17 15:38:03 2024] Launched impl_1...
Run output will be captured here: C:/SOC/adder/adder.runs/impl_1/runme.log
open_hw
connect_hw_server
INFO: [Labtools 27-2285] Connecting to hw_server url TCP:localhost:3121
open_hw_target
INFO: [Labtoolstcl 44-466] Opening hw_target localhost:3121/xilinx_tcf/Digilent/210203367162A
set_property PROGRAM.FILE {C:/SOC/adder/adder.runs/impl_1/adder.bit} [get_hw_devices xc7k160t_0]
current_hw_device [get_hw_devices xc7k160t_0]
refresh_hw_device -update_hw_probes false [lindex [get_hw_devices xc7k160t_0] 0]
INFO: [Labtools 27-1434] Device xc7k160t (JTAG device index = 0) is programmed with a design that has no supported debug core(s) in it.
set_property PROBES.FILE {} [get_hw_devices xc7k160t_0]
set_property FULL_PROBES.FILE {} [get_hw_devices xc7k160t_0]
set_property PROGRAM.FILE {C:/SOC/adder/adder.runs/impl_1/adder.bit} [get_hw_devices xc7k160t_0]
program_hw_devices [get_hw_devices xc7k160t_0]
INFO: [Labtools 27-3164] End of startup status: HIGH
refresh_hw_device [lindex [get_hw_devices xc7k160t_0] 0]
INFO: [Labtools 27-1434] Device xc7k160t (JTAG device index = 0) is programmed with a design that has no supported debug core(s) in it.
refresh_hw_device [lindex [get_hw_devices xc7k160t_0] 0]
INFO: [Labtools 27-1434] Device xc7k160t (JTAG device index = 0) is programmed with a design that has no supported debug core(s) in it.
set_property PROBES.FILE {} [get_hw_devices xc7k160t_0]
set_property FULL_PROBES.FILE {} [get_hw_devices xc7k160t_0]
set_property PROGRAM.FILE {C:/SOC/adder/adder.runs/impl_1/adder.bit} [get_hw_devices xc7k160t_0]
program_hw_devices [get_hw_devices xc7k160t_0]
INFO: [Labtools 27-3164] End of startup status: HIGH
refresh_hw_device [lindex [get_hw_devices xc7k160t_0] 0]
INFO: [Labtools 27-1434] Device xc7k160t (JTAG device index = 0) is programmed with a design that has no supported debug core(s) in it.
reset_run synth_1
WARNING: [Vivado 12-1017] Problems encountered:
1. Failed to delete one or more files in run directory C:/SOC/adder/adder.runs/synth_1

launch_runs impl_1 -to_step write_bitstream -jobs 6
[Wed Apr 17 15:40:13 2024] Launched synth_1...
Run output will be captured here: C:/SOC/adder/adder.runs/synth_1/runme.log
[Wed Apr 17 15:40:13 2024] Launched impl_1...
Run output will be captured here: C:/SOC/adder/adder.runs/impl_1/runme.log
set_property PROBES.FILE {} [get_hw_devices xc7k160t_0]
set_property FULL_PROBES.FILE {} [get_hw_devices xc7k160t_0]
set_property PROGRAM.FILE {C:/SOC/adder/adder.runs/impl_1/adder.bit} [get_hw_devices xc7k160t_0]
program_hw_devices [get_hw_devices xc7k160t_0]
INFO: [Labtools 27-3164] End of startup status: HIGH
refresh_hw_device [lindex [get_hw_devices xc7k160t_0] 0]
INFO: [Labtools 27-1434] Device xc7k160t (JTAG device index = 0) is programmed with a design that has no supported debug core(s) in it.
set_property PROBES.FILE {} [get_hw_devices xc7k160t_0]
set_property FULL_PROBES.FILE {} [get_hw_devices xc7k160t_0]
set_property PROGRAM.FILE {C:/SOC/adder/adder.runs/impl_1/adder.bit} [get_hw_devices xc7k160t_0]
program_hw_devices [get_hw_devices xc7k160t_0]
INFO: [Labtools 27-3164] End of startup status: HIGH
refresh_hw_device [lindex [get_hw_devices xc7k160t_0] 0]
INFO: [Labtools 27-1434] Device xc7k160t (JTAG device index = 0) is programmed with a design that has no supported debug core(s) in it.
reset_run synth_1
WARNING: [Vivado 12-1017] Problems encountered:
1. Failed to delete one or more files in run directory C:/SOC/adder/adder.runs/synth_1

launch_runs impl_1 -to_step write_bitstream -jobs 6
[Wed Apr 17 15:45:08 2024] Launched synth_1...
Run output will be captured here: C:/SOC/adder/adder.runs/synth_1/runme.log
[Wed Apr 17 15:45:08 2024] Launched impl_1...
Run output will be captured here: C:/SOC/adder/adder.runs/impl_1/runme.log
set_property PROBES.FILE {} [get_hw_devices xc7k160t_0]
set_property FULL_PROBES.FILE {} [get_hw_devices xc7k160t_0]
set_property PROGRAM.FILE {C:/SOC/adder/adder.runs/impl_1/adder.bit} [get_hw_devices xc7k160t_0]
program_hw_devices [get_hw_devices xc7k160t_0]
INFO: [Labtools 27-3164] End of startup status: HIGH
refresh_hw_device [lindex [get_hw_devices xc7k160t_0] 0]
INFO: [Labtools 27-1434] Device xc7k160t (JTAG device index = 0) is programmed with a design that has no supported debug core(s) in it.
reset_run synth_1
WARNING: [Vivado 12-1017] Problems encountered:
1. Failed to delete one or more files in run directory C:/SOC/adder/adder.runs/synth_1

launch_runs impl_1 -to_step write_bitstream -jobs 6
[Wed Apr 17 15:47:41 2024] Launched synth_1...
Run output will be captured here: C:/SOC/adder/adder.runs/synth_1/runme.log
[Wed Apr 17 15:47:41 2024] Launched impl_1...
Run output will be captured here: C:/SOC/adder/adder.runs/impl_1/runme.log
set_property PROBES.FILE {} [get_hw_devices xc7k160t_0]
set_property FULL_PROBES.FILE {} [get_hw_devices xc7k160t_0]
set_property PROGRAM.FILE {C:/SOC/adder/adder.runs/impl_1/adder.bit} [get_hw_devices xc7k160t_0]
program_hw_devices [get_hw_devices xc7k160t_0]
INFO: [Labtools 27-3164] End of startup status: HIGH
refresh_hw_device [lindex [get_hw_devices xc7k160t_0] 0]
INFO: [Labtools 27-1434] Device xc7k160t (JTAG device index = 0) is programmed with a design that has no supported debug core(s) in it.
reset_run synth_1
WARNING: [Vivado 12-1017] Problems encountered:
1. Failed to delete one or more files in run directory C:/SOC/adder/adder.runs/synth_1

launch_runs impl_1 -to_step write_bitstream -jobs 6
[Wed Apr 17 15:50:04 2024] Launched synth_1...
Run output will be captured here: C:/SOC/adder/adder.runs/synth_1/runme.log
[Wed Apr 17 15:50:04 2024] Launched impl_1...
Run output will be captured here: C:/SOC/adder/adder.runs/impl_1/runme.log
set_property PROBES.FILE {} [get_hw_devices xc7k160t_0]
set_property FULL_PROBES.FILE {} [get_hw_devices xc7k160t_0]
set_property PROGRAM.FILE {C:/SOC/adder/adder.runs/impl_1/adder.bit} [get_hw_devices xc7k160t_0]
program_hw_devices [get_hw_devices xc7k160t_0]
INFO: [Labtools 27-3164] End of startup status: HIGH
refresh_hw_device [lindex [get_hw_devices xc7k160t_0] 0]
INFO: [Labtools 27-1434] Device xc7k160t (JTAG device index = 0) is programmed with a design that has no supported debug core(s) in it.
reset_run synth_1
WARNING: [Vivado 12-1017] Problems encountered:
1. Failed to delete one or more files in run directory C:/SOC/adder/adder.runs/synth_1

launch_runs impl_1 -to_step write_bitstream -jobs 6
[Wed Apr 17 15:53:45 2024] Launched synth_1...
Run output will be captured here: C:/SOC/adder/adder.runs/synth_1/runme.log
[Wed Apr 17 15:53:45 2024] Launched impl_1...
Run output will be captured here: C:/SOC/adder/adder.runs/impl_1/runme.log
reset_run synth_1
WARNING: [Vivado 12-1017] Problems encountered:
1. Failed to delete one or more files in run directory C:/SOC/adder/adder.runs/synth_1

launch_runs impl_1 -to_step write_bitstream -jobs 6
[Wed Apr 17 15:54:09 2024] Launched synth_1...
Run output will be captured here: C:/SOC/adder/adder.runs/synth_1/runme.log
[Wed Apr 17 15:54:09 2024] Launched impl_1...
Run output will be captured here: C:/SOC/adder/adder.runs/impl_1/runme.log
set_property PROBES.FILE {} [get_hw_devices xc7k160t_0]
set_property FULL_PROBES.FILE {} [get_hw_devices xc7k160t_0]
set_property PROGRAM.FILE {C:/SOC/adder/adder.runs/impl_1/adder.bit} [get_hw_devices xc7k160t_0]
program_hw_devices [get_hw_devices xc7k160t_0]
INFO: [Labtools 27-3164] End of startup status: HIGH
refresh_hw_device [lindex [get_hw_devices xc7k160t_0] 0]
INFO: [Labtools 27-1434] Device xc7k160t (JTAG device index = 0) is programmed with a design that has no supported debug core(s) in it.
reset_run synth_1
WARNING: [Vivado 12-1017] Problems encountered:
1. Failed to delete one or more files in run directory C:/SOC/adder/adder.runs/synth_1

launch_runs impl_1 -to_step write_bitstream -jobs 6
[Wed Apr 17 15:57:20 2024] Launched synth_1...
Run output will be captured here: C:/SOC/adder/adder.runs/synth_1/runme.log
[Wed Apr 17 15:57:20 2024] Launched impl_1...
Run output will be captured here: C:/SOC/adder/adder.runs/impl_1/runme.log
set_property PROBES.FILE {} [get_hw_devices xc7k160t_0]
set_property FULL_PROBES.FILE {} [get_hw_devices xc7k160t_0]
set_property PROGRAM.FILE {C:/SOC/adder/adder.runs/impl_1/adder.bit} [get_hw_devices xc7k160t_0]
program_hw_devices [get_hw_devices xc7k160t_0]
INFO: [Labtools 27-3164] End of startup status: HIGH
refresh_hw_device [lindex [get_hw_devices xc7k160t_0] 0]
INFO: [Labtools 27-1434] Device xc7k160t (JTAG device index = 0) is programmed with a design that has no supported debug core(s) in it.
reset_run synth_1
WARNING: [Vivado 12-1017] Problems encountered:
1. Failed to delete one or more files in run directory C:/SOC/adder/adder.runs/synth_1

launch_runs impl_1 -to_step write_bitstream -jobs 6
[Wed Apr 17 16:00:04 2024] Launched synth_1...
Run output will be captured here: C:/SOC/adder/adder.runs/synth_1/runme.log
[Wed Apr 17 16:00:04 2024] Launched impl_1...
Run output will be captured here: C:/SOC/adder/adder.runs/impl_1/runme.log
reset_run synth_1
WARNING: [Vivado 12-1017] Problems encountered:
1. Failed to delete one or more files in run directory C:/SOC/adder/adder.runs/synth_1

launch_runs impl_1 -to_step write_bitstream -jobs 6
[Wed Apr 17 16:01:44 2024] Launched synth_1...
Run output will be captured here: C:/SOC/adder/adder.runs/synth_1/runme.log
[Wed Apr 17 16:01:44 2024] Launched impl_1...
Run output will be captured here: C:/SOC/adder/adder.runs/impl_1/runme.log
set_property PROBES.FILE {} [get_hw_devices xc7k160t_0]
set_property FULL_PROBES.FILE {} [get_hw_devices xc7k160t_0]
set_property PROGRAM.FILE {C:/SOC/adder/adder.runs/impl_1/adder.bit} [get_hw_devices xc7k160t_0]
program_hw_devices [get_hw_devices xc7k160t_0]
INFO: [Labtools 27-3164] End of startup status: HIGH
refresh_hw_device [lindex [get_hw_devices xc7k160t_0] 0]
INFO: [Labtools 27-1434] Device xc7k160t (JTAG device index = 0) is programmed with a design that has no supported debug core(s) in it.
reset_run synth_1
WARNING: [Vivado 12-1017] Problems encountered:
1. Failed to delete one or more files in run directory C:/SOC/adder/adder.runs/synth_1

launch_runs impl_1 -to_step write_bitstream -jobs 6
[Wed Apr 17 16:05:47 2024] Launched synth_1...
Run output will be captured here: C:/SOC/adder/adder.runs/synth_1/runme.log
[Wed Apr 17 16:05:47 2024] Launched impl_1...
Run output will be captured here: C:/SOC/adder/adder.runs/impl_1/runme.log
set_property PROBES.FILE {} [get_hw_devices xc7k160t_0]
set_property FULL_PROBES.FILE {} [get_hw_devices xc7k160t_0]
set_property PROGRAM.FILE {C:/SOC/adder/adder.runs/impl_1/adder.bit} [get_hw_devices xc7k160t_0]
program_hw_devices [get_hw_devices xc7k160t_0]
INFO: [Labtools 27-3164] End of startup status: HIGH
refresh_hw_device [lindex [get_hw_devices xc7k160t_0] 0]
INFO: [Labtools 27-1434] Device xc7k160t (JTAG device index = 0) is programmed with a design that has no supported debug core(s) in it.
reset_run synth_1
WARNING: [Vivado 12-1017] Problems encountered:
1. Failed to delete one or more files in run directory C:/SOC/adder/adder.runs/synth_1

launch_runs impl_1 -to_step write_bitstream -jobs 6
[Wed Apr 17 16:11:02 2024] Launched synth_1...
Run output will be captured here: C:/SOC/adder/adder.runs/synth_1/runme.log
[Wed Apr 17 16:11:02 2024] Launched impl_1...
Run output will be captured here: C:/SOC/adder/adder.runs/impl_1/runme.log
set_property PROBES.FILE {} [get_hw_devices xc7k160t_0]
set_property FULL_PROBES.FILE {} [get_hw_devices xc7k160t_0]
set_property PROGRAM.FILE {C:/SOC/adder/adder.runs/impl_1/adder.bit} [get_hw_devices xc7k160t_0]
program_hw_devices [get_hw_devices xc7k160t_0]
INFO: [Labtools 27-3164] End of startup status: HIGH
refresh_hw_device [lindex [get_hw_devices xc7k160t_0] 0]
INFO: [Labtools 27-1434] Device xc7k160t (JTAG device index = 0) is programmed with a design that has no supported debug core(s) in it.
reset_run synth_1
WARNING: [Vivado 12-1017] Problems encountered:
1. Failed to delete one or more files in run directory C:/SOC/adder/adder.runs/synth_1

launch_runs impl_1 -to_step write_bitstream -jobs 6
[Wed Apr 17 16:16:11 2024] Launched synth_1...
Run output will be captured here: C:/SOC/adder/adder.runs/synth_1/runme.log
[Wed Apr 17 16:16:11 2024] Launched impl_1...
Run output will be captured here: C:/SOC/adder/adder.runs/impl_1/runme.log
set_property PROBES.FILE {} [get_hw_devices xc7k160t_0]
set_property FULL_PROBES.FILE {} [get_hw_devices xc7k160t_0]
set_property PROGRAM.FILE {C:/SOC/adder/adder.runs/impl_1/adder.bit} [get_hw_devices xc7k160t_0]
program_hw_devices [get_hw_devices xc7k160t_0]
INFO: [Labtools 27-3164] End of startup status: HIGH
refresh_hw_device [lindex [get_hw_devices xc7k160t_0] 0]
INFO: [Labtools 27-1434] Device xc7k160t (JTAG device index = 0) is programmed with a design that has no supported debug core(s) in it.
reset_run synth_1
WARNING: [Vivado 12-1017] Problems encountered:
1. Failed to delete one or more files in run directory C:/SOC/adder/adder.runs/synth_1

launch_runs impl_1 -to_step write_bitstream -jobs 6
[Wed Apr 17 16:21:43 2024] Launched synth_1...
Run output will be captured here: C:/SOC/adder/adder.runs/synth_1/runme.log
[Wed Apr 17 16:21:43 2024] Launched impl_1...
Run output will be captured here: C:/SOC/adder/adder.runs/impl_1/runme.log
set_property PROBES.FILE {} [get_hw_devices xc7k160t_0]
set_property FULL_PROBES.FILE {} [get_hw_devices xc7k160t_0]
set_property PROGRAM.FILE {C:/SOC/adder/adder.runs/impl_1/adder.bit} [get_hw_devices xc7k160t_0]
program_hw_devices [get_hw_devices xc7k160t_0]
INFO: [Labtools 27-3164] End of startup status: HIGH
refresh_hw_device [lindex [get_hw_devices xc7k160t_0] 0]
INFO: [Labtools 27-1434] Device xc7k160t (JTAG device index = 0) is programmed with a design that has no supported debug core(s) in it.
set_property needs_refresh false [get_runs synth_1]
set_property needs_refresh false [get_runs impl_1]
reset_run impl_1 -prev_step 
launch_runs impl_1 -to_step write_bitstream -jobs 6
[Wed Apr 17 16:24:30 2024] Launched impl_1...
Run output will be captured here: C:/SOC/adder/adder.runs/impl_1/runme.log
set_property PROBES.FILE {} [get_hw_devices xc7k160t_0]
set_property FULL_PROBES.FILE {} [get_hw_devices xc7k160t_0]
set_property PROGRAM.FILE {C:/SOC/adder/adder.runs/impl_1/adder.bit} [get_hw_devices xc7k160t_0]
program_hw_devices [get_hw_devices xc7k160t_0]
INFO: [Labtools 27-3164] End of startup status: HIGH
refresh_hw_device [lindex [get_hw_devices xc7k160t_0] 0]
INFO: [Labtools 27-1434] Device xc7k160t (JTAG device index = 0) is programmed with a design that has no supported debug core(s) in it.
close [ open C:/SOC/adder/adder.srcs/sources_1/new/clk_div.vhd w ]
add_files C:/SOC/adder/adder.srcs/sources_1/new/clk_div.vhd
update_compile_order -fileset sources_1
update_compile_order -fileset sources_1
reset_run synth_1
WARNING: [Vivado 12-1017] Problems encountered:
1. Failed to delete one or more files in run directory C:/SOC/adder/adder.runs/synth_1

launch_runs impl_1 -to_step write_bitstream -jobs 6
[Wed Apr 17 16:34:18 2024] Launched synth_1...
Run output will be captured here: C:/SOC/adder/adder.runs/synth_1/runme.log
[Wed Apr 17 16:34:18 2024] Launched impl_1...
Run output will be captured here: C:/SOC/adder/adder.runs/impl_1/runme.log
reset_run synth_1
WARNING: [Vivado 12-1017] Problems encountered:
1. Failed to delete one or more files in run directory C:/SOC/adder/adder.runs/synth_1

launch_runs impl_1 -to_step write_bitstream -jobs 6
[Wed Apr 17 16:35:58 2024] Launched synth_1...
Run output will be captured here: C:/SOC/adder/adder.runs/synth_1/runme.log
[Wed Apr 17 16:35:58 2024] Launched impl_1...
Run output will be captured here: C:/SOC/adder/adder.runs/impl_1/runme.log
reset_run synth_1
WARNING: [Vivado 12-1017] Problems encountered:
1. Failed to delete one or more files in run directory C:/SOC/adder/adder.runs/synth_1

launch_runs impl_1 -to_step write_bitstream -jobs 6
[Wed Apr 17 16:38:28 2024] Launched synth_1...
Run output will be captured here: C:/SOC/adder/adder.runs/synth_1/runme.log
[Wed Apr 17 16:38:29 2024] Launched impl_1...
Run output will be captured here: C:/SOC/adder/adder.runs/impl_1/runme.log
reset_run synth_1
WARNING: [Vivado 12-1017] Problems encountered:
1. Failed to delete one or more files in run directory C:/SOC/adder/adder.runs/synth_1

launch_runs impl_1 -to_step write_bitstream -jobs 6
[Wed Apr 17 16:41:21 2024] Launched synth_1...
Run output will be captured here: C:/SOC/adder/adder.runs/synth_1/runme.log
[Wed Apr 17 16:41:21 2024] Launched impl_1...
Run output will be captured here: C:/SOC/adder/adder.runs/impl_1/runme.log
set_property PROBES.FILE {} [get_hw_devices xc7k160t_0]
set_property FULL_PROBES.FILE {} [get_hw_devices xc7k160t_0]
set_property PROGRAM.FILE {C:/SOC/adder/adder.runs/impl_1/adder.bit} [get_hw_devices xc7k160t_0]
program_hw_devices [get_hw_devices xc7k160t_0]
INFO: [Labtools 27-3164] End of startup status: HIGH
refresh_hw_device [lindex [get_hw_devices xc7k160t_0] 0]
INFO: [Labtools 27-1434] Device xc7k160t (JTAG device index = 0) is programmed with a design that has no supported debug core(s) in it.
set_property PROBES.FILE {} [get_hw_devices xc7k160t_0]
set_property FULL_PROBES.FILE {} [get_hw_devices xc7k160t_0]
set_property PROGRAM.FILE {C:/SOC/adder/adder.runs/impl_1/adder.bit} [get_hw_devices xc7k160t_0]
program_hw_devices [get_hw_devices xc7k160t_0]
INFO: [Labtools 27-3164] End of startup status: HIGH
refresh_hw_device [lindex [get_hw_devices xc7k160t_0] 0]
INFO: [Labtools 27-1434] Device xc7k160t (JTAG device index = 0) is programmed with a design that has no supported debug core(s) in it.
close_sim
INFO: [Simtcl 6-16] Simulation closed
exit
INFO: [Common 17-206] Exiting Vivado at Wed Apr 17 16:53:16 2024...
