Copyright 1986-2018 Xilinx, Inc. All Rights Reserved.
------------------------------------------------------------------------------------
| Tool Version : Vivado v.2018.3 (win64) Build 2405991 Thu Dec  6 23:38:27 MST 2018
| Date         : Mon May 29 15:24:44 2023
| Host         : DESKTOP-KBQP6FA running 64-bit major release  (build 9200)
| Command      : report_control_sets -verbose -file IR_control_sets_placed.rpt
| Design       : IR
| Device       : xc7k160t
------------------------------------------------------------------------------------

Control Set Information

Table of Contents
-----------------
1. Summary
2. Histogram
3. Flip-Flop Distribution
4. Detailed Control Set Information

1. Summary
----------

+----------------------------------------------------------+-------+
|                          Status                          | Count |
+----------------------------------------------------------+-------+
| Number of unique control sets                            |     5 |
| Unused register locations in slices containing registers |     8 |
+----------------------------------------------------------+-------+


2. Histogram
------------

+--------+--------------+
| Fanout | Control Sets |
+--------+--------------+
|      4 |            1 |
|      7 |            1 |
|      8 |            2 |
|    16+ |            1 |
+--------+--------------+


3. Flip-Flop Distribution
-------------------------

+--------------+-----------------------+------------------------+-----------------+--------------+
| Clock Enable | Synchronous Set/Reset | Asynchronous Set/Reset | Total Registers | Total Slices |
+--------------+-----------------------+------------------------+-----------------+--------------+
| No           | No                    | No                     |               0 |            0 |
| No           | No                    | Yes                    |              37 |           11 |
| No           | Yes                   | No                     |               0 |            0 |
| Yes          | No                    | No                     |               7 |            4 |
| Yes          | No                    | Yes                    |              20 |           13 |
| Yes          | Yes                   | No                     |               0 |            0 |
+--------------+-----------------------+------------------------+-----------------+--------------+


4. Detailed Control Set Information
-----------------------------------

+----------------+---------------+------------------+------------------+----------------+
|  Clock Signal  | Enable Signal | Set/Reset Signal | Slice Load Count | Bel Load Count |
+----------------+---------------+------------------+------------------+----------------+
|  clk_IBUF_BUFG | LD_IR2_IBUF   | rst_IBUF         |                2 |              4 |
|  clk_IBUF_BUFG | AR0           |                  |                4 |              7 |
|  clk_IBUF_BUFG | LD_IR3_IBUF   | rst_IBUF         |                6 |              8 |
|  clk_IBUF_BUFG | LD_IR1_IBUF   | rst_IBUF         |                5 |              8 |
|  clk_IBUF_BUFG |               | rst_IBUF         |               11 |             37 |
+----------------+---------------+------------------+------------------+----------------+


