#-----------------------------------------------------------
# Vivado v2018.3 (64-bit)
# SW Build 2405991 on Thu Dec  6 23:38:27 MST 2018
# IP Build 2404404 on Fri Dec  7 01:43:56 MST 2018
# Start of session at: Mon May 22 15:54:34 2023
# Process ID: 9320
# Current directory: C:/Users/Administrator/Desktop/333
# Command line: vivado.exe -gui_launcher_event rodinguilauncherevent8952 C:\Users\Administrator\Desktop\333\FIFOStorge.xpr
# Log file: C:/Users/Administrator/Desktop/333/vivado.log
# Journal file: C:/Users/Administrator/Desktop/333\vivado.jou
#-----------------------------------------------------------
start_gui
open_project C:/Users/Administrator/Desktop/333/FIFOStorge.xpr
INFO: [Project 1-313] Project file moved from 'E:/QuanCunDeXiWang/Vivado/SocWenjian/FIFOStorge' since last save.
Scanning sources...
Finished scanning sources
INFO: [IP_Flow 19-234] Refreshing IP repositories
INFO: [IP_Flow 19-1704] No user IP repositories specified
INFO: [IP_Flow 19-2313] Loaded Vivado IP repository 'C:/Xilinx/Vivado/2018.3/data/ip'.
update_compile_order -fileset sources_1
close [ open C:/Users/Administrator/Desktop/333/FIFOStorge.srcs/sources_1/new/XIAODOU.vhd w ]
add_files C:/Users/Administrator/Desktop/333/FIFOStorge.srcs/sources_1/new/XIAODOU.vhd
update_compile_order -fileset sources_1
update_compile_order -fileset sources_1
launch_runs synth_1 -jobs 3
[Mon May 22 16:54:22 2023] Launched synth_1...
Run output will be captured here: C:/Users/Administrator/Desktop/333/FIFOStorge.runs/synth_1/runme.log
launch_runs impl_1 -jobs 3
[Mon May 22 16:54:41 2023] Launched impl_1...
Run output will be captured here: C:/Users/Administrator/Desktop/333/FIFOStorge.runs/impl_1/runme.log
open_run impl_1
INFO: [Netlist 29-17] Analyzing 18 Unisim elements for replacement
INFO: [Netlist 29-28] Unisim Transformation completed in 0 CPU seconds
INFO: [Project 1-479] Netlist was created with Vivado 2018.3
INFO: [Device 21-403] Loading part xc7k160tfbg676-2
INFO: [Project 1-570] Preparing netlist for logic optimization
Reading XDEF placement.
Reading placer database...
Reading XDEF routing.
Read XDEF File: Time (s): cpu = 00:00:00 ; elapsed = 00:00:00.042 . Memory (MB): peak = 1023.773 ; gain = 0.348
Restored from archive | CPU: 0.000000 secs | Memory: 0.000000 MB |
Finished XDEF File Restore: Time (s): cpu = 00:00:00 ; elapsed = 00:00:00.042 . Memory (MB): peak = 1023.773 ; gain = 0.348
Netlist sorting complete. Time (s): cpu = 00:00:00 ; elapsed = 00:00:00 . Memory (MB): peak = 1023.832 ; gain = 0.000
INFO: [Project 1-111] Unisim Transformation Summary:
  A total of 2 instances were transformed.
  RAM32M => RAM32M (RAMD32, RAMD32, RAMD32, RAMD32, RAMD32, RAMD32, RAMS32, RAMS32): 2 instances

open_run: Time (s): cpu = 00:00:12 ; elapsed = 00:00:08 . Memory (MB): peak = 1155.137 ; gain = 416.902
WARNING: [Timing 38-313] There are no user specified timing constraints. Timing constraints are needed for proper timing analysis.
place_ports {dataIn[7]} A14
place_ports {dataIn[6]} D11
place_ports {dataIn[5]} E11
place_ports {dataIn[4]} D10
place_ports {dataIn[3]} F10
place_ports {dataIn[2]} G11
place_ports {dataIn[1]} B9
place_ports {dataIn[0]} C9
place_ports {dataOut[7]} C19
place_ports {dataOut[6]} B19
place_ports {dataOut[5]} C17
place_ports {dataOut[4]} C18
place_ports {dataOut[3]} D15
place_ports {dataOut[2]} D16
place_ports {dataOut[1]} H16
place_ports {dataOut[0]} G16
set_property IOSTANDARD LVCMOS33 [get_ports [list {dataOut[7]} {dataOut[6]} {dataOut[5]} {dataOut[4]} {dataOut[3]} {dataOut[2]} {dataOut[1]} {dataOut[0]}]]
set_property IOSTANDARD LVCMOS18 [get_ports [list {dataIn[7]} {dataIn[6]} {dataIn[5]} {dataIn[4]} {dataIn[3]} {dataIn[2]} {dataIn[1]} {dataIn[0]}]]
place_ports {segSel[7]} K21
place_ports {segSel[6]} L23
place_ports {segSel[5]} B25
place_ports {segSel[4]} B26
place_ports {segSel[3]} C24
place_ports {segSel[2]} D21
place_ports {segSel[1]} C22
place_ports {segSel[0]} B20
set_property IOSTANDARD LVCMOS33 [get_ports [list {segData[7]} {segData[6]} {segData[5]} {segData[4]} {segData[3]} {segData[2]} {segData[1]} {segData[0]}]]
place_ports {segData[7]} E26
place_ports {segData[6]} J26
place_ports {segData[5]} H26
place_ports {segData[4]} H21
place_ports {segData[3]} G21
place_ports {segData[2]} H23
place_ports {segData[1]} H24
place_ports {segData[0]} J21
set_property IOSTANDARD LVCMOS33 [get_ports [list {segSel[7]} {segSel[6]} {segSel[5]} {segSel[4]} {segSel[3]} {segSel[2]} {segSel[1]} {segSel[0]}]]
place_ports clk E10
place_ports clkk D9
place_ports empty K16
place_ports full L20
place_ports reEn J8
place_ports re J14
place_ports wrEn H9
place_ports wr H8
place_ports rst D8
startgroup
set_property package_pin "" [get_ports [list  clkk]]
place_ports rst2 D9
endgroup
place_ports rst G10
place_ports rst2 G9
place_ports clkk D9
set_property IOSTANDARD LVCMOS18 [get_ports [list clk]]
set_property IOSTANDARD LVCMOS18 [get_ports [list clkk]]
set_property IOSTANDARD LVCMOS33 [get_ports [list empty]]
set_property IOSTANDARD LVCMOS33 [get_ports [list full]]
set_property IOSTANDARD LVCMOS18 [get_ports [list re]]
set_property IOSTANDARD LVCMOS18 [get_ports [list reEn]]
set_property IOSTANDARD LVCMOS18 [get_ports [list rst2]]
set_property IOSTANDARD LVCMOS18 [get_ports [list rst]]
set_property IOSTANDARD LVCMOS18 [get_ports [list wr]]
set_property IOSTANDARD LVCMOS18 [get_ports [list wrEn]]
file mkdir C:/Users/Administrator/Desktop/333/FIFOStorge.srcs/constrs_1/new
close [ open C:/Users/Administrator/Desktop/333/FIFOStorge.srcs/constrs_1/new/PIN.xdc w ]
add_files -fileset constrs_1 C:/Users/Administrator/Desktop/333/FIFOStorge.srcs/constrs_1/new/PIN.xdc
set_property target_constrs_file C:/Users/Administrator/Desktop/333/FIFOStorge.srcs/constrs_1/new/PIN.xdc [current_fileset -constrset]
save_constraints -force
Netlist sorting complete. Time (s): cpu = 00:00:00 ; elapsed = 00:00:00.001 . Memory (MB): peak = 1686.406 ; gain = 0.000
reset_run synth_1
reset_run impl_1
launch_runs impl_1 -jobs 3
[Mon May 22 17:09:37 2023] Launched synth_1...
Run output will be captured here: C:/Users/Administrator/Desktop/333/FIFOStorge.runs/synth_1/runme.log
[Mon May 22 17:09:37 2023] Launched impl_1...
Run output will be captured here: C:/Users/Administrator/Desktop/333/FIFOStorge.runs/impl_1/runme.log
refresh_design
INFO: [Netlist 29-17] Analyzing 18 Unisim elements for replacement
INFO: [Netlist 29-28] Unisim Transformation completed in 0 CPU seconds
INFO: [Project 1-479] Netlist was created with Vivado 2018.3
INFO: [Project 1-570] Preparing netlist for logic optimization
INFO: [Timing 38-478] Restoring timing data from binary archive.
INFO: [Timing 38-479] Binary timing data restore complete.
INFO: [Project 1-856] Restoring constraints from binary archive.
INFO: [Project 1-853] Binary constraint restore complete.
Reading XDEF placement.
Reading placer database...
Reading XDEF routing.
Read XDEF File: Time (s): cpu = 00:00:00 ; elapsed = 00:00:00.043 . Memory (MB): peak = 1774.371 ; gain = 0.000
Restored from archive | CPU: 0.000000 secs | Memory: 0.000000 MB |
Finished XDEF File Restore: Time (s): cpu = 00:00:00 ; elapsed = 00:00:00.043 . Memory (MB): peak = 1774.371 ; gain = 0.000
WARNING: [Timing 38-313] There are no user specified timing constraints. Timing constraints are needed for proper timing analysis.
launch_runs impl_1 -to_step write_bitstream -jobs 3
[Mon May 22 17:11:06 2023] Launched impl_1...
Run output will be captured here: C:/Users/Administrator/Desktop/333/FIFOStorge.runs/impl_1/runme.log
open_hw
connect_hw_server
INFO: [Labtools 27-2285] Connecting to hw_server url TCP:localhost:3121
INFO: [Labtools 27-2222] Launching hw_server...
INFO: [Labtools 27-2221] Launch Output:

****** Xilinx hw_server v2018.3
  **** Build date : Dec  7 2018-00:40:27
    ** Copyright 1986-2018 Xilinx, Inc. All Rights Reserved.


open_hw_target
INFO: [Labtoolstcl 44-466] Opening hw_target localhost:3121/xilinx_tcf/Digilent/210203367162A
set_property PROGRAM.FILE {C:/Users/Administrator/Desktop/333/FIFOStorge.runs/impl_1/FIFOControl.bit} [get_hw_devices xc7k160t_0]
current_hw_device [get_hw_devices xc7k160t_0]
refresh_hw_device -update_hw_probes false [lindex [get_hw_devices xc7k160t_0] 0]
INFO: [Labtools 27-1434] Device xc7k160t (JTAG device index = 0) is programmed with a design that has no supported debug core(s) in it.
set_property PROBES.FILE {} [get_hw_devices xc7k160t_0]
set_property FULL_PROBES.FILE {} [get_hw_devices xc7k160t_0]
set_property PROGRAM.FILE {C:/Users/Administrator/Desktop/333/FIFOStorge.runs/impl_1/FIFOControl.bit} [get_hw_devices xc7k160t_0]
program_hw_devices [get_hw_devices xc7k160t_0]
INFO: [Labtools 27-3164] End of startup status: HIGH
refresh_hw_device [lindex [get_hw_devices xc7k160t_0] 0]
INFO: [Labtools 27-1434] Device xc7k160t (JTAG device index = 0) is programmed with a design that has no supported debug core(s) in it.
close_hw
exit
INFO: [Common 17-206] Exiting Vivado at Mon May 22 17:25:03 2023...
