#-----------------------------------------------------------
# Vivado v2019.2 (64-bit)
# SW Build 2708876 on Wed Nov  6 21:40:23 MST 2019
# IP Build 2700528 on Thu Nov  7 00:09:20 MST 2019
# Start of session at: Sat May 20 18:55:53 2023
# Process ID: 16488
# Current directory: C:/Users/akyna/Codes/vivado/rom
# Command line: vivado.exe -gui_launcher_event rodinguilauncherevent344 C:\Users\akyna\Codes\vivado\rom\rom.xpr
# Log file: C:/Users/akyna/Codes/vivado/rom/vivado.log
# Journal file: C:/Users/akyna/Codes/vivado/rom\vivado.jou
#-----------------------------------------------------------
start_gui
open_project C:/Users/akyna/Codes/vivado/rom/rom.xpr
INFO: [Project 1-313] Project file moved from 'C:/Codefield/CODE_VHDL/rom' since last save.
Scanning sources...
Finished scanning sources
INFO: [Project 1-230] Project 'rom.xpr' upgraded for this version of Vivado.
INFO: [IP_Flow 19-234] Refreshing IP repositories
INFO: [IP_Flow 19-1704] No user IP repositories specified
INFO: [IP_Flow 19-2313] Loaded Vivado IP repository 'C:/Xilinx/Vivado/2019.2/data/ip'.
open_project: Time (s): cpu = 00:00:03 ; elapsed = 00:00:05 . Memory (MB): peak = 758.930 ; gain = 111.250
update_compile_order -fileset sources_1
reset_run synth_1
launch_runs synth_1 -jobs 12
[Sat May 20 18:57:26 2023] Launched synth_1...
Run output will be captured here: C:/Users/akyna/Codes/vivado/rom/rom.runs/synth_1/runme.log
launch_runs impl_1 -jobs 12
[Sat May 20 18:58:10 2023] Launched impl_1...
Run output will be captured here: C:/Users/akyna/Codes/vivado/rom/rom.runs/impl_1/runme.log
open_run impl_1
INFO: [Device 21-403] Loading part xc7k160tfbg676-2
Netlist sorting complete. Time (s): cpu = 00:00:00 ; elapsed = 00:00:00.001 . Memory (MB): peak = 1116.809 ; gain = 0.000
INFO: [Netlist 29-17] Analyzing 12 Unisim elements for replacement
INFO: [Netlist 29-28] Unisim Transformation completed in 0 CPU seconds
INFO: [Project 1-479] Netlist was created with Vivado 2019.2
INFO: [Project 1-570] Preparing netlist for logic optimization
INFO: [Timing 38-478] Restoring timing data from binary archive.
INFO: [Timing 38-479] Binary timing data restore complete.
INFO: [Project 1-856] Restoring constraints from binary archive.
INFO: [Project 1-853] Binary constraint restore complete.
Reading XDEF placement.
Reading placer database...
Reading XDEF routing.
Read XDEF File: Time (s): cpu = 00:00:00 ; elapsed = 00:00:00.036 . Memory (MB): peak = 1793.402 ; gain = 0.000
Restored from archive | CPU: 0.000000 secs | Memory: 0.000000 MB |
Finished XDEF File Restore: Time (s): cpu = 00:00:00 ; elapsed = 00:00:00.036 . Memory (MB): peak = 1793.402 ; gain = 0.000
Netlist sorting complete. Time (s): cpu = 00:00:00 ; elapsed = 00:00:00 . Memory (MB): peak = 1793.402 ; gain = 0.000
INFO: [Project 1-111] Unisim Transformation Summary:
No Unisim elements were transformed.

open_run: Time (s): cpu = 00:00:14 ; elapsed = 00:00:20 . Memory (MB): peak = 1952.625 ; gain = 1126.996
WARNING: [Timing 38-313] There are no user specified timing constraints. Timing constraints are needed for proper timing analysis.
launch_runs impl_1 -to_step write_bitstream -jobs 12
[Sat May 20 19:00:23 2023] Launched impl_1...
Run output will be captured here: C:/Users/akyna/Codes/vivado/rom/rom.runs/impl_1/runme.log
open_hw_manager
connect_hw_server -allow_non_jtag
INFO: [Labtools 27-2285] Connecting to hw_server url TCP:localhost:3121
INFO: [Labtools 27-3415] Connecting to cs_server url TCP:localhost:3042
INFO: [Labtools 27-3414] Connected to existing cs_server.
open_hw_target
INFO: [Labtoolstcl 44-466] Opening hw_target localhost:3121/xilinx_tcf/Digilent/210203367162A
set_property PROGRAM.FILE {C:/Users/akyna/Codes/vivado/rom/rom.runs/impl_1/rom_dled.bit} [get_hw_devices xc7k160t_0]
current_hw_device [get_hw_devices xc7k160t_0]
refresh_hw_device -update_hw_probes false [lindex [get_hw_devices xc7k160t_0] 0]
INFO: [Labtools 27-1434] Device xc7k160t (JTAG device index = 0) is programmed with a design that has no supported debug core(s) in it.
set_property PROBES.FILE {} [get_hw_devices xc7k160t_0]
set_property FULL_PROBES.FILE {} [get_hw_devices xc7k160t_0]
set_property PROGRAM.FILE {C:/Users/akyna/Codes/vivado/rom/rom.runs/impl_1/rom_dled.bit} [get_hw_devices xc7k160t_0]
program_hw_devices [get_hw_devices xc7k160t_0]
INFO: [Labtools 27-3164] End of startup status: HIGH
refresh_hw_device [lindex [get_hw_devices xc7k160t_0] 0]
INFO: [Labtools 27-1434] Device xc7k160t (JTAG device index = 0) is programmed with a design that has no supported debug core(s) in it.
close_hw_manager
exit
INFO: [Common 17-206] Exiting Vivado at Sat May 20 19:46:40 2023...
