Copyright 1986-2018 Xilinx, Inc. All Rights Reserved.
------------------------------------------------------------------------------------
| Tool Version : Vivado v.2018.3 (win64) Build 2405991 Thu Dec  6 23:38:27 MST 2018
| Date         : Sat May 27 16:45:09 2023
| Host         : PC505-053 running 64-bit major release  (build 9200)
| Command      : report_control_sets -verbose -file Divider_control_sets_placed.rpt
| Design       : Divider
| Device       : xc7k160t
------------------------------------------------------------------------------------

Control Set Information

Table of Contents
-----------------
1. Summary
2. Histogram
3. Flip-Flop Distribution
4. Detailed Control Set Information

1. Summary
----------

+----------------------------------------------------------+-------+
|                          Status                          | Count |
+----------------------------------------------------------+-------+
| Number of unique control sets                            |    27 |
| Unused register locations in slices containing registers |   176 |
+----------------------------------------------------------+-------+


2. Histogram
------------

+--------+--------------+
| Fanout | Control Sets |
+--------+--------------+
|      1 |           24 |
|      6 |            1 |
|     10 |            1 |
|    16+ |            1 |
+--------+--------------+


3. Flip-Flop Distribution
-------------------------

+--------------+-----------------------+------------------------+-----------------+--------------+
| Clock Enable | Synchronous Set/Reset | Asynchronous Set/Reset | Total Registers | Total Slices |
+--------------+-----------------------+------------------------+-----------------+--------------+
| No           | No                    | No                     |              10 |            4 |
| No           | No                    | Yes                    |              14 |           10 |
| No           | Yes                   | No                     |               8 |            8 |
| Yes          | No                    | No                     |               0 |            0 |
| Yes          | No                    | Yes                    |              40 |           16 |
| Yes          | Yes                   | No                     |               0 |            0 |
+--------------+-----------------------+------------------------+-----------------+--------------+


4. Detailed Control Set Information
-----------------------------------

+------------------------------------+---------------+-----------------------------------+------------------+----------------+
|            Clock Signal            | Enable Signal |          Set/Reset Signal         | Slice Load Count | Bel Load Count |
+------------------------------------+---------------+-----------------------------------+------------------+----------------+
|  clk_IBUF_BUFG                     |               | dividend_value_reg[4]_LDC_i_2_n_0 |                1 |              1 |
|  clk_IBUF_BUFG                     |               | dividend_value_reg[2]_LDC_i_2_n_0 |                1 |              1 |
|  clk_IBUF_BUFG                     |               | dividend_value_reg[5]_LDC_i_2_n_0 |                1 |              1 |
|  clk_IBUF_BUFG                     |               | dividend_value_reg[0]_LDC_i_2_n_0 |                1 |              1 |
|  clk_IBUF_BUFG                     |               | dividend_value_reg[3]_LDC_i_2_n_0 |                1 |              1 |
|  clk_IBUF_BUFG                     |               | dividend_value_reg[7]_LDC_i_2_n_0 |                1 |              1 |
|  clk_IBUF_BUFG                     |               | dividend_value_reg[6]_LDC_i_2_n_0 |                1 |              1 |
|  clk_IBUF_BUFG                     |               | dividend_value_reg[1]_LDC_i_2_n_0 |                1 |              1 |
|  clk_IBUF_BUFG                     | p_2_in[3]     | dividend_value_reg[1]_LDC_i_1_n_0 |                1 |              1 |
|  clk_IBUF_BUFG                     | p_2_in[3]     | dividend_value_reg[2]_LDC_i_1_n_0 |                1 |              1 |
|  clk_IBUF_BUFG                     | p_2_in[3]     | dividend_value_reg[3]_LDC_i_1_n_0 |                1 |              1 |
|  clk_IBUF_BUFG                     | p_2_in[3]     | dividend_value_reg[0]_LDC_i_1_n_0 |                1 |              1 |
|  clk_IBUF_BUFG                     | p_2_in[9]     | dividend_value_reg[7]_LDC_i_1_n_0 |                1 |              1 |
|  clk_IBUF_BUFG                     | p_2_in[9]     | dividend_value_reg[5]_LDC_i_1_n_0 |                1 |              1 |
|  clk_IBUF_BUFG                     | p_2_in[9]     | dividend_value_reg[4]_LDC_i_1_n_0 |                1 |              1 |
|  clk_IBUF_BUFG                     | p_2_in[9]     | dividend_value_reg[6]_LDC_i_1_n_0 |                1 |              1 |
|  dividend_value_reg[7]_LDC_i_1_n_0 |               | dividend_value_reg[7]_LDC_i_2_n_0 |                1 |              1 |
|  dividend_value_reg[5]_LDC_i_1_n_0 |               | dividend_value_reg[5]_LDC_i_2_n_0 |                1 |              1 |
|  dividend_value_reg[1]_LDC_i_1_n_0 |               | dividend_value_reg[1]_LDC_i_2_n_0 |                1 |              1 |
|  dividend_value_reg[2]_LDC_i_1_n_0 |               | dividend_value_reg[2]_LDC_i_2_n_0 |                1 |              1 |
|  dividend_value_reg[3]_LDC_i_1_n_0 |               | dividend_value_reg[3]_LDC_i_2_n_0 |                1 |              1 |
|  dividend_value_reg[0]_LDC_i_1_n_0 |               | dividend_value_reg[0]_LDC_i_2_n_0 |                1 |              1 |
|  dividend_value_reg[4]_LDC_i_1_n_0 |               | dividend_value_reg[4]_LDC_i_2_n_0 |                1 |              1 |
|  dividend_value_reg[6]_LDC_i_1_n_0 |               | dividend_value_reg[6]_LDC_i_2_n_0 |                1 |              1 |
|  clk_IBUF_BUFG                     |               | load_IBUF_BUFG                    |                2 |              6 |
|  load_IBUF_BUFG                    |               |                                   |                4 |             10 |
|  clk_IBUF_BUFG                     | count         | load_IBUF_BUFG                    |                8 |             32 |
+------------------------------------+---------------+-----------------------------------+------------------+----------------+


