
*** Running vivado
    with args -log sp_top.vds -m64 -product Vivado -mode batch -messageDb vivado.pb -notrace -source sp_top.tcl


****** Vivado v2018.3 (64-bit)
  **** SW Build 2405991 on Thu Dec  6 23:38:27 MST 2018
  **** IP Build 2404404 on Fri Dec  7 01:43:56 MST 2018
    ** Copyright 1986-2018 Xilinx, Inc. All Rights Reserved.

source sp_top.tcl -notrace
Command: synth_design -top sp_top -part xc7k160tfbg676-2
Starting synth_design
Attempting to get a license for feature 'Synthesis' and/or device 'xc7k160t'
INFO: [Common 17-349] Got license for feature 'Synthesis' and/or device 'xc7k160t'
INFO: Launching helper process for spawning children vivado processes
INFO: Helper process launched with PID 8616 
---------------------------------------------------------------------------------
Starting RTL Elaboration : Time (s): cpu = 00:00:02 ; elapsed = 00:00:02 . Memory (MB): peak = 349.680 ; gain = 84.621
---------------------------------------------------------------------------------
INFO: [Synth 8-638] synthesizing module 'sp_top' [F:/soc/SP/SP.srcs/sources_1/new/sp_top.vhd:21]
INFO: [Synth 8-3491] module 'module_SP' declared at 'F:/soc/SP/SP.srcs/sources_1/imports/Desktop/module_SP/module_SP/module_SP.srcs/sources_1/new/module_SP.vhd:10' bound to instance 'mySP' of component 'module_SP' [F:/soc/SP/SP.srcs/sources_1/new/sp_top.vhd:48]
INFO: [Synth 8-638] synthesizing module 'module_SP' [F:/soc/SP/SP.srcs/sources_1/imports/Desktop/module_SP/module_SP/module_SP.srcs/sources_1/new/module_SP.vhd:23]
INFO: [Synth 8-256] done synthesizing module 'module_SP' (1#1) [F:/soc/SP/SP.srcs/sources_1/imports/Desktop/module_SP/module_SP/module_SP.srcs/sources_1/new/module_SP.vhd:23]
INFO: [Synth 8-3491] module 'seg_dis_keyin' declared at 'F:/soc/SP/SP.srcs/sources_1/imports/Desktop/imports/new/seg_dis_keyin.vhd:5' bound to instance 'disp' of component 'seg_dis_keyin' [F:/soc/SP/SP.srcs/sources_1/new/sp_top.vhd:49]
INFO: [Synth 8-638] synthesizing module 'seg_dis_keyin' [F:/soc/SP/SP.srcs/sources_1/imports/Desktop/imports/new/seg_dis_keyin.vhd:16]
INFO: [Synth 8-3491] module 'seg_dis' declared at 'F:/soc/SP/SP.srcs/sources_1/imports/Desktop/imports/new/seg_dis.vhd:4' bound to instance 'U1' of component 'seg_dis' [F:/soc/SP/SP.srcs/sources_1/imports/Desktop/imports/new/seg_dis_keyin.vhd:53]
INFO: [Synth 8-638] synthesizing module 'seg_dis' [F:/soc/SP/SP.srcs/sources_1/imports/Desktop/imports/new/seg_dis.vhd:18]
INFO: [Synth 8-226] default block is never used [F:/soc/SP/SP.srcs/sources_1/imports/Desktop/imports/new/seg_dis.vhd:50]
INFO: [Synth 8-3491] module 'data2seg' declared at 'F:/soc/SP/SP.srcs/sources_1/imports/Desktop/imports/new/data2seg.vhd:4' bound to instance 'U1' of component 'data2seg' [F:/soc/SP/SP.srcs/sources_1/imports/Desktop/imports/new/seg_dis.vhd:169]
INFO: [Synth 8-638] synthesizing module 'data2seg' [F:/soc/SP/SP.srcs/sources_1/imports/Desktop/imports/new/data2seg.vhd:12]
INFO: [Synth 8-226] default block is never used [F:/soc/SP/SP.srcs/sources_1/imports/Desktop/imports/new/data2seg.vhd:16]
INFO: [Synth 8-256] done synthesizing module 'data2seg' (2#1) [F:/soc/SP/SP.srcs/sources_1/imports/Desktop/imports/new/data2seg.vhd:12]
INFO: [Synth 8-256] done synthesizing module 'seg_dis' (3#1) [F:/soc/SP/SP.srcs/sources_1/imports/Desktop/imports/new/seg_dis.vhd:18]
INFO: [Synth 8-256] done synthesizing module 'seg_dis_keyin' (4#1) [F:/soc/SP/SP.srcs/sources_1/imports/Desktop/imports/new/seg_dis_keyin.vhd:16]
INFO: [Synth 8-256] done synthesizing module 'sp_top' (5#1) [F:/soc/SP/SP.srcs/sources_1/new/sp_top.vhd:21]
---------------------------------------------------------------------------------
Finished RTL Elaboration : Time (s): cpu = 00:00:03 ; elapsed = 00:00:03 . Memory (MB): peak = 405.781 ; gain = 140.723
---------------------------------------------------------------------------------

Report Check Netlist: 
+------+------------------+-------+---------+-------+------------------+
|      |Item              |Errors |Warnings |Status |Description       |
+------+------------------+-------+---------+-------+------------------+
|1     |multi_driven_nets |      0|        0|Passed |Multi driven nets |
+------+------------------+-------+---------+-------+------------------+
---------------------------------------------------------------------------------
Start Handling Custom Attributes
---------------------------------------------------------------------------------
---------------------------------------------------------------------------------
Finished Handling Custom Attributes : Time (s): cpu = 00:00:03 ; elapsed = 00:00:03 . Memory (MB): peak = 405.781 ; gain = 140.723
---------------------------------------------------------------------------------
---------------------------------------------------------------------------------
Finished RTL Optimization Phase 1 : Time (s): cpu = 00:00:03 ; elapsed = 00:00:03 . Memory (MB): peak = 405.781 ; gain = 140.723
---------------------------------------------------------------------------------
INFO: [Device 21-403] Loading part xc7k160tfbg676-2
INFO: [Project 1-570] Preparing netlist for logic optimization

Processing XDC Constraints
Initializing timing engine
Parsing XDC File [F:/soc/SP/SP.srcs/constrs_1/new/CONS.xdc]
Finished Parsing XDC File [F:/soc/SP/SP.srcs/constrs_1/new/CONS.xdc]
INFO: [Project 1-236] Implementation specific constraints were found while reading constraint file [F:/soc/SP/SP.srcs/constrs_1/new/CONS.xdc]. These constraints will be ignored for synthesis but will be used in implementation. Impacted constraints are listed in the file [.Xil/sp_top_propImpl.xdc].
Resolution: To avoid this warning, move constraints listed in [.Xil/sp_top_propImpl.xdc] to another XDC file and exclude this new file from synthesis with the used_in_synthesis property (File Properties dialog in GUI) and re-run elaboration/synthesis.
Netlist sorting complete. Time (s): cpu = 00:00:00 ; elapsed = 00:00:00 . Memory (MB): peak = 748.703 ; gain = 0.000
Completed Processing XDC Constraints

Netlist sorting complete. Time (s): cpu = 00:00:00 ; elapsed = 00:00:00 . Memory (MB): peak = 748.703 ; gain = 0.000
INFO: [Project 1-111] Unisim Transformation Summary:
No Unisim elements were transformed.

Netlist sorting complete. Time (s): cpu = 00:00:00 ; elapsed = 00:00:00 . Memory (MB): peak = 748.703 ; gain = 0.000
Constraint Validation Runtime : Time (s): cpu = 00:00:00 ; elapsed = 00:00:00.002 . Memory (MB): peak = 748.703 ; gain = 0.000
---------------------------------------------------------------------------------
Finished Constraint Validation : Time (s): cpu = 00:00:09 ; elapsed = 00:00:10 . Memory (MB): peak = 748.703 ; gain = 483.645
---------------------------------------------------------------------------------
---------------------------------------------------------------------------------
Start Loading Part and Timing Information
---------------------------------------------------------------------------------
Loading part: xc7k160tfbg676-2
---------------------------------------------------------------------------------
Finished Loading Part and Timing Information : Time (s): cpu = 00:00:09 ; elapsed = 00:00:10 . Memory (MB): peak = 748.703 ; gain = 483.645
---------------------------------------------------------------------------------
---------------------------------------------------------------------------------
Start Applying 'set_property' XDC Constraints
---------------------------------------------------------------------------------
---------------------------------------------------------------------------------
Finished applying 'set_property' XDC Constraints : Time (s): cpu = 00:00:09 ; elapsed = 00:00:10 . Memory (MB): peak = 748.703 ; gain = 483.645
---------------------------------------------------------------------------------
INFO: [Synth 8-5818] HDL ADVISOR - The operator resource <adder> is shared. To prevent sharing consider applying a KEEP on the output of the operator [F:/soc/SP/SP.srcs/sources_1/imports/Desktop/module_SP/module_SP/module_SP.srcs/sources_1/new/module_SP.vhd:34]
INFO: [Synth 8-802] inferred FSM for state register 'C_S_reg' in module 'seg_dis'
INFO: [Synth 8-5544] ROM "seg_sel" won't be mapped to Block RAM because address size (4) smaller than threshold (5)
INFO: [Synth 8-5544] ROM "N_S" won't be mapped to Block RAM because address size (1) smaller than threshold (5)
INFO: [Synth 8-5544] ROM "N_S" won't be mapped to Block RAM because address size (1) smaller than threshold (5)
INFO: [Synth 8-5544] ROM "N_S" won't be mapped to Block RAM because address size (1) smaller than threshold (5)
INFO: [Synth 8-5544] ROM "N_S" won't be mapped to Block RAM because address size (1) smaller than threshold (5)
INFO: [Synth 8-5544] ROM "N_S" won't be mapped to Block RAM because address size (1) smaller than threshold (5)
INFO: [Synth 8-5544] ROM "N_S" won't be mapped to Block RAM because address size (1) smaller than threshold (5)
INFO: [Synth 8-5544] ROM "N_S" won't be mapped to Block RAM because address size (1) smaller than threshold (5)
INFO: [Synth 8-5544] ROM "N_S" won't be mapped to Block RAM because address size (1) smaller than threshold (5)
INFO: [Synth 8-5544] ROM "N_S" won't be mapped to Block RAM because address size (1) smaller than threshold (5)
INFO: [Synth 8-5544] ROM "N_S" won't be mapped to Block RAM because address size (1) smaller than threshold (5)
INFO: [Synth 8-5544] ROM "N_S" won't be mapped to Block RAM because address size (1) smaller than threshold (5)
INFO: [Synth 8-5544] ROM "N_S" won't be mapped to Block RAM because address size (1) smaller than threshold (5)
INFO: [Synth 8-5544] ROM "N_S" won't be mapped to Block RAM because address size (1) smaller than threshold (5)
INFO: [Synth 8-5544] ROM "N_S" won't be mapped to Block RAM because address size (1) smaller than threshold (5)
INFO: [Synth 8-5544] ROM "N_S" won't be mapped to Block RAM because address size (1) smaller than threshold (5)
---------------------------------------------------------------------------------------------------
                   State |                     New Encoding |                Previous Encoding 
---------------------------------------------------------------------------------------------------
                   init0 |                             0000 |                             0000
                   init1 |                             0001 |                             0001
                   init2 |                             0010 |                             0010
                   init3 |                             0011 |                             0011
                   init4 |                             0100 |                             0100
                   init5 |                             0101 |                             0101
                   init6 |                             0110 |                             0110
                   init7 |                             0111 |                             0111
                   init8 |                             1000 |                             1000
                   init9 |                             1001 |                             1001
                  init10 |                             1010 |                             1010
                  init11 |                             1011 |                             1011
                  init12 |                             1100 |                             1100
                  init13 |                             1101 |                             1101
                  init14 |                             1110 |                             1110
                  init15 |                             1111 |                             1111
---------------------------------------------------------------------------------------------------
INFO: [Synth 8-3354] encoded FSM with state register 'C_S_reg' using encoding 'sequential' in module 'seg_dis'
---------------------------------------------------------------------------------
Finished RTL Optimization Phase 2 : Time (s): cpu = 00:00:09 ; elapsed = 00:00:11 . Memory (MB): peak = 748.703 ; gain = 483.645
---------------------------------------------------------------------------------

Report RTL Partitions: 
+-+--------------+------------+----------+
| |RTL Partition |Replication |Instances |
+-+--------------+------------+----------+
+-+--------------+------------+----------+
---------------------------------------------------------------------------------
Start RTL Component Statistics 
---------------------------------------------------------------------------------
Detailed RTL Component Info : 
+---Adders : 
	   2 Input     32 Bit       Adders := 1     
	   2 Input      8 Bit       Adders := 2     
+---Registers : 
	                8 Bit    Registers := 2     
	                1 Bit    Registers := 1     
+---Muxes : 
	  16 Input     16 Bit        Muxes := 1     
	   2 Input      8 Bit        Muxes := 2     
	  16 Input      4 Bit        Muxes := 2     
	   2 Input      4 Bit        Muxes := 16    
	   2 Input      2 Bit        Muxes := 2     
	   2 Input      1 Bit        Muxes := 2     
---------------------------------------------------------------------------------
Finished RTL Component Statistics 
---------------------------------------------------------------------------------
---------------------------------------------------------------------------------
Start RTL Hierarchical Component Statistics 
---------------------------------------------------------------------------------
Hierarchical RTL Component report 
Module module_SP 
Detailed RTL Component Info : 
+---Adders : 
	   2 Input      8 Bit       Adders := 2     
+---Registers : 
	                8 Bit    Registers := 2     
+---Muxes : 
	   2 Input      8 Bit        Muxes := 2     
	   2 Input      2 Bit        Muxes := 2     
	   2 Input      1 Bit        Muxes := 2     
Module seg_dis 
Detailed RTL Component Info : 
+---Adders : 
	   2 Input     32 Bit       Adders := 1     
+---Registers : 
	                1 Bit    Registers := 1     
+---Muxes : 
	  16 Input     16 Bit        Muxes := 1     
	  16 Input      4 Bit        Muxes := 2     
	   2 Input      4 Bit        Muxes := 16    
---------------------------------------------------------------------------------
Finished RTL Hierarchical Component Statistics
---------------------------------------------------------------------------------
---------------------------------------------------------------------------------
Start Part Resource Summary
---------------------------------------------------------------------------------
Part Resources:
DSPs: 600 (col length:100)
BRAMs: 650 (col length: RAMB18 100 RAMB36 50)
---------------------------------------------------------------------------------
Finished Part Resource Summary
---------------------------------------------------------------------------------
---------------------------------------------------------------------------------
Start Cross Boundary and Area Optimization
---------------------------------------------------------------------------------
Warning: Parallel synthesis criteria is not met 
---------------------------------------------------------------------------------
Finished Cross Boundary and Area Optimization : Time (s): cpu = 00:00:10 ; elapsed = 00:00:12 . Memory (MB): peak = 748.703 ; gain = 483.645
---------------------------------------------------------------------------------

Report RTL Partitions: 
+-+--------------+------------+----------+
| |RTL Partition |Replication |Instances |
+-+--------------+------------+----------+
+-+--------------+------------+----------+
---------------------------------------------------------------------------------
Start Applying XDC Timing Constraints
---------------------------------------------------------------------------------
---------------------------------------------------------------------------------
Finished Applying XDC Timing Constraints : Time (s): cpu = 00:00:16 ; elapsed = 00:00:18 . Memory (MB): peak = 757.254 ; gain = 492.195
---------------------------------------------------------------------------------
---------------------------------------------------------------------------------
Start Timing Optimization
---------------------------------------------------------------------------------
---------------------------------------------------------------------------------
Finished Timing Optimization : Time (s): cpu = 00:00:16 ; elapsed = 00:00:18 . Memory (MB): peak = 757.402 ; gain = 492.344
---------------------------------------------------------------------------------

Report RTL Partitions: 
+-+--------------+------------+----------+
| |RTL Partition |Replication |Instances |
+-+--------------+------------+----------+
+-+--------------+------------+----------+
---------------------------------------------------------------------------------
Start Technology Mapping
---------------------------------------------------------------------------------
---------------------------------------------------------------------------------
Finished Technology Mapping : Time (s): cpu = 00:00:16 ; elapsed = 00:00:18 . Memory (MB): peak = 778.125 ; gain = 513.066
---------------------------------------------------------------------------------

Report RTL Partitions: 
+-+--------------+------------+----------+
| |RTL Partition |Replication |Instances |
+-+--------------+------------+----------+
+-+--------------+------------+----------+
---------------------------------------------------------------------------------
Start IO Insertion
---------------------------------------------------------------------------------
---------------------------------------------------------------------------------
Start Flattening Before IO Insertion
---------------------------------------------------------------------------------
---------------------------------------------------------------------------------
Finished Flattening Before IO Insertion
---------------------------------------------------------------------------------
---------------------------------------------------------------------------------
Start Final Netlist Cleanup
---------------------------------------------------------------------------------
---------------------------------------------------------------------------------
Finished Final Netlist Cleanup
---------------------------------------------------------------------------------
---------------------------------------------------------------------------------
Finished IO Insertion : Time (s): cpu = 00:00:17 ; elapsed = 00:00:19 . Memory (MB): peak = 778.125 ; gain = 513.066
---------------------------------------------------------------------------------

Report Check Netlist: 
+------+------------------+-------+---------+-------+------------------+
|      |Item              |Errors |Warnings |Status |Description       |
+------+------------------+-------+---------+-------+------------------+
|1     |multi_driven_nets |      0|        0|Passed |Multi driven nets |
+------+------------------+-------+---------+-------+------------------+
---------------------------------------------------------------------------------
Start Renaming Generated Instances
---------------------------------------------------------------------------------
---------------------------------------------------------------------------------
Finished Renaming Generated Instances : Time (s): cpu = 00:00:17 ; elapsed = 00:00:19 . Memory (MB): peak = 778.125 ; gain = 513.066
---------------------------------------------------------------------------------

Report RTL Partitions: 
+-+--------------+------------+----------+
| |RTL Partition |Replication |Instances |
+-+--------------+------------+----------+
+-+--------------+------------+----------+
---------------------------------------------------------------------------------
Start Rebuilding User Hierarchy
---------------------------------------------------------------------------------
---------------------------------------------------------------------------------
Finished Rebuilding User Hierarchy : Time (s): cpu = 00:00:17 ; elapsed = 00:00:19 . Memory (MB): peak = 778.125 ; gain = 513.066
---------------------------------------------------------------------------------
---------------------------------------------------------------------------------
Start Renaming Generated Ports
---------------------------------------------------------------------------------
---------------------------------------------------------------------------------
Finished Renaming Generated Ports : Time (s): cpu = 00:00:17 ; elapsed = 00:00:19 . Memory (MB): peak = 778.125 ; gain = 513.066
---------------------------------------------------------------------------------
---------------------------------------------------------------------------------
Start Handling Custom Attributes
---------------------------------------------------------------------------------
---------------------------------------------------------------------------------
Finished Handling Custom Attributes : Time (s): cpu = 00:00:17 ; elapsed = 00:00:19 . Memory (MB): peak = 778.125 ; gain = 513.066
---------------------------------------------------------------------------------
---------------------------------------------------------------------------------
Start Renaming Generated Nets
---------------------------------------------------------------------------------
---------------------------------------------------------------------------------
Finished Renaming Generated Nets : Time (s): cpu = 00:00:17 ; elapsed = 00:00:19 . Memory (MB): peak = 778.125 ; gain = 513.066
---------------------------------------------------------------------------------
---------------------------------------------------------------------------------
Start Writing Synthesis Report
---------------------------------------------------------------------------------

Report BlackBoxes: 
+-+--------------+----------+
| |BlackBox name |Instances |
+-+--------------+----------+
+-+--------------+----------+

Report Cell Usage: 
+------+-------+------+
|      |Cell   |Count |
+------+-------+------+
|1     |BUFG   |     2|
|2     |CARRY4 |    20|
|3     |LUT1   |     2|
|4     |LUT2   |    47|
|5     |LUT3   |    16|
|6     |LUT4   |    27|
|7     |LUT5   |     3|
|8     |LUT6   |    10|
|9     |FDCE   |    45|
|10    |FDRE   |     8|
|11    |IBUF   |    15|
|12    |OBUF   |    24|
+------+-------+------+

Report Instance Areas: 
+------+---------+--------------+------+
|      |Instance |Module        |Cells |
+------+---------+--------------+------+
|1     |top      |              |   219|
|2     |  disp   |seg_dis_keyin |   124|
|3     |    U1   |seg_dis       |   124|
|4     |  mySP   |module_SP     |    54|
+------+---------+--------------+------+
---------------------------------------------------------------------------------
Finished Writing Synthesis Report : Time (s): cpu = 00:00:17 ; elapsed = 00:00:19 . Memory (MB): peak = 778.125 ; gain = 513.066
---------------------------------------------------------------------------------
Synthesis finished with 0 errors, 0 critical warnings and 0 warnings.
Synthesis Optimization Runtime : Time (s): cpu = 00:00:10 ; elapsed = 00:00:14 . Memory (MB): peak = 778.125 ; gain = 170.145
Synthesis Optimization Complete : Time (s): cpu = 00:00:17 ; elapsed = 00:00:19 . Memory (MB): peak = 778.125 ; gain = 513.066
INFO: [Project 1-571] Translating synthesized netlist
INFO: [Netlist 29-17] Analyzing 20 Unisim elements for replacement
INFO: [Netlist 29-28] Unisim Transformation completed in 0 CPU seconds
INFO: [Project 1-570] Preparing netlist for logic optimization
INFO: [Opt 31-138] Pushed 0 inverter(s) to 0 load pin(s).
Netlist sorting complete. Time (s): cpu = 00:00:00 ; elapsed = 00:00:00 . Memory (MB): peak = 781.176 ; gain = 0.000
INFO: [Project 1-111] Unisim Transformation Summary:
No Unisim elements were transformed.

INFO: [Common 17-83] Releasing license: Synthesis
47 Infos, 0 Warnings, 0 Critical Warnings and 0 Errors encountered.
synth_design completed successfully
synth_design: Time (s): cpu = 00:00:18 ; elapsed = 00:00:21 . Memory (MB): peak = 781.176 ; gain = 516.117
Netlist sorting complete. Time (s): cpu = 00:00:00 ; elapsed = 00:00:00 . Memory (MB): peak = 781.176 ; gain = 0.000
WARNING: [Constraints 18-5210] No constraints selected for write.
Resolution: This message can indicate that there are no constraints for the design, or it can indicate that the used_in flags are set such that the constraints are ignored. This later case is used when running synth_design to not write synthesis constraints to the resulting checkpoint. Instead, project constraints are read when the synthesized design is opened.
INFO: [Common 17-1381] The checkpoint 'F:/soc/SP/SP.runs/synth_1/sp_top.dcp' has been generated.
INFO: [runtcl-4] Executing : report_utilization -file sp_top_utilization_synth.rpt -pb sp_top_utilization_synth.pb
INFO: [Common 17-206] Exiting Vivado at Thu May  5 15:40:36 2022...
