#-----------------------------------------------------------
# Vivado v2018.3 (64-bit)
# SW Build 2405991 on Thu Dec  6 23:38:27 MST 2018
# IP Build 2404404 on Fri Dec  7 01:43:56 MST 2018
# Start of session at: Sat Apr 30 17:43:49 2022
# Process ID: 12240
# Current directory: D:/SOC/kyle/3_8decoder
# Command line: vivado.exe -gui_launcher_event rodinguilauncherevent12128 D:\SOC\kyle\3_8decoder\3_8decoder.xpr
# Log file: D:/SOC/kyle/3_8decoder/vivado.log
# Journal file: D:/SOC/kyle/3_8decoder\vivado.jou
#-----------------------------------------------------------
start_gui
open_project D:/SOC/kyle/3_8decoder/3_8decoder.xpr
Scanning sources...
Finished scanning sources
INFO: [IP_Flow 19-234] Refreshing IP repositories
INFO: [IP_Flow 19-1704] No user IP repositories specified
INFO: [IP_Flow 19-2313] Loaded Vivado IP repository 'C:/Xilinx/Vivado/2018.3/data/ip'.
update_compile_order -fileset sources_1
exit
INFO: [Common 17-206] Exiting Vivado at Sat Apr 30 17:50:30 2022...
