Vivado Simulator 2018.3
Copyright 1986-1999, 2001-2018 Xilinx, Inc. All Rights Reserved.
Running: D:/Xilinx/Vivado/2018.3/bin/unwrapped/win64.o/xelab.exe -wto 625fe6caa4c14cf9995ae7675e93a514 --incr --debug typical --relax --mt 2 -L xil_defaultlib -L secureip --snapshot IO_test_bench_behav xil_defaultlib.IO_test_bench -log elaborate.log 
Using 2 slave threads.
Starting static elaboration
Completed static elaboration
Starting simulation data flow analysis
Completed simulation data flow analysis
Time Resolution for simulation is 1ps
Compiling package std.standard
Compiling package std.textio
Compiling package ieee.std_logic_1164
Compiling package ieee.std_logic_arith
Compiling package ieee.std_logic_unsigned
Compiling architecture behavioral of entity xil_defaultlib.PC_IO [pc_io_default]
Compiling architecture behavioral of entity xil_defaultlib.data2seg [data2seg_default]
Compiling architecture behavioral of entity xil_defaultlib.seg_dis [seg_dis_default]
Compiling architecture behavioral of entity xil_defaultlib.seg_dis_keyin [seg_dis_keyin_default]
Compiling architecture behavioral of entity xil_defaultlib.IO_top [io_top_default]
Compiling architecture behavioral of entity xil_defaultlib.io_test_bench
Built simulation snapshot IO_test_bench_behav
