#-----------------------------------------------------------
# Vivado v2018.3 (64-bit)
# SW Build 2405991 on Thu Dec  6 23:38:27 MST 2018
# IP Build 2404404 on Fri Dec  7 01:43:56 MST 2018
# Start of session at: Wed Apr 23 15:45:37 2025
# Process ID: 2528
# Current directory: C:/Users/Administrator/Desktop/RN
# Command line: vivado.exe -gui_launcher_event rodinguilauncherevent1784 C:\Users\Administrator\Desktop\RN\RN.xpr
# Log file: C:/Users/Administrator/Desktop/RN/vivado.log
# Journal file: C:/Users/Administrator/Desktop/RN\vivado.jou
#-----------------------------------------------------------
start_gui
open_project C:/Users/Administrator/Desktop/RN/RN.xpr
INFO: [Project 1-313] Project file moved from 'D:/soc/EXPERIMENT/RN' since last save.
Scanning sources...
Finished scanning sources
INFO: [IP_Flow 19-234] Refreshing IP repositories
INFO: [IP_Flow 19-1704] No user IP repositories specified
INFO: [IP_Flow 19-2313] Loaded Vivado IP repository 'C:/Xilinx/Vivado/2018.3/data/ip'.
update_compile_order -fileset sources_1
exit
INFO: [Common 17-206] Exiting Vivado at Wed Apr 23 15:57:18 2025...
