Copyright 1986-2018 Xilinx, Inc. All Rights Reserved.
-------------------------------------------------------------------------------------------------------------------------------
| Tool Version     : Vivado v.2018.3 (win64) Build 2405991 Thu Dec  6 23:38:27 MST 2018
| Date             : Wed Apr 24 10:45:51 2024
| Host             : SWQ2003 running 64-bit major release  (build 9200)
| Command          : report_power -file RAM_power_routed.rpt -pb RAM_power_summary_routed.pb -rpx RAM_power_routed.rpx
| Design           : RAM
| Device           : xc7k160tfbg676-2
| Design State     : routed
| Grade            : commercial
| Process          : typical
| Characterization : Production
-------------------------------------------------------------------------------------------------------------------------------

Power Report

Table of Contents
-----------------
1. Summary
1.1 On-Chip Components
1.2 Power Supply Summary
1.3 Confidence Level
2. Settings
2.1 Environment
2.2 Clock Constraints
3. Detailed Reports
3.1 By Hierarchy

1. Summary
----------

+--------------------------+--------------+
| Total On-Chip Power (W)  | 2.393        |
| Design Power Budget (W)  | Unspecified* |
| Power Budget Margin (W)  | NA           |
| Dynamic (W)              | 2.271        |
| Device Static (W)        | 0.122        |
| Effective TJA (C/W)      | 1.9          |
| Max Ambient (C)          | 80.5         |
| Junction Temperature (C) | 29.5         |
| Confidence Level         | Low          |
| Setting File             | ---          |
| Simulation Activity File | ---          |
| Design Nets Matched      | NA           |
+--------------------------+--------------+
* Specify Design Power Budget using, set_operating_conditions -design_power_budget <value in Watts>


1.1 On-Chip Components
----------------------

+--------------------------+-----------+----------+-----------+-----------------+
| On-Chip                  | Power (W) | Used     | Available | Utilization (%) |
+--------------------------+-----------+----------+-----------+-----------------+
| Slice Logic              |     0.110 |       73 |       --- |             --- |
|   LUT as Logic           |     0.069 |       18 |    101400 |            0.02 |
|   LUT as Distributed RAM |     0.031 |       32 |     35000 |            0.09 |
|   BUFG                   |     0.006 |        1 |        32 |            3.13 |
|   Register               |     0.004 |       16 |    202800 |           <0.01 |
|   Others                 |     0.000 |        2 |       --- |             --- |
| Signals                  |     0.325 |       83 |       --- |             --- |
| I/O                      |     1.837 |       28 |       400 |            7.00 |
| Static Power             |     0.122 |          |           |                 |
| Total                    |     2.393 |          |           |                 |
+--------------------------+-----------+----------+-----------+-----------------+


1.2 Power Supply Summary
------------------------

+-----------+-------------+-----------+-------------+------------+
| Source    | Voltage (V) | Total (A) | Dynamic (A) | Static (A) |
+-----------+-------------+-----------+-------------+------------+
| Vccint    |       1.000 |     0.559 |       0.511 |      0.048 |
| Vccaux    |       1.800 |     0.083 |       0.065 |      0.018 |
| Vcco33    |       3.300 |     0.499 |       0.498 |      0.001 |
| Vcco25    |       2.500 |     0.000 |       0.000 |      0.000 |
| Vcco18    |       1.800 |     0.000 |       0.000 |      0.000 |
| Vcco15    |       1.500 |     0.000 |       0.000 |      0.000 |
| Vcco135   |       1.350 |     0.000 |       0.000 |      0.000 |
| Vcco12    |       1.200 |     0.000 |       0.000 |      0.000 |
| Vccaux_io |       1.800 |     0.000 |       0.000 |      0.000 |
| Vccbram   |       1.000 |     0.001 |       0.000 |      0.001 |
| MGTAVcc   |       1.000 |     0.000 |       0.000 |      0.000 |
| MGTAVtt   |       1.200 |     0.000 |       0.000 |      0.000 |
| MGTVccaux |       1.800 |     0.000 |       0.000 |      0.000 |
| Vccadc    |       1.800 |     0.020 |       0.000 |      0.020 |
+-----------+-------------+-----------+-------------+------------+


1.3 Confidence Level
--------------------

+-----------------------------+------------+--------------------------------------------------------+--------------------------------------------------------------------------------------------------------------------+
| User Input Data             | Confidence | Details                                                | Action                                                                                                             |
+-----------------------------+------------+--------------------------------------------------------+--------------------------------------------------------------------------------------------------------------------+
| Design implementation state | High       | Design is routed                                       |                                                                                                                    |
| Clock nodes activity        | Low        | User specified less than 75% of clocks                 | Provide missing clock activity with a constraint file, simulation results or by editing the "By Clock Domain" view |
| I/O nodes activity          | Low        | More than 75% of inputs are missing user specification | Provide missing input activity with simulation results or by editing the "By Resource Type -> I/Os" view           |
| Internal nodes activity     | Medium     | User specified less than 25% of internal nodes         | Provide missing internal nodes activity with simulation results or by editing the "By Resource Type" views         |
| Device models               | High       | Device models are Production                           |                                                                                                                    |
|                             |            |                                                        |                                                                                                                    |
| Overall confidence level    | Low        |                                                        |                                                                                                                    |
+-----------------------------+------------+--------------------------------------------------------+--------------------------------------------------------------------------------------------------------------------+


2. Settings
-----------

2.1 Environment
---------------

+-----------------------+--------------------------+
| Ambient Temp (C)      | 25.0                     |
| ThetaJA (C/W)         | 1.9                      |
| Airflow (LFM)         | 250                      |
| Heat Sink             | medium (Medium Profile)  |
| ThetaSA (C/W)         | 3.4                      |
| Board Selection       | medium (10"x10")         |
| # of Board Layers     | 12to15 (12 to 15 Layers) |
| Board Temperature (C) | 25.0                     |
+-----------------------+--------------------------+


2.2 Clock Constraints
---------------------

+-------+--------+-----------------+
| Clock | Domain | Constraint (ns) |
+-------+--------+-----------------+


3. Detailed Reports
-------------------

3.1 By Hierarchy
----------------

+-------------------------+-----------+
| Name                    | Power (W) |
+-------------------------+-----------+
| RAM                     |     2.271 |
|   SRAM_reg_0_15_0_0     |     0.003 |
|   SRAM_reg_0_15_0_0__0  |     0.002 |
|   SRAM_reg_0_15_0_0__1  |     0.002 |
|   SRAM_reg_0_15_0_0__10 |     0.001 |
|   SRAM_reg_0_15_0_0__11 |     0.001 |
|   SRAM_reg_0_15_0_0__12 |     0.002 |
|   SRAM_reg_0_15_0_0__13 |     0.001 |
|   SRAM_reg_0_15_0_0__14 |     0.001 |
|   SRAM_reg_0_15_0_0__2  |     0.002 |
|   SRAM_reg_0_15_0_0__3  |     0.001 |
|   SRAM_reg_0_15_0_0__4  |     0.001 |
|   SRAM_reg_0_15_0_0__5  |     0.003 |
|   SRAM_reg_0_15_0_0__6  |     0.002 |
|   SRAM_reg_0_15_0_0__8  |     0.002 |
|   SRAM_reg_0_15_0_0__9  |     0.003 |
|   SRAM_reg_0_31_0_0     |     0.001 |
|   SRAM_reg_0_31_0_0__1  |     0.001 |
|   SRAM_reg_0_31_0_0__3  |     0.001 |
|   SRAM_reg_0_63_0_0     |     0.002 |
|   SRAM_reg_0_63_0_0__0  |     0.002 |
|   SRAM_reg_0_63_0_0__1  |     0.003 |
|   SRAM_reg_0_63_0_0__2  |     0.003 |
|   SRAM_reg_0_63_0_0__3  |     0.003 |
|   SRAM_reg_0_63_0_0__4  |     0.002 |
|   SRAM_reg_0_63_0_0__5  |     0.002 |
|   SRAM_reg_0_63_0_0__6  |     0.003 |
+-------------------------+-----------+


