Copyright 1986-2018 Xilinx, Inc. All Rights Reserved.
------------------------------------------------------------------------------------
| Tool Version : Vivado v.2018.3 (win64) Build 2405991 Thu Dec  6 23:38:27 MST 2018
| Date         : Mon Apr 22 11:11:36 2024
| Host         : SWQ2003 running 64-bit major release  (build 9200)
| Command      : report_control_sets -verbose -file RN_control_sets_placed.rpt
| Design       : RN
| Device       : xc7k160t
------------------------------------------------------------------------------------

Control Set Information

Table of Contents
-----------------
1. Summary
2. Histogram
3. Flip-Flop Distribution
4. Detailed Control Set Information

1. Summary
----------

+----------------------------------------------------------+-------+
|                          Status                          | Count |
+----------------------------------------------------------+-------+
| Number of unique control sets                            |     3 |
| Unused register locations in slices containing registers |     0 |
+----------------------------------------------------------+-------+


2. Histogram
------------

+--------+--------------+
| Fanout | Control Sets |
+--------+--------------+
|      8 |            2 |
|    16+ |            1 |
+--------+--------------+


3. Flip-Flop Distribution
-------------------------

+--------------+-----------------------+------------------------+-----------------+--------------+
| Clock Enable | Synchronous Set/Reset | Asynchronous Set/Reset | Total Registers | Total Slices |
+--------------+-----------------------+------------------------+-----------------+--------------+
| No           | No                    | No                     |               0 |            0 |
| No           | No                    | Yes                    |               0 |            0 |
| No           | Yes                   | No                     |               0 |            0 |
| Yes          | No                    | No                     |               8 |            2 |
| Yes          | No                    | Yes                    |               8 |            5 |
| Yes          | Yes                   | No                     |               0 |            0 |
+--------------+-----------------------+------------------------+-----------------+--------------+


4. Detailed Control Set Information
-----------------------------------

+-------------------+---------------------------------+------------------+------------------+----------------+
|    Clock Signal   |          Enable Signal          | Set/Reset Signal | Slice Load Count | Bel Load Count |
+-------------------+---------------------------------+------------------+------------------+----------------+
|  clk_RN_IBUF_BUFG | data_out_tristate_oe[7]_i_1_n_0 |                  |                2 |              8 |
|  clk_RN_IBUF_BUFG | data_out_tristate_oe[7]_i_1_n_0 | Ri_EN_IBUF       |                5 |              8 |
|  clk_RN_IBUF_BUFG | RN_in_reg_0_1_0_5_i_1_n_0       |                  |                2 |             16 |
+-------------------+---------------------------------+------------------+------------------+----------------+


