#-----------------------------------------------------------
# Vivado v2018.3 (64-bit)
# SW Build 2405991 on Thu Dec  6 23:38:27 MST 2018
# IP Build 2404404 on Fri Dec  7 01:43:56 MST 2018
# Start of session at: Mon May 30 18:13:31 2022
# Process ID: 18608
# Current directory: D:/Study/MySOC/PC
# Command line: vivado.exe -gui_launcher_event rodinguilauncherevent14192 D:\Study\MySOC\PC\PC.xpr
# Log file: D:/Study/MySOC/PC/vivado.log
# Journal file: D:/Study/MySOC/PC\vivado.jou
#-----------------------------------------------------------
start_gui
open_project D:/Study/MySOC/PC/PC.xpr
Scanning sources...
Finished scanning sources
INFO: [IP_Flow 19-234] Refreshing IP repositories
INFO: [IP_Flow 19-1704] No user IP repositories specified
INFO: [IP_Flow 19-2313] Loaded Vivado IP repository 'C:/Xilinx/Vivado/2018.3/data/ip'.
open_project: Time (s): cpu = 00:00:17 ; elapsed = 00:00:09 . Memory (MB): peak = 795.230 ; gain = 168.270
update_compile_order -fileset sources_1
exit
INFO: [Common 17-206] Exiting Vivado at Mon May 30 21:07:28 2022...
