#-----------------------------------------------------------
# Vivado v2019.2 (64-bit)
# SW Build 2708876 on Wed Nov  6 21:40:23 MST 2019
# IP Build 2700528 on Thu Nov  7 00:09:20 MST 2019
# Start of session at: Thu Jun  8 21:23:16 2023
# Process ID: 16756
# Current directory: C:/Users/akyna/Codes/vivado/PC
# Command line: vivado.exe -gui_launcher_event rodinguilauncherevent736 C:\Users\akyna\Codes\vivado\PC\PC.xpr
# Log file: C:/Users/akyna/Codes/vivado/PC/vivado.log
# Journal file: C:/Users/akyna/Codes/vivado/PC\vivado.jou
#-----------------------------------------------------------
start_gui
open_project C:/Users/akyna/Codes/vivado/PC/PC.xpr
Scanning sources...
Finished scanning sources
INFO: [IP_Flow 19-234] Refreshing IP repositories
INFO: [IP_Flow 19-1704] No user IP repositories specified
INFO: [Common 17-41] Interrupt caught. Command should exit soon.
INFO: [IP_Flow 19-2313] Loaded Vivado IP repository 'C:/Xilinx/Vivado/2019.2/data/ip'.
INFO: [IP_Flow 19-2338] Canceling the changes to the IP catalog. Reverting the catalog back to its previous state.
INFO: [IP_Flow 19-2340] The IP catalog has been returned to its previous state.
INFO: [Common 17-344] 'open_project' was cancelled
exit
INFO: [Common 17-206] Exiting Vivado at Thu Jun  8 21:23:42 2023...
