#-----------------------------------------------------------
# Vivado v2018.3 (64-bit)
# SW Build 2405991 on Thu Dec  6 23:38:27 MST 2018
# IP Build 2404404 on Fri Dec  7 01:43:56 MST 2018
# Start of session at: Sat May 20 20:01:19 2023
# Process ID: 5952
# Current directory: F:/SOCexp/SOCexp/MySOC/PC
# Command line: vivado.exe -gui_launcher_event rodinguilauncherevent2056 F:\SOCexp\SOCexp\MySOC\PC\PC.xpr
# Log file: F:/SOCexp/SOCexp/MySOC/PC/vivado.log
# Journal file: F:/SOCexp/SOCexp/MySOC/PC\vivado.jou
#-----------------------------------------------------------
start_gui
open_project F:/SOCexp/SOCexp/MySOC/PC/PC.xpr
INFO: [Project 1-313] Project file moved from 'D:/Study/MySOC/PC' since last save.
Scanning sources...
Finished scanning sources
INFO: [IP_Flow 19-234] Refreshing IP repositories
INFO: [IP_Flow 19-1704] No user IP repositories specified
INFO: [IP_Flow 19-2313] Loaded Vivado IP repository 'C:/Xilinx/Vivado/2018.3/data/ip'.
open_project: Time (s): cpu = 00:00:09 ; elapsed = 00:00:06 . Memory (MB): peak = 684.332 ; gain = 83.711
update_compile_order -fileset sources_1
reset_run synth_1
launch_runs synth_1 -jobs 3
[Sat May 20 20:01:42 2023] Launched synth_1...
Run output will be captured here: F:/SOCexp/SOCexp/MySOC/PC/PC.runs/synth_1/runme.log
launch_runs impl_1 -jobs 3
[Sat May 20 20:03:12 2023] Launched impl_1...
Run output will be captured here: F:/SOCexp/SOCexp/MySOC/PC/PC.runs/impl_1/runme.log
launch_runs impl_1 -to_step write_bitstream -jobs 3
[Sat May 20 20:04:55 2023] Launched impl_1...
Run output will be captured here: F:/SOCexp/SOCexp/MySOC/PC/PC.runs/impl_1/runme.log
open_run impl_1
INFO: [Netlist 29-17] Analyzing 51 Unisim elements for replacement
INFO: [Netlist 29-28] Unisim Transformation completed in 0 CPU seconds
INFO: [Project 1-479] Netlist was created with Vivado 2018.3
INFO: [Device 21-403] Loading part xc7k160tfbg676-1
INFO: [Project 1-570] Preparing netlist for logic optimization
INFO: [Timing 38-478] Restoring timing data from binary archive.
INFO: [Timing 38-479] Binary timing data restore complete.
INFO: [Project 1-856] Restoring constraints from binary archive.
INFO: [Project 1-853] Binary constraint restore complete.
Reading XDEF placement.
Reading placer database...
Reading XDEF routing.
Read XDEF File: Time (s): cpu = 00:00:00 ; elapsed = 00:00:00.053 . Memory (MB): peak = 1639.285 ; gain = 0.000
Restored from archive | CPU: 0.000000 secs | Memory: 0.000000 MB |
Finished XDEF File Restore: Time (s): cpu = 00:00:00 ; elapsed = 00:00:00.053 . Memory (MB): peak = 1639.285 ; gain = 0.000
Netlist sorting complete. Time (s): cpu = 00:00:00 ; elapsed = 00:00:00.001 . Memory (MB): peak = 1639.285 ; gain = 0.000
INFO: [Project 1-111] Unisim Transformation Summary:
No Unisim elements were transformed.

open_run: Time (s): cpu = 00:00:21 ; elapsed = 00:00:44 . Memory (MB): peak = 1752.219 ; gain = 999.434
WARNING: [Timing 38-313] There are no user specified timing constraints. Timing constraints are needed for proper timing analysis.
open_hw
connect_hw_server
INFO: [Labtools 27-2285] Connecting to hw_server url TCP:localhost:3121
INFO: [Labtools 27-2222] Launching hw_server...
INFO: [Labtools 27-2221] Launch Output:

****** Xilinx hw_server v2018.3
  **** Build date : Dec  7 2018-00:40:27
    ** Copyright 1986-2018 Xilinx, Inc. All Rights Reserved.


open_hw_target
INFO: [Labtoolstcl 44-466] Opening hw_target localhost:3121/xilinx_tcf/Digilent/210203367162A
set_property PROGRAM.FILE {F:/SOCexp/SOCexp/MySOC/PC/PC.runs/impl_1/pcFinal.bit} [get_hw_devices xc7k160t_0]
current_hw_device [get_hw_devices xc7k160t_0]
refresh_hw_device -update_hw_probes false [lindex [get_hw_devices xc7k160t_0] 0]
INFO: [Labtools 27-1434] Device xc7k160t (JTAG device index = 0) is programmed with a design that has no supported debug core(s) in it.
set_property PROBES.FILE {} [get_hw_devices xc7k160t_0]
set_property FULL_PROBES.FILE {} [get_hw_devices xc7k160t_0]
set_property PROGRAM.FILE {F:/SOCexp/SOCexp/MySOC/PC/PC.runs/impl_1/pcFinal.bit} [get_hw_devices xc7k160t_0]
program_hw_devices [get_hw_devices xc7k160t_0]
INFO: [Labtools 27-3164] End of startup status: HIGH
refresh_hw_device [lindex [get_hw_devices xc7k160t_0] 0]
INFO: [Labtools 27-1434] Device xc7k160t (JTAG device index = 0) is programmed with a design that has no supported debug core(s) in it.
