<html>
<body>
<pre>
<h1>礦ision Build Log</h1>
<h2>Tool Versions:</h2>
IDE-Version: μVision V5.24.2.0
Copyright (C) 2017 ARM Ltd and ARM Germany GmbH. All rights reserved.
License Information: dandan 王舒贤, XDU, LIC=CZLZX-HULFM-013P1-CMWNB-NH0E3-0Y8MT
 
Tool Versions:
Toolchain:       MDK-ARM Plus  Version: 5.24.1
Toolchain Path:  D:\tools\Keli_v5\ARM\ARMCC\Bin
C Compiler:      Armcc.exe V5.06 update 5 (build 528)
Assembler:       Armasm.exe V5.06 update 5 (build 528)
Linker/Locator:  ArmLink.exe V5.06 update 5 (build 528)
Library Manager: ArmAr.exe V5.06 update 5 (build 528)
Hex Converter:   FromElf.exe V5.06 update 5 (build 528)
CPU DLL:         SARMCM3.DLL V5.24.1
Dialog DLL:      DCM.DLL V1.16.0.0
Target DLL:      STLink\ST-LINKIII-KEIL_SWO.dll V3.0.1.0
Dialog DLL:      TCM.DLL V1.32.0.0
 
<h2>Project:</h2>
D:\file\小车\02,pwm驱动四个电机转动\project.uvprojx
Project File Date:  06/06/2025

<h2>Output:</h2>
*** Using Compiler 'V5.06 update 5 (build 528)', folder: 'D:\tools\Keli_v5\ARM\ARMCC\Bin'
Build target 'Target 1'
compiling main.c...
.\Hardware\PWM.h(5): warning:  #1-D: last line of file ends without a newline
  #endif
.\Hardware\Car.h(3): warning:  #1295-D: Deprecated declaration Car_Init - give arg types
  void Car_Init();
.\Hardware\Car.h(4): warning:  #1295-D: Deprecated declaration Self_Right - give arg types
  void Self_Right();
.\Hardware\Car.h(5): warning:  #1295-D: Deprecated declaration Self_Left - give arg types
  void Self_Left();
.\Hardware\Car.h(6): warning:  #1295-D: Deprecated declaration Turn_Right - give arg types
  void Turn_Right();
.\Hardware\Car.h(7): warning:  #1295-D: Deprecated declaration Turn_Left - give arg types
  void Turn_Left();
.\Hardware\Car.h(8): warning:  #1295-D: Deprecated declaration Go_Back - give arg types
  void Go_Back();
.\Hardware\Car.h(9): warning:  #1295-D: Deprecated declaration Go_Ahead - give arg types
  void Go_Ahead();
.\Hardware\Car.h(10): warning:  #1295-D: Deprecated declaration Car_Stop - give arg types
  void Car_Stop();
.\Hardware\Car.h(11): warning:  #1-D: last line of file ends without a newline
  #endif
.\Hardware\Motor.h(6): warning:  #1-D: last line of file ends without a newline
  #endif
User\main.c(16): warning:  #1-D: last line of file ends without a newline
  }
User\main.c: 12 warnings, 0 errors
linking...
Program Size: Code=1828 RO-data=252 RW-data=0 ZI-data=1632  
".\Objects\project.axf" - 0 Error(s), 12 Warning(s).

<h2>Software Packages used:</h2>

Package Vendor: Keil
                http://www.keil.com/pack/Keil.STM32F1xx_DFP.2.2.0.pack
                Keil.STM32F1xx_DFP.2.2.0
                STMicroelectronics STM32F1 Series Device Support, Drivers and Examples

<h2>Collection of Component include folders:</h2>
  .\RTE\_Target_1
  D:\tools\Keli_v5\ARM\PACK\Keil\STM32F1xx_DFP\2.2.0\Device\Include

<h2>Collection of Component Files used:</h2>
Build Time Elapsed:  00:00:01
</pre>
</body>
</html>
