#-----------------------------------------------------------
# Vivado v2018.3 (64-bit)
# SW Build 2405991 on Thu Dec  6 23:38:27 MST 2018
# IP Build 2404404 on Fri Dec  7 01:43:56 MST 2018
# Start of session at: Thu Apr 24 15:10:30 2025
# Process ID: 5856
# Current directory: F:/20240521SwcxtO7H/EXPERIMENT/EXPERIMENT/IO
# Command line: vivado.exe -gui_launcher_event rodinguilauncherevent3204 F:\20240521SwcxtO7H\EXPERIMENT\EXPERIMENT\IO\IO.xpr
# Log file: F:/20240521SwcxtO7H/EXPERIMENT/EXPERIMENT/IO/vivado.log
# Journal file: F:/20240521SwcxtO7H/EXPERIMENT/EXPERIMENT/IO\vivado.jou
#-----------------------------------------------------------
start_gui
open_project F:/20240521SwcxtO7H/EXPERIMENT/EXPERIMENT/IO/IO.xpr
INFO: [Project 1-313] Project file moved from 'D:/soc/EXPERIMENT/IO' since last save.
Scanning sources...
Finished scanning sources
INFO: [IP_Flow 19-234] Refreshing IP repositories
INFO: [IP_Flow 19-1704] No user IP repositories specified
INFO: [IP_Flow 19-2313] Loaded Vivado IP repository 'C:/Xilinx/Vivado/2018.3/data/ip'.
update_compile_order -fileset sources_1
exit
INFO: [Common 17-206] Exiting Vivado at Thu Apr 24 15:11:18 2025...
