#-----------------------------------------------------------
# Vivado v2018.3 (64-bit)
# SW Build 2405991 on Thu Dec  6 23:38:27 MST 2018
# IP Build 2404404 on Fri Dec  7 01:43:56 MST 2018
# Start of session at: Fri Apr 18 14:53:56 2025
# Process ID: 1768
# Current directory: C:/Users/Administrator/Desktop/ROM
# Command line: vivado.exe -gui_launcher_event rodinguilauncherevent6276 C:\Users\Administrator\Desktop\ROM\ROM.xpr
# Log file: C:/Users/Administrator/Desktop/ROM/vivado.log
# Journal file: C:/Users/Administrator/Desktop/ROM\vivado.jou
#-----------------------------------------------------------
start_gui
open_project C:/Users/Administrator/Desktop/ROM/ROM.xpr
INFO: [Project 1-313] Project file moved from 'D:/soc/EXPERIMENT/ROM' since last save.
Scanning sources...
Finished scanning sources
INFO: [IP_Flow 19-234] Refreshing IP repositories
INFO: [IP_Flow 19-1704] No user IP repositories specified
INFO: [IP_Flow 19-2313] Loaded Vivado IP repository 'C:/Xilinx/Vivado/2018.3/data/ip'.
update_compile_order -fileset sources_1
