
*** Running vivado
    with args -log divider_origin_test.vds -m64 -product Vivado -mode batch -messageDb vivado.pb -notrace -source divider_origin_test.tcl


****** Vivado v2018.3 (64-bit)
  **** SW Build 2405991 on Thu Dec  6 23:38:27 MST 2018
  **** IP Build 2404404 on Fri Dec  7 01:43:56 MST 2018
    ** Copyright 1986-2018 Xilinx, Inc. All Rights Reserved.

source divider_origin_test.tcl -notrace
Command: synth_design -top divider_origin_test -part xc7k160tfbg676-2
Starting synth_design
Attempting to get a license for feature 'Synthesis' and/or device 'xc7k160t'
INFO: [Common 17-349] Got license for feature 'Synthesis' and/or device 'xc7k160t'
INFO: Launching helper process for spawning children vivado processes
INFO: Helper process launched with PID 2232 
---------------------------------------------------------------------------------
Starting RTL Elaboration : Time (s): cpu = 00:00:01 ; elapsed = 00:00:01 . Memory (MB): peak = 430.664 ; gain = 98.199
---------------------------------------------------------------------------------
INFO: [Synth 8-638] synthesizing module 'divider_origin_test' [D:/soc/EXPERIMENT/divider_origin/divider_origin.srcs/sources_1/new/divider_origin_test.vhd:20]
	Parameter DIV_NUM bound to: 10000 - type: integer 
INFO: [Synth 8-3491] module 'clk_div' declared at 'D:/soc/EXPERIMENT/divider_origin/divider_origin.srcs/sources_1/new/clk_div.vhd:8' bound to instance 'clk_div_inst' of component 'clk_div' [D:/soc/EXPERIMENT/divider_origin/divider_origin.srcs/sources_1/new/divider_origin_test.vhd:57]
INFO: [Synth 8-638] synthesizing module 'clk_div' [D:/soc/EXPERIMENT/divider_origin/divider_origin.srcs/sources_1/new/clk_div.vhd:19]
	Parameter DIV_NUM bound to: 10000 - type: integer 
INFO: [Synth 8-256] done synthesizing module 'clk_div' (1#1) [D:/soc/EXPERIMENT/divider_origin/divider_origin.srcs/sources_1/new/clk_div.vhd:19]
INFO: [Synth 8-3491] module 'seg_dis' declared at 'D:/soc/EXPERIMENT/divider_origin/divider_origin.srcs/sources_1/new/seg_dis.vhd:9' bound to instance 'seg_dis_inst' of component 'seg_dis' [D:/soc/EXPERIMENT/divider_origin/divider_origin.srcs/sources_1/new/divider_origin_test.vhd:58]
INFO: [Synth 8-638] synthesizing module 'seg_dis' [D:/soc/EXPERIMENT/divider_origin/divider_origin.srcs/sources_1/new/seg_dis.vhd:19]
INFO: [Synth 8-226] default block is never used [D:/soc/EXPERIMENT/divider_origin/divider_origin.srcs/sources_1/new/seg_dis.vhd:39]
WARNING: [Synth 8-614] signal 'data_in_A' is read in the process but is not in the sensitivity list [D:/soc/EXPERIMENT/divider_origin/divider_origin.srcs/sources_1/new/seg_dis.vhd:37]
WARNING: [Synth 8-614] signal 'data_in_B' is read in the process but is not in the sensitivity list [D:/soc/EXPERIMENT/divider_origin/divider_origin.srcs/sources_1/new/seg_dis.vhd:37]
WARNING: [Synth 8-614] signal 'data_in_C' is read in the process but is not in the sensitivity list [D:/soc/EXPERIMENT/divider_origin/divider_origin.srcs/sources_1/new/seg_dis.vhd:37]
WARNING: [Synth 8-614] signal 'data_in_D' is read in the process but is not in the sensitivity list [D:/soc/EXPERIMENT/divider_origin/divider_origin.srcs/sources_1/new/seg_dis.vhd:37]
INFO: [Synth 8-226] default block is never used [D:/soc/EXPERIMENT/divider_origin/divider_origin.srcs/sources_1/new/seg_dis.vhd:62]
INFO: [Synth 8-256] done synthesizing module 'seg_dis' (2#1) [D:/soc/EXPERIMENT/divider_origin/divider_origin.srcs/sources_1/new/seg_dis.vhd:19]
INFO: [Synth 8-3491] module 'divider_origin' declared at 'D:/soc/EXPERIMENT/divider_origin/divider_origin.srcs/sources_1/new/divider_origin.vhd:9' bound to instance 'divider_origin_inst' of component 'divider_origin' [D:/soc/EXPERIMENT/divider_origin/divider_origin.srcs/sources_1/new/divider_origin_test.vhd:59]
INFO: [Synth 8-638] synthesizing module 'divider_origin' [D:/soc/EXPERIMENT/divider_origin/divider_origin.srcs/sources_1/new/divider_origin.vhd:20]
INFO: [Synth 8-3491] module 'divider_origin_ctrl' declared at 'D:/soc/EXPERIMENT/divider_origin/divider_origin.srcs/sources_1/new/divider_origin_ctrl.vhd:8' bound to instance 'divider_origin_ctrl_inst' of component 'divider_origin_ctrl' [D:/soc/EXPERIMENT/divider_origin/divider_origin.srcs/sources_1/new/divider_origin.vhd:63]
INFO: [Synth 8-638] synthesizing module 'divider_origin_ctrl' [D:/soc/EXPERIMENT/divider_origin/divider_origin.srcs/sources_1/new/divider_origin_ctrl.vhd:15]
INFO: [Synth 8-256] done synthesizing module 'divider_origin_ctrl' (3#1) [D:/soc/EXPERIMENT/divider_origin/divider_origin.srcs/sources_1/new/divider_origin_ctrl.vhd:15]
INFO: [Synth 8-3491] module 'divider_origin_16bitreg' declared at 'D:/soc/EXPERIMENT/divider_origin/divider_origin.srcs/sources_1/new/divider_origin_16bitreg.vhd:8' bound to instance 'divider_origin_16bitreg_inst' of component 'divider_origin_16bitreg' [D:/soc/EXPERIMENT/divider_origin/divider_origin.srcs/sources_1/new/divider_origin.vhd:64]
INFO: [Synth 8-638] synthesizing module 'divider_origin_16bitreg' [D:/soc/EXPERIMENT/divider_origin/divider_origin.srcs/sources_1/new/divider_origin_16bitreg.vhd:18]
WARNING: [Synth 8-614] signal 'ain' is read in the process but is not in the sensitivity list [D:/soc/EXPERIMENT/divider_origin/divider_origin.srcs/sources_1/new/divider_origin_16bitreg.vhd:22]
INFO: [Synth 8-256] done synthesizing module 'divider_origin_16bitreg' (4#1) [D:/soc/EXPERIMENT/divider_origin/divider_origin.srcs/sources_1/new/divider_origin_16bitreg.vhd:18]
INFO: [Synth 8-3491] module 'divider_origin_selector' declared at 'D:/soc/EXPERIMENT/divider_origin/divider_origin.srcs/sources_1/new/divider_origin_selector.vhd:8' bound to instance 'divider_origin_selector_inst' of component 'divider_origin_selector' [D:/soc/EXPERIMENT/divider_origin/divider_origin.srcs/sources_1/new/divider_origin.vhd:65]
INFO: [Synth 8-638] synthesizing module 'divider_origin_selector' [D:/soc/EXPERIMENT/divider_origin/divider_origin.srcs/sources_1/new/divider_origin_selector.vhd:18]
WARNING: [Synth 8-614] signal 'complement_x_negative' is read in the process but is not in the sensitivity list [D:/soc/EXPERIMENT/divider_origin/divider_origin.srcs/sources_1/new/divider_origin_selector.vhd:29]
INFO: [Synth 8-256] done synthesizing module 'divider_origin_selector' (5#1) [D:/soc/EXPERIMENT/divider_origin/divider_origin.srcs/sources_1/new/divider_origin_selector.vhd:18]
INFO: [Synth 8-3491] module 'divider_origin_8bitadder' declared at 'D:/soc/EXPERIMENT/divider_origin/divider_origin.srcs/sources_1/new/divider_origin_8bitadder.vhd:8' bound to instance 'divider_origin_8bitadder_inst' of component 'divider_origin_8bitadder' [D:/soc/EXPERIMENT/divider_origin/divider_origin.srcs/sources_1/new/divider_origin.vhd:66]
INFO: [Synth 8-638] synthesizing module 'divider_origin_8bitadder' [D:/soc/EXPERIMENT/divider_origin/divider_origin.srcs/sources_1/new/divider_origin_8bitadder.vhd:17]
INFO: [Synth 8-256] done synthesizing module 'divider_origin_8bitadder' (6#1) [D:/soc/EXPERIMENT/divider_origin/divider_origin.srcs/sources_1/new/divider_origin_8bitadder.vhd:17]
WARNING: [Synth 8-614] signal 'cina_line' is read in the process but is not in the sensitivity list [D:/soc/EXPERIMENT/divider_origin/divider_origin.srcs/sources_1/new/divider_origin.vhd:68]
INFO: [Synth 8-256] done synthesizing module 'divider_origin' (7#1) [D:/soc/EXPERIMENT/divider_origin/divider_origin.srcs/sources_1/new/divider_origin.vhd:20]
INFO: [Synth 8-256] done synthesizing module 'divider_origin_test' (8#1) [D:/soc/EXPERIMENT/divider_origin/divider_origin.srcs/sources_1/new/divider_origin_test.vhd:20]
---------------------------------------------------------------------------------
Finished RTL Elaboration : Time (s): cpu = 00:00:02 ; elapsed = 00:00:02 . Memory (MB): peak = 486.840 ; gain = 154.375
---------------------------------------------------------------------------------

Report Check Netlist: 
+------+------------------+-------+---------+-------+------------------+
|      |Item              |Errors |Warnings |Status |Description       |
+------+------------------+-------+---------+-------+------------------+
|1     |multi_driven_nets |      0|        0|Passed |Multi driven nets |
+------+------------------+-------+---------+-------+------------------+
---------------------------------------------------------------------------------
Start Handling Custom Attributes
---------------------------------------------------------------------------------
---------------------------------------------------------------------------------
Finished Handling Custom Attributes : Time (s): cpu = 00:00:02 ; elapsed = 00:00:02 . Memory (MB): peak = 486.840 ; gain = 154.375
---------------------------------------------------------------------------------
---------------------------------------------------------------------------------
Finished RTL Optimization Phase 1 : Time (s): cpu = 00:00:02 ; elapsed = 00:00:02 . Memory (MB): peak = 486.840 ; gain = 154.375
---------------------------------------------------------------------------------
INFO: [Device 21-403] Loading part xc7k160tfbg676-2
INFO: [Project 1-570] Preparing netlist for logic optimization

Processing XDC Constraints
Initializing timing engine
Parsing XDC File [D:/soc/EXPERIMENT/divider_origin/divider_origin.srcs/constrs_1/new/pin.xdc]
Finished Parsing XDC File [D:/soc/EXPERIMENT/divider_origin/divider_origin.srcs/constrs_1/new/pin.xdc]
INFO: [Project 1-236] Implementation specific constraints were found while reading constraint file [D:/soc/EXPERIMENT/divider_origin/divider_origin.srcs/constrs_1/new/pin.xdc]. These constraints will be ignored for synthesis but will be used in implementation. Impacted constraints are listed in the file [.Xil/divider_origin_test_propImpl.xdc].
Resolution: To avoid this warning, move constraints listed in [.Xil/divider_origin_test_propImpl.xdc] to another XDC file and exclude this new file from synthesis with the used_in_synthesis property (File Properties dialog in GUI) and re-run elaboration/synthesis.
Netlist sorting complete. Time (s): cpu = 00:00:00 ; elapsed = 00:00:00 . Memory (MB): peak = 842.465 ; gain = 0.000
Completed Processing XDC Constraints

Netlist sorting complete. Time (s): cpu = 00:00:00 ; elapsed = 00:00:00 . Memory (MB): peak = 842.465 ; gain = 0.000
INFO: [Project 1-111] Unisim Transformation Summary:
No Unisim elements were transformed.

Netlist sorting complete. Time (s): cpu = 00:00:00 ; elapsed = 00:00:00 . Memory (MB): peak = 842.465 ; gain = 0.000
Constraint Validation Runtime : Time (s): cpu = 00:00:00 ; elapsed = 00:00:00.001 . Memory (MB): peak = 842.465 ; gain = 0.000
---------------------------------------------------------------------------------
Finished Constraint Validation : Time (s): cpu = 00:00:08 ; elapsed = 00:00:09 . Memory (MB): peak = 842.465 ; gain = 510.000
---------------------------------------------------------------------------------
---------------------------------------------------------------------------------
Start Loading Part and Timing Information
---------------------------------------------------------------------------------
Loading part: xc7k160tfbg676-2
---------------------------------------------------------------------------------
Finished Loading Part and Timing Information : Time (s): cpu = 00:00:08 ; elapsed = 00:00:09 . Memory (MB): peak = 842.465 ; gain = 510.000
---------------------------------------------------------------------------------
---------------------------------------------------------------------------------
Start Applying 'set_property' XDC Constraints
---------------------------------------------------------------------------------
---------------------------------------------------------------------------------
Finished applying 'set_property' XDC Constraints : Time (s): cpu = 00:00:08 ; elapsed = 00:00:09 . Memory (MB): peak = 842.465 ; gain = 510.000
---------------------------------------------------------------------------------
INFO: [Synth 8-802] inferred FSM for state register 'state_reg' in module 'seg_dis'
INFO: [Synth 8-5544] ROM "sel_out" won't be mapped to Block RAM because address size (4) smaller than threshold (5)
INFO: [Synth 8-5544] ROM "next_state" won't be mapped to Block RAM because address size (4) smaller than threshold (5)
---------------------------------------------------------------------------------------------------
                   State |                     New Encoding |                Previous Encoding 
---------------------------------------------------------------------------------------------------
                      s0 |                             0000 |                             0000
                      s1 |                             0001 |                             0001
                      s2 |                             0010 |                             0010
                      s3 |                             0011 |                             0011
                      s4 |                             0100 |                             0100
                      s5 |                             0101 |                             0101
                      s6 |                             0110 |                             0110
                      s7 |                             0111 |                             0111
                      s8 |                             1000 |                             1000
                      s9 |                             1001 |                             1001
                     s10 |                             1010 |                             1010
                     s11 |                             1011 |                             1011
                     s12 |                             1100 |                             1100
                     s13 |                             1101 |                             1101
                     s14 |                             1110 |                             1110
                     s15 |                             1111 |                             1111
---------------------------------------------------------------------------------------------------
INFO: [Synth 8-3354] encoded FSM with state register 'state_reg' using encoding 'sequential' in module 'seg_dis'
WARNING: [Synth 8-327] inferring latch for variable 'done_reg' [D:/soc/EXPERIMENT/divider_origin/divider_origin.srcs/sources_1/new/divider_origin_ctrl.vhd:32]
WARNING: [Synth 8-327] inferring latch for variable 'sout_reg' [D:/soc/EXPERIMENT/divider_origin/divider_origin.srcs/sources_1/new/divider_origin_8bitadder.vhd:22]
---------------------------------------------------------------------------------
Finished RTL Optimization Phase 2 : Time (s): cpu = 00:00:08 ; elapsed = 00:00:09 . Memory (MB): peak = 842.465 ; gain = 510.000
---------------------------------------------------------------------------------

Report RTL Partitions: 
+-+--------------+------------+----------+
| |RTL Partition |Replication |Instances |
+-+--------------+------------+----------+
+-+--------------+------------+----------+
---------------------------------------------------------------------------------
Start RTL Component Statistics 
---------------------------------------------------------------------------------
Detailed RTL Component Info : 
+---Adders : 
	   2 Input     32 Bit       Adders := 1     
	   2 Input      9 Bit       Adders := 1     
	   2 Input      8 Bit       Adders := 1     
	   2 Input      4 Bit       Adders := 1     
+---Registers : 
	               16 Bit    Registers := 1     
	                8 Bit    Registers := 1     
	                4 Bit    Registers := 1     
	                1 Bit    Registers := 3     
+---Muxes : 
	   2 Input     32 Bit        Muxes := 2     
	  16 Input     16 Bit        Muxes := 1     
	   2 Input     16 Bit        Muxes := 2     
	   2 Input      8 Bit        Muxes := 3     
	  16 Input      4 Bit        Muxes := 2     
	   2 Input      1 Bit        Muxes := 3     
---------------------------------------------------------------------------------
Finished RTL Component Statistics 
---------------------------------------------------------------------------------
---------------------------------------------------------------------------------
Start RTL Hierarchical Component Statistics 
---------------------------------------------------------------------------------
Hierarchical RTL Component report 
Module clk_div 
Detailed RTL Component Info : 
+---Adders : 
	   2 Input     32 Bit       Adders := 1     
+---Registers : 
	                1 Bit    Registers := 1     
+---Muxes : 
	   2 Input     32 Bit        Muxes := 2     
Module seg_dis 
Detailed RTL Component Info : 
+---Muxes : 
	  16 Input     16 Bit        Muxes := 1     
	  16 Input      4 Bit        Muxes := 2     
Module divider_origin_ctrl 
Detailed RTL Component Info : 
+---Adders : 
	   2 Input      4 Bit       Adders := 1     
+---Registers : 
	                4 Bit    Registers := 1     
Module divider_origin_16bitreg 
Detailed RTL Component Info : 
+---Registers : 
	               16 Bit    Registers := 1     
	                1 Bit    Registers := 1     
+---Muxes : 
	   2 Input     16 Bit        Muxes := 2     
	   2 Input      1 Bit        Muxes := 2     
Module divider_origin_selector 
Detailed RTL Component Info : 
+---Adders : 
	   2 Input      8 Bit       Adders := 1     
+---Registers : 
	                8 Bit    Registers := 1     
	                1 Bit    Registers := 1     
+---Muxes : 
	   2 Input      8 Bit        Muxes := 3     
Module divider_origin_8bitadder 
Detailed RTL Component Info : 
+---Adders : 
	   2 Input      9 Bit       Adders := 1     
+---Muxes : 
	   2 Input      1 Bit        Muxes := 1     
---------------------------------------------------------------------------------
Finished RTL Hierarchical Component Statistics
---------------------------------------------------------------------------------
---------------------------------------------------------------------------------
Start Part Resource Summary
---------------------------------------------------------------------------------
Part Resources:
DSPs: 600 (col length:100)
BRAMs: 650 (col length: RAMB18 100 RAMB36 50)
---------------------------------------------------------------------------------
Finished Part Resource Summary
---------------------------------------------------------------------------------
---------------------------------------------------------------------------------
Start Cross Boundary and Area Optimization
---------------------------------------------------------------------------------
Warning: Parallel synthesis criteria is not met 
---------------------------------------------------------------------------------
Finished Cross Boundary and Area Optimization : Time (s): cpu = 00:00:09 ; elapsed = 00:00:10 . Memory (MB): peak = 842.465 ; gain = 510.000
---------------------------------------------------------------------------------

Report RTL Partitions: 
+-+--------------+------------+----------+
| |RTL Partition |Replication |Instances |
+-+--------------+------------+----------+
+-+--------------+------------+----------+
---------------------------------------------------------------------------------
Start Applying XDC Timing Constraints
---------------------------------------------------------------------------------
---------------------------------------------------------------------------------
Finished Applying XDC Timing Constraints : Time (s): cpu = 00:00:14 ; elapsed = 00:00:15 . Memory (MB): peak = 842.465 ; gain = 510.000
---------------------------------------------------------------------------------
---------------------------------------------------------------------------------
Start Timing Optimization
---------------------------------------------------------------------------------
---------------------------------------------------------------------------------
Finished Timing Optimization : Time (s): cpu = 00:00:14 ; elapsed = 00:00:15 . Memory (MB): peak = 842.465 ; gain = 510.000
---------------------------------------------------------------------------------

Report RTL Partitions: 
+-+--------------+------------+----------+
| |RTL Partition |Replication |Instances |
+-+--------------+------------+----------+
+-+--------------+------------+----------+
---------------------------------------------------------------------------------
Start Technology Mapping
---------------------------------------------------------------------------------
---------------------------------------------------------------------------------
Finished Technology Mapping : Time (s): cpu = 00:00:14 ; elapsed = 00:00:15 . Memory (MB): peak = 860.852 ; gain = 528.387
---------------------------------------------------------------------------------

Report RTL Partitions: 
+-+--------------+------------+----------+
| |RTL Partition |Replication |Instances |
+-+--------------+------------+----------+
+-+--------------+------------+----------+
---------------------------------------------------------------------------------
Start IO Insertion
---------------------------------------------------------------------------------
---------------------------------------------------------------------------------
Start Flattening Before IO Insertion
---------------------------------------------------------------------------------
---------------------------------------------------------------------------------
Finished Flattening Before IO Insertion
---------------------------------------------------------------------------------
---------------------------------------------------------------------------------
Start Final Netlist Cleanup
---------------------------------------------------------------------------------
---------------------------------------------------------------------------------
Finished Final Netlist Cleanup
---------------------------------------------------------------------------------
---------------------------------------------------------------------------------
Finished IO Insertion : Time (s): cpu = 00:00:14 ; elapsed = 00:00:15 . Memory (MB): peak = 860.852 ; gain = 528.387
---------------------------------------------------------------------------------

Report Check Netlist: 
+------+------------------+-------+---------+-------+------------------+
|      |Item              |Errors |Warnings |Status |Description       |
+------+------------------+-------+---------+-------+------------------+
|1     |multi_driven_nets |      0|        0|Passed |Multi driven nets |
+------+------------------+-------+---------+-------+------------------+
---------------------------------------------------------------------------------
Start Renaming Generated Instances
---------------------------------------------------------------------------------
---------------------------------------------------------------------------------
Finished Renaming Generated Instances : Time (s): cpu = 00:00:14 ; elapsed = 00:00:15 . Memory (MB): peak = 860.852 ; gain = 528.387
---------------------------------------------------------------------------------

Report RTL Partitions: 
+-+--------------+------------+----------+
| |RTL Partition |Replication |Instances |
+-+--------------+------------+----------+
+-+--------------+------------+----------+
---------------------------------------------------------------------------------
Start Rebuilding User Hierarchy
---------------------------------------------------------------------------------
---------------------------------------------------------------------------------
Finished Rebuilding User Hierarchy : Time (s): cpu = 00:00:14 ; elapsed = 00:00:15 . Memory (MB): peak = 860.852 ; gain = 528.387
---------------------------------------------------------------------------------
---------------------------------------------------------------------------------
Start Renaming Generated Ports
---------------------------------------------------------------------------------
---------------------------------------------------------------------------------
Finished Renaming Generated Ports : Time (s): cpu = 00:00:14 ; elapsed = 00:00:15 . Memory (MB): peak = 860.852 ; gain = 528.387
---------------------------------------------------------------------------------
---------------------------------------------------------------------------------
Start Handling Custom Attributes
---------------------------------------------------------------------------------
---------------------------------------------------------------------------------
Finished Handling Custom Attributes : Time (s): cpu = 00:00:14 ; elapsed = 00:00:15 . Memory (MB): peak = 860.852 ; gain = 528.387
---------------------------------------------------------------------------------
---------------------------------------------------------------------------------
Start Renaming Generated Nets
---------------------------------------------------------------------------------
---------------------------------------------------------------------------------
Finished Renaming Generated Nets : Time (s): cpu = 00:00:14 ; elapsed = 00:00:15 . Memory (MB): peak = 860.852 ; gain = 528.387
---------------------------------------------------------------------------------
---------------------------------------------------------------------------------
Start Writing Synthesis Report
---------------------------------------------------------------------------------

Report BlackBoxes: 
+-+--------------+----------+
| |BlackBox name |Instances |
+-+--------------+----------+
+-+--------------+----------+

Report Cell Usage: 
+------+-------+------+
|      |Cell   |Count |
+------+-------+------+
|1     |BUFG   |     2|
|2     |CARRY4 |    19|
|3     |LUT1   |     5|
|4     |LUT2   |    85|
|5     |LUT3   |    62|
|6     |LUT4   |    25|
|7     |LUT5   |     3|
|8     |LUT6   |    36|
|9     |MUXF7  |     4|
|10    |FDCE   |    65|
|11    |FDPE   |    25|
|12    |FDRE   |     1|
|13    |LD     |     9|
|14    |LDC    |    25|
|15    |IBUF   |    27|
|16    |OBUF   |    25|
+------+-------+------+

Report Instance Areas: 
+------+----------------------------------+-------------------------+------+
|      |Instance                          |Module                   |Cells |
+------+----------------------------------+-------------------------+------+
|1     |top                               |                         |   418|
|2     |  clk_div_inst                    |clk_div                  |   130|
|3     |  divider_origin_inst             |divider_origin           |   192|
|4     |    divider_origin_16bitreg_inst  |divider_origin_16bitreg  |   124|
|5     |    divider_origin_8bitadder_inst |divider_origin_8bitadder |    13|
|6     |    divider_origin_ctrl_inst      |divider_origin_ctrl      |    12|
|7     |    divider_origin_selector_inst  |divider_origin_selector  |    43|
|8     |  seg_dis_inst                    |seg_dis                  |    42|
+------+----------------------------------+-------------------------+------+
---------------------------------------------------------------------------------
Finished Writing Synthesis Report : Time (s): cpu = 00:00:14 ; elapsed = 00:00:15 . Memory (MB): peak = 860.852 ; gain = 528.387
---------------------------------------------------------------------------------
Synthesis finished with 0 errors, 0 critical warnings and 2 warnings.
Synthesis Optimization Runtime : Time (s): cpu = 00:00:07 ; elapsed = 00:00:10 . Memory (MB): peak = 860.852 ; gain = 172.762
Synthesis Optimization Complete : Time (s): cpu = 00:00:14 ; elapsed = 00:00:15 . Memory (MB): peak = 860.852 ; gain = 528.387
INFO: [Project 1-571] Translating synthesized netlist
INFO: [Netlist 29-17] Analyzing 57 Unisim elements for replacement
INFO: [Netlist 29-28] Unisim Transformation completed in 0 CPU seconds
INFO: [Project 1-570] Preparing netlist for logic optimization
INFO: [Opt 31-138] Pushed 0 inverter(s) to 0 load pin(s).
Netlist sorting complete. Time (s): cpu = 00:00:00 ; elapsed = 00:00:00 . Memory (MB): peak = 863.152 ; gain = 0.000
INFO: [Project 1-111] Unisim Transformation Summary:
  A total of 34 instances were transformed.
  LD => LDCE: 9 instances
  LDC => LDCE: 25 instances

INFO: [Common 17-83] Releasing license: Synthesis
41 Infos, 9 Warnings, 0 Critical Warnings and 0 Errors encountered.
synth_design completed successfully
synth_design: Time (s): cpu = 00:00:16 ; elapsed = 00:00:17 . Memory (MB): peak = 863.152 ; gain = 543.555
Netlist sorting complete. Time (s): cpu = 00:00:00 ; elapsed = 00:00:00 . Memory (MB): peak = 863.152 ; gain = 0.000
WARNING: [Constraints 18-5210] No constraints selected for write.
Resolution: This message can indicate that there are no constraints for the design, or it can indicate that the used_in flags are set such that the constraints are ignored. This later case is used when running synth_design to not write synthesis constraints to the resulting checkpoint. Instead, project constraints are read when the synthesized design is opened.
INFO: [Common 17-1381] The checkpoint 'D:/soc/EXPERIMENT/divider_origin/divider_origin.runs/synth_1/divider_origin_test.dcp' has been generated.
INFO: [runtcl-4] Executing : report_utilization -file divider_origin_test_utilization_synth.rpt -pb divider_origin_test_utilization_synth.pb
INFO: [Common 17-206] Exiting Vivado at Wed Apr 24 08:52:01 2024...
