Vivado Simulator 2018.3
Copyright 1986-1999, 2001-2018 Xilinx, Inc. All Rights Reserved.
Running: E:/software/work/xilinx/Vivado/2018.3/bin/unwrapped/win64.o/xelab.exe -wto fd2de7ef685a4cf8990b161ba8113861 --incr --debug typical --relax --mt 2 -L xil_defaultlib -L secureip --snapshot divider_origin_tb_behav xil_defaultlib.divider_origin_tb -log elaborate.log 
Using 2 slave threads.
Starting static elaboration
Completed static elaboration
Starting simulation data flow analysis
Completed simulation data flow analysis
Time Resolution for simulation is 1ps
Compiling package std.standard
Compiling package std.textio
Compiling package ieee.std_logic_1164
Compiling package ieee.std_logic_arith
Compiling package ieee.std_logic_unsigned
Compiling architecture behavioral of entity xil_defaultlib.divider_origin_ctrl [divider_origin_ctrl_default]
Compiling architecture behavioral of entity xil_defaultlib.divider_origin_16bitreg [divider_origin_16bitreg_default]
Compiling architecture behavioral of entity xil_defaultlib.divider_origin_selector [divider_origin_selector_default]
Compiling architecture behavioral of entity xil_defaultlib.divider_origin_8bitadder [divider_origin_8bitadder_default]
Compiling architecture behavioral of entity xil_defaultlib.divider_origin [divider_origin_default]
Compiling architecture behavioral of entity xil_defaultlib.divider_origin_tb
Built simulation snapshot divider_origin_tb_behav
