#-----------------------------------------------------------
# Vivado v2018.3 (64-bit)
# SW Build 2405991 on Thu Dec  6 23:38:27 MST 2018
# IP Build 2404404 on Fri Dec  7 01:43:56 MST 2018
# Start of session at: Sat Apr 30 18:33:31 2022
# Process ID: 12012
# Current directory: C:/Users/Administrator/Desktop/p3
# Command line: vivado.exe -gui_launcher_event rodinguilauncherevent12144 C:\Users\Administrator\Desktop\p3\p3.xpr
# Log file: C:/Users/Administrator/Desktop/p3/vivado.log
# Journal file: C:/Users/Administrator/Desktop/p3\vivado.jou
#-----------------------------------------------------------
start_gui
open_project C:/Users/Administrator/Desktop/p3/p3.xpr
INFO: [Project 1-313] Project file moved from 'E:/test/p3' since last save.
Scanning sources...
Finished scanning sources
INFO: [IP_Flow 19-234] Refreshing IP repositories
INFO: [IP_Flow 19-1704] No user IP repositories specified
INFO: [IP_Flow 19-2313] Loaded Vivado IP repository 'C:/Xilinx/Vivado/2018.3/data/ip'.
update_compile_order -fileset sources_1
reset_run synth_1
launch_runs synth_1 -jobs 3
[Sat Apr 30 18:33:56 2022] Launched synth_1...
Run output will be captured here: C:/Users/Administrator/Desktop/p3/p3.runs/synth_1/runme.log
launch_runs impl_1 -jobs 3
[Sat Apr 30 18:34:38 2022] Launched impl_1...
Run output will be captured here: C:/Users/Administrator/Desktop/p3/p3.runs/impl_1/runme.log
launch_runs impl_1 -to_step write_bitstream -jobs 3
[Sat Apr 30 18:35:37 2022] Launched impl_1...
Run output will be captured here: C:/Users/Administrator/Desktop/p3/p3.runs/impl_1/runme.log
open_hw
connect_hw_server
INFO: [Labtools 27-2285] Connecting to hw_server url TCP:localhost:3121
INFO: [Labtools 27-2222] Launching hw_server...
INFO: [Labtools 27-2221] Launch Output:

****** Xilinx hw_server v2018.3
  **** Build date : Dec  7 2018-00:40:27
    ** Copyright 1986-2018 Xilinx, Inc. All Rights Reserved.


open_hw_target
INFO: [Labtoolstcl 44-466] Opening hw_target localhost:3121/xilinx_tcf/Digilent/210203367162A
set_property PROGRAM.FILE {C:/Users/Administrator/Desktop/p3/p3.runs/impl_1/adder.bit} [get_hw_devices xc7k160t_0]
current_hw_device [get_hw_devices xc7k160t_0]
refresh_hw_device -update_hw_probes false [lindex [get_hw_devices xc7k160t_0] 0]
INFO: [Labtools 27-1434] Device xc7k160t (JTAG device index = 0) is programmed with a design that has no supported debug core(s) in it.
set_property PROBES.FILE {} [get_hw_devices xc7k160t_0]
set_property FULL_PROBES.FILE {} [get_hw_devices xc7k160t_0]
set_property PROGRAM.FILE {C:/Users/Administrator/Desktop/p3/p3.runs/impl_1/adder.bit} [get_hw_devices xc7k160t_0]
program_hw_devices [get_hw_devices xc7k160t_0]
INFO: [Labtools 27-3164] End of startup status: HIGH
refresh_hw_device [lindex [get_hw_devices xc7k160t_0] 0]
INFO: [Labtools 27-1434] Device xc7k160t (JTAG device index = 0) is programmed with a design that has no supported debug core(s) in it.
close_hw
reset_run synth_1
launch_runs impl_1 -jobs 3
[Sat Apr 30 18:38:26 2022] Launched synth_1...
Run output will be captured here: C:/Users/Administrator/Desktop/p3/p3.runs/synth_1/runme.log
[Sat Apr 30 18:38:26 2022] Launched impl_1...
Run output will be captured here: C:/Users/Administrator/Desktop/p3/p3.runs/impl_1/runme.log
launch_runs impl_1 -to_step write_bitstream -jobs 3
[Sat Apr 30 18:39:44 2022] Launched impl_1...
Run output will be captured here: C:/Users/Administrator/Desktop/p3/p3.runs/impl_1/runme.log
open_hw
connect_hw_server
INFO: [Labtools 27-2285] Connecting to hw_server url TCP:localhost:3121
INFO: [Labtools 27-2222] Launching hw_server...
INFO: [Labtools 27-2221] Launch Output:

****** Xilinx hw_server v2018.3
  **** Build date : Dec  7 2018-00:40:27
    ** Copyright 1986-2018 Xilinx, Inc. All Rights Reserved.


open_hw_target
INFO: [Labtoolstcl 44-466] Opening hw_target localhost:3121/xilinx_tcf/Digilent/210203367162A
set_property PROGRAM.FILE {C:/Users/Administrator/Desktop/p3/p3.runs/impl_1/adder.bit} [get_hw_devices xc7k160t_0]
current_hw_device [get_hw_devices xc7k160t_0]
refresh_hw_device -update_hw_probes false [lindex [get_hw_devices xc7k160t_0] 0]
INFO: [Labtools 27-1434] Device xc7k160t (JTAG device index = 0) is programmed with a design that has no supported debug core(s) in it.
set_property PROBES.FILE {} [get_hw_devices xc7k160t_0]
set_property FULL_PROBES.FILE {} [get_hw_devices xc7k160t_0]
set_property PROGRAM.FILE {C:/Users/Administrator/Desktop/p3/p3.runs/impl_1/adder.bit} [get_hw_devices xc7k160t_0]
program_hw_devices [get_hw_devices xc7k160t_0]
INFO: [Labtools 27-3164] End of startup status: HIGH
refresh_hw_device [lindex [get_hw_devices xc7k160t_0] 0]
INFO: [Labtools 27-1434] Device xc7k160t (JTAG device index = 0) is programmed with a design that has no supported debug core(s) in it.
exit
INFO: [Common 17-206] Exiting Vivado at Sat Apr 30 18:41:33 2022...
