#-----------------------------------------------------------
# Vivado v2018.3 (64-bit)
# SW Build 2405991 on Thu Dec  6 23:38:27 MST 2018
# IP Build 2404404 on Fri Dec  7 01:43:56 MST 2018
# Start of session at: Sun Dec 11 19:47:46 2022
# Process ID: 8304
# Current directory: C:/Users/Administrator/Desktop/ARRAYMUL
# Command line: vivado.exe -gui_launcher_event rodinguilauncherevent9288 C:\Users\Administrator\Desktop\ARRAYMUL\ARRAYMUL.xpr
# Log file: C:/Users/Administrator/Desktop/ARRAYMUL/vivado.log
# Journal file: C:/Users/Administrator/Desktop/ARRAYMUL\vivado.jou
#-----------------------------------------------------------
start_gui
open_project C:/Users/Administrator/Desktop/ARRAYMUL/ARRAYMUL.xpr
INFO: [Project 1-313] Project file moved from 'C:/Users/Administrator/Desktop/SOC_trial/ARRAYMUL' since last save.
Scanning sources...
Finished scanning sources
INFO: [IP_Flow 19-234] Refreshing IP repositories
INFO: [IP_Flow 19-1704] No user IP repositories specified
INFO: [IP_Flow 19-2313] Loaded Vivado IP repository 'C:/Xilinx/Vivado/2018.3/data/ip'.
open_project: Time (s): cpu = 00:00:12 ; elapsed = 00:00:05 . Memory (MB): peak = 718.227 ; gain = 123.555
exit
INFO: [Common 17-206] Exiting Vivado at Sun Dec 11 19:48:09 2022...
