#-----------------------------------------------------------
# Vivado v2018.3 (64-bit)
# SW Build 2405991 on Thu Dec  6 23:38:27 MST 2018
# IP Build 2404404 on Fri Dec  7 01:43:56 MST 2018
# Start of session at: Sat Apr 30 18:22:42 2022
# Process ID: 14208
# Current directory: F:/SOC实验/ARRAYMUL
# Command line: vivado.exe -gui_launcher_event rodinguilauncherevent14240 F:\SOC实验\ARRAYMUL\ARRAYMUL.xpr
# Log file: F:/SOC实验/ARRAYMUL/vivado.log
# Journal file: F:/SOC实验/ARRAYMUL\vivado.jou
#-----------------------------------------------------------
start_gui
open_project F:/SOC实验/ARRAYMUL/ARRAYMUL.xpr
INFO: [Project 1-313] Project file moved from 'C:/Users/Administrator/Desktop/SOC_trial/ARRAYMUL' since last save.
Scanning sources...
Finished scanning sources
INFO: [IP_Flow 19-234] Refreshing IP repositories
INFO: [IP_Flow 19-1704] No user IP repositories specified
INFO: [IP_Flow 19-2313] Loaded Vivado IP repository 'C:/Xilinx/Vivado/2018.3/data/ip'.
update_compile_order -fileset sources_1
open_hw
connect_hw_server
INFO: [Labtools 27-2285] Connecting to hw_server url TCP:localhost:3121
INFO: [Labtools 27-2222] Launching hw_server...
INFO: [Labtools 27-2221] Launch Output:

****** Xilinx hw_server v2018.3
  **** Build date : Dec  7 2018-00:40:27
    ** Copyright 1986-2018 Xilinx, Inc. All Rights Reserved.


open_hw_target
INFO: [Labtoolstcl 44-466] Opening hw_target localhost:3121/xilinx_tcf/Digilent/210203367162A
set_property PROGRAM.FILE {F:/SOC实验/ARRAYMUL/ARRAYMUL.runs/impl_1/array_multiplier_seg.bit} [get_hw_devices xc7k160t_0]
current_hw_device [get_hw_devices xc7k160t_0]
refresh_hw_device -update_hw_probes false [lindex [get_hw_devices xc7k160t_0] 0]
INFO: [Labtools 27-1434] Device xc7k160t (JTAG device index = 0) is programmed with a design that has no supported debug core(s) in it.
